﻿d:\hackethon\venv\Scripts\python.exe : The image processor of type `ViTImageProcessor` is now loaded as a fast processor by default, 
even if the model checkpoint was saved with a slow processor. This is a breaking change and may produce slightly different outputs. To 
continue using the slow processor, instantiate this class with `use_fast=False`. 
At line:1 char:1
+ d:\hackethon\venv\Scripts\python.exe test_model_behavior.py > test_ou ...
+ ~~~~~~~~~~~~~~~~~~~~~~~~~~~~~~~~~~~~~~~~~~~~~~~~~~~~~~~~~~~~~~~~~~~~~
    + CategoryInfo          : NotSpecified: (The image proce...e_fast=False`. :String) [], RemoteException
    + FullyQualifiedErrorId : NativeCommandError
 
Warning: You are sending unauthenticated requests to the HF Hub. Please set a HF_TOKEN to enable higher rate limits and faster 
downloads.
Loading model...

Loading weights:   0%|          | 0/449 [00:00<?, ?it/s]
Loading weights:   0%|          | 1/449 [00:00<?, ?it/s, Materializing param=classifier.bias]
Loading weights:   0%|          | 1/449 [00:00<?, ?it/s, Materializing param=classifier.bias]
Loading weights:   0%|          | 2/449 [00:00<00:00, 1682.10it/s, Materializing param=classifier.weight]
Loading weights:   0%|          | 2/449 [00:00<00:00, 1682.10it/s, Materializing param=classifier.weight]
Loading weights:   1%|          | 3/449 [00:00<00:00, 2523.14it/s, Materializing param=swin.embeddings.norm.bias]
Loading weights:   1%|          | 3/449 [00:00<00:00, 2523.14it/s, Materializing param=swin.embeddings.norm.bias]
Loading weights:   1%|          | 4/449 [00:00<00:00, 3364.19it/s, Materializing param=swin.embeddings.norm.weight]
Loading weights:   1%|          | 4/449 [00:00<00:00, 993.03it/s, Materializing param=swin.embeddings.norm.weight] 
Loading weights:   1%|1         | 5/449 [00:00<00:00, 1029.33it/s, Materializing param=swin.embeddings.patch_embeddings.projection.bias]
Loading weights:   1%|1         | 5/449 [00:00<00:00, 1029.33it/s, Materializing param=swin.embeddings.patch_embeddings.projection.bias]
Loading weights:   1%|1         | 6/449 [00:00<00:00, 1235.19it/s, Materializing 
param=swin.embeddings.patch_embeddings.projection.weight]
Loading weights:   1%|1         | 6/449 [00:00<00:00, 1235.19it/s, Materializing 
param=swin.embeddings.patch_embeddings.projection.weight]
Loading weights:   2%|1         | 7/449 [00:00<00:00, 1441.06it/s, Materializing 
param=swin.encoder.layers.0.blocks.0.attention.output.dense.bias]
Loading weights:   2%|1         | 7/449 [00:00<00:00, 1441.06it/s, Materializing 
param=swin.encoder.layers.0.blocks.0.attention.output.dense.bias]
Loading weights:   2%|1         | 8/449 [00:00<00:00, 1646.92it/s, Materializing 
param=swin.encoder.layers.0.blocks.0.attention.output.dense.weight]
Loading weights:   2%|1         | 8/449 [00:00<00:00, 1646.92it/s, Materializing 
param=swin.encoder.layers.0.blocks.0.attention.output.dense.weight]
Loading weights:   2%|2         | 9/449 [00:00<00:00, 1852.79it/s, Materializing 
param=swin.encoder.layers.0.blocks.0.attention.self.key.bias]      
Loading weights:   2%|2         | 9/449 [00:00<00:00, 1852.79it/s, Materializing 
param=swin.encoder.layers.0.blocks.0.attention.self.key.bias]
Loading weights:   2%|2         | 10/449 [00:00<00:00, 2058.66it/s, Materializing 
param=swin.encoder.layers.0.blocks.0.attention.self.key.weight]
Loading weights:   2%|2         | 10/449 [00:00<00:00, 2058.66it/s, Materializing 
param=swin.encoder.layers.0.blocks.0.attention.self.key.weight]
Loading weights:   2%|2         | 11/449 [00:00<00:00, 2264.52it/s, Materializing 
param=swin.encoder.layers.0.blocks.0.attention.self.query.bias]
Loading weights:   2%|2         | 11/449 [00:00<00:00, 2264.52it/s, Materializing 
param=swin.encoder.layers.0.blocks.0.attention.self.query.bias]
Loading weights:   3%|2         | 12/449 [00:00<00:00, 2470.39it/s, Materializing 
param=swin.encoder.layers.0.blocks.0.attention.self.query.weight]
Loading weights:   3%|2         | 12/449 [00:00<00:00, 2470.39it/s, Materializing 
param=swin.encoder.layers.0.blocks.0.attention.self.query.weight]
Loading weights:   3%|2         | 13/449 [00:00<00:00, 2676.25it/s, Materializing 
param=swin.encoder.layers.0.blocks.0.attention.self.relative_position_bias_table]
Loading weights:   3%|2         | 13/449 [00:00<00:00, 2676.25it/s, Materializing 
param=swin.encoder.layers.0.blocks.0.attention.self.relative_position_bias_table]
Loading weights:   3%|3         | 14/449 [00:00<00:00, 2882.12it/s, Materializing 
param=swin.encoder.layers.0.blocks.0.attention.self.relative_position_index]     
Loading weights:   3%|3         | 14/449 [00:00<00:00, 2882.12it/s, Materializing 
param=swin.encoder.layers.0.blocks.0.attention.self.relative_position_index]
Loading weights:   3%|3         | 15/449 [00:00<00:00, 3087.98it/s, Materializing 
param=swin.encoder.layers.0.blocks.0.attention.self.value.bias]             
Loading weights:   3%|3         | 15/449 [00:00<00:00, 3087.98it/s, Materializing 
param=swin.encoder.layers.0.blocks.0.attention.self.value.bias]
Loading weights:   4%|3         | 16/449 [00:00<00:00, 3293.85it/s, Materializing 
param=swin.encoder.layers.0.blocks.0.attention.self.value.weight]
Loading weights:   4%|3         | 16/449 [00:00<00:00, 3293.85it/s, Materializing 
param=swin.encoder.layers.0.blocks.0.attention.self.value.weight]
Loading weights:   4%|3         | 17/449 [00:00<00:00, 3499.71it/s, Materializing 
param=swin.encoder.layers.0.blocks.0.intermediate.dense.bias]    
Loading weights:   4%|3         | 17/449 [00:00<00:00, 3499.71it/s, Materializing 
param=swin.encoder.layers.0.blocks.0.intermediate.dense.bias]
Loading weights:   4%|4         | 18/449 [00:00<00:00, 3705.58it/s, Materializing 
param=swin.encoder.layers.0.blocks.0.intermediate.dense.weight]
Loading weights:   4%|4         | 18/449 [00:00<00:00, 1210.03it/s, Materializing 
param=swin.encoder.layers.0.blocks.0.intermediate.dense.weight]
Loading weights:   4%|4         | 19/449 [00:00<00:00, 1277.26it/s, Materializing 
param=swin.encoder.layers.0.blocks.0.layernorm_after.bias]     
Loading weights:   4%|4         | 19/449 [00:00<00:00, 1277.26it/s, Materializing 
param=swin.encoder.layers.0.blocks.0.layernorm_after.bias]
Loading weights:   4%|4         | 20/449 [00:00<00:00, 1258.89it/s, Materializing 
param=swin.encoder.layers.0.blocks.0.layernorm_after.weight]
Loading weights:   4%|4         | 20/449 [00:00<00:00, 1258.89it/s, Materializing 
param=swin.encoder.layers.0.blocks.0.layernorm_after.weight]
Loading weights:   5%|4         | 21/449 [00:00<00:00, 1321.83it/s, Materializing 
param=swin.encoder.layers.0.blocks.0.layernorm_before.bias] 
Loading weights:   5%|4         | 21/449 [00:00<00:00, 1321.83it/s, Materializing 
param=swin.encoder.layers.0.blocks.0.layernorm_before.bias]
Loading weights:   5%|4         | 22/449 [00:00<00:00, 1384.78it/s, Materializing 
param=swin.encoder.layers.0.blocks.0.layernorm_before.weight]
Loading weights:   5%|4         | 22/449 [00:00<00:00, 1384.78it/s, Materializing 
param=swin.encoder.layers.0.blocks.0.layernorm_before.weight]
Loading weights:   5%|5         | 23/449 [00:00<00:00, 1447.72it/s, Materializing 
param=swin.encoder.layers.0.blocks.0.output.dense.bias]      
Loading weights:   5%|5         | 23/449 [00:00<00:00, 1447.72it/s, Materializing 
param=swin.encoder.layers.0.blocks.0.output.dense.bias]
Loading weights:   5%|5         | 24/449 [00:00<00:00, 1510.67it/s, Materializing 
param=swin.encoder.layers.0.blocks.0.output.dense.weight]
Loading weights:   5%|5         | 24/449 [00:00<00:00, 1510.67it/s, Materializing 
param=swin.encoder.layers.0.blocks.0.output.dense.weight]
Loading weights:   6%|5         | 25/449 [00:00<00:00, 1573.61it/s, Materializing 
param=swin.encoder.layers.0.blocks.1.attention.output.dense.bias]
Loading weights:   6%|5         | 25/449 [00:00<00:00, 1573.61it/s, Materializing 
param=swin.encoder.layers.0.blocks.1.attention.output.dense.bias]
Loading weights:   6%|5         | 26/449 [00:00<00:00, 1636.56it/s, Materializing 
param=swin.encoder.layers.0.blocks.1.attention.output.dense.weight]
Loading weights:   6%|5         | 26/449 [00:00<00:00, 1636.56it/s, Materializing 
param=swin.encoder.layers.0.blocks.1.attention.output.dense.weight]
Loading weights:   6%|6         | 27/449 [00:00<00:00, 1699.50it/s, Materializing 
param=swin.encoder.layers.0.blocks.1.attention.self.key.bias]      
Loading weights:   6%|6         | 27/449 [00:00<00:00, 1699.50it/s, Materializing 
param=swin.encoder.layers.0.blocks.1.attention.self.key.bias]
Loading weights:   6%|6         | 28/449 [00:00<00:00, 1353.73it/s, Materializing 
param=swin.encoder.layers.0.blocks.1.attention.self.key.weight]
Loading weights:   6%|6         | 28/449 [00:00<00:00, 1353.73it/s, Materializing 
param=swin.encoder.layers.0.blocks.1.attention.self.key.weight]
Loading weights:   6%|6         | 29/449 [00:00<00:00, 1402.08it/s, Materializing 
param=swin.encoder.layers.0.blocks.1.attention.self.query.bias]
Loading weights:   6%|6         | 29/449 [00:00<00:00, 1402.08it/s, Materializing 
param=swin.encoder.layers.0.blocks.1.attention.self.query.bias]
Loading weights:   7%|6         | 30/449 [00:00<00:00, 1450.43it/s, Materializing 
param=swin.encoder.layers.0.blocks.1.attention.self.query.weight]
Loading weights:   7%|6         | 30/449 [00:00<00:00, 1351.33it/s, Materializing 
param=swin.encoder.layers.0.blocks.1.attention.self.query.weight]
Loading weights:   7%|6         | 31/449 [00:00<00:00, 1396.37it/s, Materializing 
param=swin.encoder.layers.0.blocks.1.attention.self.relative_position_bias_table]
Loading weights:   7%|6         | 31/449 [00:00<00:00, 1396.37it/s, Materializing 
param=swin.encoder.layers.0.blocks.1.attention.self.relative_position_bias_table]
Loading weights:   7%|7         | 32/449 [00:00<00:00, 1441.42it/s, Materializing 
param=swin.encoder.layers.0.blocks.1.attention.self.relative_position_index]     
Loading weights:   7%|7         | 32/449 [00:00<00:00, 1441.42it/s, Materializing 
param=swin.encoder.layers.0.blocks.1.attention.self.relative_position_index]
Loading weights:   7%|7         | 33/449 [00:00<00:00, 1486.46it/s, Materializing 
param=swin.encoder.layers.0.blocks.1.attention.self.value.bias]             
Loading weights:   7%|7         | 33/449 [00:00<00:00, 1486.46it/s, Materializing 
param=swin.encoder.layers.0.blocks.1.attention.self.value.bias]
Loading weights:   8%|7         | 34/449 [00:00<00:00, 1404.24it/s, Materializing 
param=swin.encoder.layers.0.blocks.1.attention.self.value.weight]
Loading weights:   8%|7         | 34/449 [00:00<00:00, 1404.24it/s, Materializing 
param=swin.encoder.layers.0.blocks.1.attention.self.value.weight]
Loading weights:   8%|7         | 35/449 [00:00<00:00, 1445.54it/s, Materializing 
param=swin.encoder.layers.0.blocks.1.intermediate.dense.bias]    
Loading weights:   8%|7         | 35/449 [00:00<00:00, 1383.78it/s, Materializing 
param=swin.encoder.layers.0.blocks.1.intermediate.dense.bias]
Loading weights:   8%|8         | 36/449 [00:00<00:00, 1423.31it/s, Materializing 
param=swin.encoder.layers.0.blocks.1.intermediate.dense.weight]
Loading weights:   8%|8         | 36/449 [00:00<00:00, 1423.31it/s, Materializing 
param=swin.encoder.layers.0.blocks.1.intermediate.dense.weight]
Loading weights:   8%|8         | 37/449 [00:00<00:00, 1462.85it/s, Materializing 
param=swin.encoder.layers.0.blocks.1.layernorm_after.bias]     
Loading weights:   8%|8         | 37/449 [00:00<00:00, 1462.85it/s, Materializing 
param=swin.encoder.layers.0.blocks.1.layernorm_after.bias]
Loading weights:   8%|8         | 38/449 [00:00<00:00, 1502.39it/s, Materializing 
param=swin.encoder.layers.0.blocks.1.layernorm_after.weight]
Loading weights:   8%|8         | 38/449 [00:00<00:00, 1502.39it/s, Materializing 
param=swin.encoder.layers.0.blocks.1.layernorm_after.weight]
Loading weights:   9%|8         | 39/449 [00:00<00:00, 1541.92it/s, Materializing 
param=swin.encoder.layers.0.blocks.1.layernorm_before.bias] 
Loading weights:   9%|8         | 39/449 [00:00<00:00, 1541.92it/s, Materializing 
param=swin.encoder.layers.0.blocks.1.layernorm_before.bias]
Loading weights:   9%|8         | 40/449 [00:00<00:00, 1581.46it/s, Materializing 
param=swin.encoder.layers.0.blocks.1.layernorm_before.weight]
Loading weights:   9%|8         | 40/449 [00:00<00:00, 1581.46it/s, Materializing 
param=swin.encoder.layers.0.blocks.1.layernorm_before.weight]
Loading weights:   9%|9         | 41/449 [00:00<00:00, 1620.99it/s, Materializing 
param=swin.encoder.layers.0.blocks.1.output.dense.bias]      
Loading weights:   9%|9         | 41/449 [00:00<00:00, 1620.99it/s, Materializing 
param=swin.encoder.layers.0.blocks.1.output.dense.bias]
Loading weights:   9%|9         | 42/449 [00:00<00:00, 1660.53it/s, Materializing 
param=swin.encoder.layers.0.blocks.1.output.dense.weight]
Loading weights:   9%|9         | 42/449 [00:00<00:00, 1660.53it/s, Materializing 
param=swin.encoder.layers.0.blocks.1.output.dense.weight]
Loading weights:  10%|9         | 43/449 [00:00<00:00, 1700.07it/s, Materializing param=swin.encoder.layers.0.downsample.norm.bias]     
   
Loading weights:  10%|9         | 43/449 [00:00<00:00, 1700.07it/s, Materializing param=swin.encoder.layers.0.downsample.norm.bias]
Loading weights:  10%|9         | 44/449 [00:00<00:00, 1739.60it/s, Materializing param=swin.encoder.layers.0.downsample.norm.weight]
Loading weights:  10%|9         | 44/449 [00:00<00:00, 1739.60it/s, Materializing param=swin.encoder.layers.0.downsample.norm.weight]
Loading weights:  10%|#         | 45/449 [00:00<00:00, 1779.14it/s, Materializing 
param=swin.encoder.layers.0.downsample.reduction.weight]
Loading weights:  10%|#         | 45/449 [00:00<00:00, 1779.14it/s, Materializing 
param=swin.encoder.layers.0.downsample.reduction.weight]
Loading weights:  10%|#         | 46/449 [00:00<00:00, 1818.68it/s, Materializing 
param=swin.encoder.layers.1.blocks.0.attention.output.dense.bias]
Loading weights:  10%|#         | 46/449 [00:00<00:00, 1818.68it/s, Materializing 
param=swin.encoder.layers.1.blocks.0.attention.output.dense.bias]
Loading weights:  10%|#         | 47/449 [00:00<00:00, 1454.65it/s, Materializing 
param=swin.encoder.layers.1.blocks.0.attention.output.dense.weight]
Loading weights:  10%|#         | 47/449 [00:00<00:00, 1454.65it/s, Materializing 
param=swin.encoder.layers.1.blocks.0.attention.output.dense.weight]
Loading weights:  11%|#         | 48/449 [00:00<00:00, 1430.00it/s, Materializing 
param=swin.encoder.layers.1.blocks.0.attention.self.key.bias]      
Loading weights:  11%|#         | 48/449 [00:00<00:00, 1430.00it/s, Materializing 
param=swin.encoder.layers.1.blocks.0.attention.self.key.bias]
Loading weights:  11%|#         | 49/449 [00:00<00:00, 1459.79it/s, Materializing 
param=swin.encoder.layers.1.blocks.0.attention.self.key.weight]
Loading weights:  11%|#         | 49/449 [00:00<00:00, 907.48it/s, Materializing 
param=swin.encoder.layers.1.blocks.0.attention.self.key.weight] 
Loading weights:  11%|#1        | 50/449 [00:00<00:00, 862.44it/s, Materializing 
param=swin.encoder.layers.1.blocks.0.attention.self.query.bias]
Loading weights:  11%|#1        | 50/449 [00:00<00:00, 862.44it/s, Materializing 
param=swin.encoder.layers.1.blocks.0.attention.self.query.bias]
Loading weights:  11%|#1        | 51/449 [00:00<00:00, 879.69it/s, Materializing 
param=swin.encoder.layers.1.blocks.0.attention.self.query.weight]
Loading weights:  11%|#1        | 51/449 [00:00<00:00, 879.69it/s, Materializing 
param=swin.encoder.layers.1.blocks.0.attention.self.query.weight]
Loading weights:  12%|#1        | 52/449 [00:00<00:00, 896.94it/s, Materializing 
param=swin.encoder.layers.1.blocks.0.attention.self.relative_position_bias_table]
Loading weights:  12%|#1        | 52/449 [00:00<00:00, 896.94it/s, Materializing 
param=swin.encoder.layers.1.blocks.0.attention.self.relative_position_bias_table]
Loading weights:  12%|#1        | 53/449 [00:00<00:00, 914.19it/s, Materializing 
param=swin.encoder.layers.1.blocks.0.attention.self.relative_position_index]     
Loading weights:  12%|#1        | 53/449 [00:00<00:00, 848.16it/s, Materializing 
param=swin.encoder.layers.1.blocks.0.attention.self.relative_position_index]
Loading weights:  12%|#2        | 54/449 [00:00<00:00, 864.16it/s, Materializing 
param=swin.encoder.layers.1.blocks.0.attention.self.value.bias]             
Loading weights:  12%|#2        | 54/449 [00:00<00:00, 864.16it/s, Materializing 
param=swin.encoder.layers.1.blocks.0.attention.self.value.bias]
Loading weights:  12%|#2        | 55/449 [00:00<00:00, 880.17it/s, Materializing 
param=swin.encoder.layers.1.blocks.0.attention.self.value.weight]
Loading weights:  12%|#2        | 55/449 [00:00<00:00, 854.41it/s, Materializing 
param=swin.encoder.layers.1.blocks.0.attention.self.value.weight]
Loading weights:  12%|#2        | 56/449 [00:00<00:00, 869.95it/s, Materializing 
param=swin.encoder.layers.1.blocks.0.intermediate.dense.bias]    
Loading weights:  12%|#2        | 56/449 [00:00<00:00, 869.95it/s, Materializing 
param=swin.encoder.layers.1.blocks.0.intermediate.dense.bias]
Loading weights:  13%|#2        | 57/449 [00:00<00:00, 885.48it/s, Materializing 
param=swin.encoder.layers.1.blocks.0.intermediate.dense.weight]
Loading weights:  13%|#2        | 57/449 [00:00<00:00, 885.48it/s, Materializing 
param=swin.encoder.layers.1.blocks.0.intermediate.dense.weight]
Loading weights:  13%|#2        | 58/449 [00:00<00:00, 877.80it/s, Materializing 
param=swin.encoder.layers.1.blocks.0.layernorm_after.bias]     
Loading weights:  13%|#2        | 58/449 [00:00<00:00, 877.80it/s, Materializing 
param=swin.encoder.layers.1.blocks.0.layernorm_after.bias]
Loading weights:  13%|#3        | 59/449 [00:00<00:00, 892.93it/s, Materializing 
param=swin.encoder.layers.1.blocks.0.layernorm_after.weight]
Loading weights:  13%|#3        | 59/449 [00:00<00:00, 892.93it/s, Materializing 
param=swin.encoder.layers.1.blocks.0.layernorm_after.weight]
Loading weights:  13%|#3        | 60/449 [00:00<00:00, 880.22it/s, Materializing 
param=swin.encoder.layers.1.blocks.0.layernorm_before.bias] 
Loading weights:  13%|#3        | 60/449 [00:00<00:00, 880.22it/s, Materializing 
param=swin.encoder.layers.1.blocks.0.layernorm_before.bias]
Loading weights:  14%|#3        | 61/449 [00:00<00:00, 894.89it/s, Materializing 
param=swin.encoder.layers.1.blocks.0.layernorm_before.weight]
Loading weights:  14%|#3        | 61/449 [00:00<00:00, 894.89it/s, Materializing 
param=swin.encoder.layers.1.blocks.0.layernorm_before.weight]
Loading weights:  14%|#3        | 62/449 [00:00<00:00, 896.26it/s, Materializing 
param=swin.encoder.layers.1.blocks.0.output.dense.bias]      
Loading weights:  14%|#3        | 62/449 [00:00<00:00, 896.26it/s, Materializing param=swin.encoder.layers.1.blocks.0.output.dense.bias]
Loading weights:  14%|#4        | 63/449 [00:00<00:00, 910.71it/s, Materializing 
param=swin.encoder.layers.1.blocks.0.output.dense.weight]
Loading weights:  14%|#4        | 63/449 [00:00<00:00, 910.71it/s, Materializing 
param=swin.encoder.layers.1.blocks.0.output.dense.weight]
Loading weights:  14%|#4        | 64/449 [00:00<00:00, 905.40it/s, Materializing 
param=swin.encoder.layers.1.blocks.1.attention.output.dense.bias]
Loading weights:  14%|#4        | 64/449 [00:00<00:00, 901.41it/s, Materializing 
param=swin.encoder.layers.1.blocks.1.attention.output.dense.bias]
Loading weights:  14%|#4        | 65/449 [00:00<00:00, 915.50it/s, Materializing 
param=swin.encoder.layers.1.blocks.1.attention.output.dense.weight]
Loading weights:  14%|#4        | 65/449 [00:00<00:00, 915.50it/s, Materializing 
param=swin.encoder.layers.1.blocks.1.attention.output.dense.weight]
Loading weights:  15%|#4        | 66/449 [00:00<00:00, 914.12it/s, Materializing 
param=swin.encoder.layers.1.blocks.1.attention.self.key.bias]      
Loading weights:  15%|#4        | 66/449 [00:00<00:00, 914.12it/s, Materializing 
param=swin.encoder.layers.1.blocks.1.attention.self.key.bias]
Loading weights:  15%|#4        | 67/449 [00:00<00:00, 927.97it/s, Materializing 
param=swin.encoder.layers.1.blocks.1.attention.self.key.weight]
Loading weights:  15%|#4        | 67/449 [00:00<00:00, 927.97it/s, Materializing 
param=swin.encoder.layers.1.blocks.1.attention.self.key.weight]
Loading weights:  15%|#5        | 68/449 [00:00<00:00, 941.82it/s, Materializing 
param=swin.encoder.layers.1.blocks.1.attention.self.query.bias]
Loading weights:  15%|#5        | 68/449 [00:00<00:00, 941.82it/s, Materializing 
param=swin.encoder.layers.1.blocks.1.attention.self.query.bias]
Loading weights:  15%|#5        | 69/449 [00:00<00:00, 955.67it/s, Materializing 
param=swin.encoder.layers.1.blocks.1.attention.self.query.weight]
Loading weights:  15%|#5        | 69/449 [00:00<00:00, 955.67it/s, Materializing 
param=swin.encoder.layers.1.blocks.1.attention.self.query.weight]
Loading weights:  16%|#5        | 70/449 [00:00<00:00, 894.95it/s, Materializing 
param=swin.encoder.layers.1.blocks.1.attention.self.relative_position_bias_table]
Loading weights:  16%|#5        | 70/449 [00:00<00:00, 894.95it/s, Materializing 
param=swin.encoder.layers.1.blocks.1.attention.self.relative_position_bias_table]
Loading weights:  16%|#5        | 71/449 [00:00<00:00, 837.88it/s, Materializing 
param=swin.encoder.layers.1.blocks.1.attention.self.relative_position_index]     
Loading weights:  16%|#5        | 71/449 [00:00<00:00, 827.54it/s, Materializing 
param=swin.encoder.layers.1.blocks.1.attention.self.relative_position_index]
Loading weights:  16%|#6        | 72/449 [00:00<00:00, 824.43it/s, Materializing 
param=swin.encoder.layers.1.blocks.1.attention.self.value.bias]             
Loading weights:  16%|#6        | 72/449 [00:00<00:00, 824.43it/s, Materializing 
param=swin.encoder.layers.1.blocks.1.attention.self.value.bias]
Loading weights:  16%|#6        | 73/449 [00:00<00:00, 835.88it/s, Materializing 
param=swin.encoder.layers.1.blocks.1.attention.self.value.weight]
Loading weights:  16%|#6        | 73/449 [00:00<00:00, 835.88it/s, Materializing 
param=swin.encoder.layers.1.blocks.1.attention.self.value.weight]
Loading weights:  16%|#6        | 74/449 [00:00<00:00, 847.33it/s, Materializing 
param=swin.encoder.layers.1.blocks.1.intermediate.dense.bias]    
Loading weights:  16%|#6        | 74/449 [00:00<00:00, 847.33it/s, Materializing 
param=swin.encoder.layers.1.blocks.1.intermediate.dense.bias]
Loading weights:  17%|#6        | 75/449 [00:00<00:00, 808.86it/s, Materializing 
param=swin.encoder.layers.1.blocks.1.intermediate.dense.weight]
Loading weights:  17%|#6        | 75/449 [00:00<00:00, 808.86it/s, Materializing 
param=swin.encoder.layers.1.blocks.1.intermediate.dense.weight]
Loading weights:  17%|#6        | 76/449 [00:00<00:00, 819.64it/s, Materializing 
param=swin.encoder.layers.1.blocks.1.layernorm_after.bias]     
Loading weights:  17%|#6        | 76/449 [00:00<00:00, 819.64it/s, Materializing 
param=swin.encoder.layers.1.blocks.1.layernorm_after.bias]
Loading weights:  17%|#7        | 77/449 [00:00<00:00, 804.27it/s, Materializing 
param=swin.encoder.layers.1.blocks.1.layernorm_after.weight]
Loading weights:  17%|#7        | 77/449 [00:00<00:00, 804.27it/s, Materializing 
param=swin.encoder.layers.1.blocks.1.layernorm_after.weight]
Loading weights:  17%|#7        | 78/449 [00:00<00:00, 799.55it/s, Materializing 
param=swin.encoder.layers.1.blocks.1.layernorm_before.bias] 
Loading weights:  17%|#7        | 78/449 [00:00<00:00, 799.55it/s, Materializing 
param=swin.encoder.layers.1.blocks.1.layernorm_before.bias]
Loading weights:  18%|#7        | 79/449 [00:00<00:00, 787.15it/s, Materializing 
param=swin.encoder.layers.1.blocks.1.layernorm_before.weight]
Loading weights:  18%|#7        | 79/449 [00:00<00:00, 767.72it/s, Materializing 
param=swin.encoder.layers.1.blocks.1.layernorm_before.weight]
Loading weights:  18%|#7        | 80/449 [00:00<00:00, 683.08it/s, Materializing 
param=swin.encoder.layers.1.blocks.1.layernorm_before.weight]
Loading weights:  18%|#7        | 80/449 [00:00<00:00, 683.08it/s, Materializing 
param=swin.encoder.layers.1.blocks.1.output.dense.bias]      
Loading weights:  18%|#7        | 80/449 [00:00<00:00, 683.08it/s, Materializing param=swin.encoder.layers.1.blocks.1.output.dense.bias]
Loading weights:  18%|#8        | 81/449 [00:00<00:00, 683.08it/s, Materializing 
param=swin.encoder.layers.1.blocks.1.output.dense.weight]
Loading weights:  18%|#8        | 81/449 [00:00<00:00, 683.08it/s, Materializing 
param=swin.encoder.layers.1.blocks.1.output.dense.weight]
Loading weights:  18%|#8        | 82/449 [00:00<00:00, 683.08it/s, Materializing param=swin.encoder.layers.1.downsample.norm.bias]      
  
Loading weights:  18%|#8        | 82/449 [00:00<00:00, 683.08it/s, Materializing param=swin.encoder.layers.1.downsample.norm.bias]
Loading weights:  18%|#8        | 83/449 [00:00<00:00, 683.08it/s, Materializing param=swin.encoder.layers.1.downsample.norm.weight]
Loading weights:  18%|#8        | 83/449 [00:00<00:00, 683.08it/s, Materializing param=swin.encoder.layers.1.downsample.norm.weight]
Loading weights:  19%|#8        | 84/449 [00:00<00:00, 683.08it/s, Materializing 
param=swin.encoder.layers.1.downsample.reduction.weight]
Loading weights:  19%|#8        | 84/449 [00:00<00:00, 683.08it/s, Materializing 
param=swin.encoder.layers.1.downsample.reduction.weight]
Loading weights:  19%|#8        | 85/449 [00:00<00:00, 683.08it/s, Materializing 
param=swin.encoder.layers.2.blocks.0.attention.output.dense.bias]
Loading weights:  19%|#8        | 85/449 [00:00<00:00, 683.08it/s, Materializing 
param=swin.encoder.layers.2.blocks.0.attention.output.dense.bias]
Loading weights:  19%|#9        | 86/449 [00:00<00:00, 683.08it/s, Materializing 
param=swin.encoder.layers.2.blocks.0.attention.output.dense.weight]
Loading weights:  19%|#9        | 86/449 [00:00<00:00, 683.08it/s, Materializing 
param=swin.encoder.layers.2.blocks.0.attention.output.dense.weight]
Loading weights:  19%|#9        | 87/449 [00:00<00:00, 683.08it/s, Materializing 
param=swin.encoder.layers.2.blocks.0.attention.self.key.bias]      
Loading weights:  19%|#9        | 87/449 [00:00<00:00, 683.08it/s, Materializing 
param=swin.encoder.layers.2.blocks.0.attention.self.key.bias]
Loading weights:  20%|#9        | 88/449 [00:00<00:00, 683.08it/s, Materializing 
param=swin.encoder.layers.2.blocks.0.attention.self.key.weight]
Loading weights:  20%|#9        | 88/449 [00:00<00:00, 683.08it/s, Materializing 
param=swin.encoder.layers.2.blocks.0.attention.self.key.weight]
Loading weights:  20%|#9        | 89/449 [00:00<00:00, 683.08it/s, Materializing 
param=swin.encoder.layers.2.blocks.0.attention.self.query.bias]
Loading weights:  20%|#9        | 89/449 [00:00<00:00, 683.08it/s, Materializing 
param=swin.encoder.layers.2.blocks.0.attention.self.query.bias]
Loading weights:  20%|##        | 90/449 [00:00<00:00, 683.08it/s, Materializing 
param=swin.encoder.layers.2.blocks.0.attention.self.query.weight]
Loading weights:  20%|##        | 90/449 [00:00<00:00, 683.08it/s, Materializing 
param=swin.encoder.layers.2.blocks.0.attention.self.query.weight]
Loading weights:  20%|##        | 91/449 [00:00<00:00, 683.08it/s, Materializing 
param=swin.encoder.layers.2.blocks.0.attention.self.relative_position_bias_table]
Loading weights:  20%|##        | 91/449 [00:00<00:00, 683.08it/s, Materializing 
param=swin.encoder.layers.2.blocks.0.attention.self.relative_position_bias_table]
Loading weights:  20%|##        | 92/449 [00:00<00:00, 683.08it/s, Materializing 
param=swin.encoder.layers.2.blocks.0.attention.self.relative_position_index]     
Loading weights:  20%|##        | 92/449 [00:00<00:00, 683.08it/s, Materializing 
param=swin.encoder.layers.2.blocks.0.attention.self.relative_position_index]
Loading weights:  21%|##        | 93/449 [00:00<00:00, 683.08it/s, Materializing 
param=swin.encoder.layers.2.blocks.0.attention.self.value.bias]             
Loading weights:  21%|##        | 93/449 [00:00<00:00, 683.08it/s, Materializing 
param=swin.encoder.layers.2.blocks.0.attention.self.value.bias]
Loading weights:  21%|##        | 94/449 [00:00<00:00, 683.08it/s, Materializing 
param=swin.encoder.layers.2.blocks.0.attention.self.value.weight]
Loading weights:  21%|##        | 94/449 [00:00<00:00, 683.08it/s, Materializing 
param=swin.encoder.layers.2.blocks.0.attention.self.value.weight]
Loading weights:  21%|##1       | 95/449 [00:00<00:00, 683.08it/s, Materializing 
param=swin.encoder.layers.2.blocks.0.intermediate.dense.bias]    
Loading weights:  21%|##1       | 95/449 [00:00<00:00, 683.08it/s, Materializing 
param=swin.encoder.layers.2.blocks.0.intermediate.dense.bias]
Loading weights:  21%|##1       | 96/449 [00:00<00:00, 683.08it/s, Materializing 
param=swin.encoder.layers.2.blocks.0.intermediate.dense.weight]
Loading weights:  21%|##1       | 96/449 [00:00<00:00, 683.08it/s, Materializing 
param=swin.encoder.layers.2.blocks.0.intermediate.dense.weight]
Loading weights:  22%|##1       | 97/449 [00:00<00:00, 683.08it/s, Materializing 
param=swin.encoder.layers.2.blocks.0.layernorm_after.bias]     
Loading weights:  22%|##1       | 97/449 [00:00<00:00, 683.08it/s, Materializing 
param=swin.encoder.layers.2.blocks.0.layernorm_after.bias]
Loading weights:  22%|##1       | 98/449 [00:00<00:00, 683.08it/s, Materializing 
param=swin.encoder.layers.2.blocks.0.layernorm_after.weight]
Loading weights:  22%|##1       | 98/449 [00:00<00:00, 683.08it/s, Materializing 
param=swin.encoder.layers.2.blocks.0.layernorm_after.weight]
Loading weights:  22%|##2       | 99/449 [00:00<00:00, 683.08it/s, Materializing 
param=swin.encoder.layers.2.blocks.0.layernorm_before.bias] 
Loading weights:  22%|##2       | 99/449 [00:00<00:00, 683.08it/s, Materializing 
param=swin.encoder.layers.2.blocks.0.layernorm_before.bias]
Loading weights:  22%|##2       | 100/449 [00:00<00:00, 683.08it/s, Materializing 
param=swin.encoder.layers.2.blocks.0.layernorm_before.weight]
Loading weights:  22%|##2       | 100/449 [00:00<00:00, 683.08it/s, Materializing 
param=swin.encoder.layers.2.blocks.0.layernorm_before.weight]
Loading weights:  22%|##2       | 101/449 [00:00<00:00, 683.08it/s, Materializing 
param=swin.encoder.layers.2.blocks.0.output.dense.bias]      
Loading weights:  22%|##2       | 101/449 [00:00<00:00, 683.08it/s, Materializing 
param=swin.encoder.layers.2.blocks.0.output.dense.bias]
Loading weights:  23%|##2       | 102/449 [00:00<00:00, 683.08it/s, Materializing 
param=swin.encoder.layers.2.blocks.0.output.dense.weight]
Loading weights:  23%|##2       | 102/449 [00:00<00:00, 683.08it/s, Materializing 
param=swin.encoder.layers.2.blocks.0.output.dense.weight]
Loading weights:  23%|##2       | 103/449 [00:00<00:00, 683.08it/s, Materializing 
param=swin.encoder.layers.2.blocks.1.attention.output.dense.bias]
Loading weights:  23%|##2       | 103/449 [00:00<00:00, 683.08it/s, Materializing 
param=swin.encoder.layers.2.blocks.1.attention.output.dense.bias]
Loading weights:  23%|##3       | 104/449 [00:00<00:00, 683.08it/s, Materializing 
param=swin.encoder.layers.2.blocks.1.attention.output.dense.weight]
Loading weights:  23%|##3       | 104/449 [00:00<00:00, 683.08it/s, Materializing 
param=swin.encoder.layers.2.blocks.1.attention.output.dense.weight]
Loading weights:  23%|##3       | 105/449 [00:00<00:00, 683.08it/s, Materializing 
param=swin.encoder.layers.2.blocks.1.attention.self.key.bias]      
Loading weights:  23%|##3       | 105/449 [00:00<00:00, 683.08it/s, Materializing 
param=swin.encoder.layers.2.blocks.1.attention.self.key.bias]
Loading weights:  24%|##3       | 106/449 [00:00<00:00, 683.08it/s, Materializing 
param=swin.encoder.layers.2.blocks.1.attention.self.key.weight]
Loading weights:  24%|##3       | 106/449 [00:00<00:00, 683.08it/s, Materializing 
param=swin.encoder.layers.2.blocks.1.attention.self.key.weight]
Loading weights:  24%|##3       | 107/449 [00:00<00:00, 683.08it/s, Materializing 
param=swin.encoder.layers.2.blocks.1.attention.self.query.bias]
Loading weights:  24%|##3       | 107/449 [00:00<00:00, 683.08it/s, Materializing 
param=swin.encoder.layers.2.blocks.1.attention.self.query.bias]
Loading weights:  24%|##4       | 108/449 [00:00<00:00, 683.08it/s, Materializing 
param=swin.encoder.layers.2.blocks.1.attention.self.query.weight]
Loading weights:  24%|##4       | 108/449 [00:00<00:00, 683.08it/s, Materializing 
param=swin.encoder.layers.2.blocks.1.attention.self.query.weight]
Loading weights:  24%|##4       | 109/449 [00:00<00:00, 683.08it/s, Materializing 
param=swin.encoder.layers.2.blocks.1.attention.self.relative_position_bias_table]
Loading weights:  24%|##4       | 109/449 [00:00<00:00, 683.08it/s, Materializing 
param=swin.encoder.layers.2.blocks.1.attention.self.relative_position_bias_table]
Loading weights:  24%|##4       | 110/449 [00:00<00:00, 683.08it/s, Materializing 
param=swin.encoder.layers.2.blocks.1.attention.self.relative_position_index]     
Loading weights:  24%|##4       | 110/449 [00:00<00:00, 683.08it/s, Materializing 
param=swin.encoder.layers.2.blocks.1.attention.self.relative_position_index]
Loading weights:  25%|##4       | 111/449 [00:00<00:00, 683.08it/s, Materializing 
param=swin.encoder.layers.2.blocks.1.attention.self.value.bias]             
Loading weights:  25%|##4       | 111/449 [00:00<00:00, 683.08it/s, Materializing 
param=swin.encoder.layers.2.blocks.1.attention.self.value.bias]
Loading weights:  25%|##4       | 112/449 [00:00<00:00, 683.08it/s, Materializing 
param=swin.encoder.layers.2.blocks.1.attention.self.value.weight]
Loading weights:  25%|##4       | 112/449 [00:00<00:00, 683.08it/s, Materializing 
param=swin.encoder.layers.2.blocks.1.attention.self.value.weight]
Loading weights:  25%|##5       | 113/449 [00:00<00:00, 683.08it/s, Materializing 
param=swin.encoder.layers.2.blocks.1.intermediate.dense.bias]    
Loading weights:  25%|##5       | 113/449 [00:00<00:00, 683.08it/s, Materializing 
param=swin.encoder.layers.2.blocks.1.intermediate.dense.bias]
Loading weights:  25%|##5       | 114/449 [00:00<00:00, 683.08it/s, Materializing 
param=swin.encoder.layers.2.blocks.1.intermediate.dense.weight]
Loading weights:  25%|##5       | 114/449 [00:00<00:00, 683.08it/s, Materializing 
param=swin.encoder.layers.2.blocks.1.intermediate.dense.weight]
Loading weights:  26%|##5       | 115/449 [00:00<00:00, 683.08it/s, Materializing 
param=swin.encoder.layers.2.blocks.1.layernorm_after.bias]     
Loading weights:  26%|##5       | 115/449 [00:00<00:00, 683.08it/s, Materializing 
param=swin.encoder.layers.2.blocks.1.layernorm_after.bias]
Loading weights:  26%|##5       | 116/449 [00:00<00:00, 683.08it/s, Materializing 
param=swin.encoder.layers.2.blocks.1.layernorm_after.weight]
Loading weights:  26%|##5       | 116/449 [00:00<00:00, 683.08it/s, Materializing 
param=swin.encoder.layers.2.blocks.1.layernorm_after.weight]
Loading weights:  26%|##6       | 117/449 [00:00<00:00, 683.08it/s, Materializing 
param=swin.encoder.layers.2.blocks.1.layernorm_before.bias] 
Loading weights:  26%|##6       | 117/449 [00:00<00:00, 683.08it/s, Materializing 
param=swin.encoder.layers.2.blocks.1.layernorm_before.bias]
Loading weights:  26%|##6       | 118/449 [00:00<00:00, 683.08it/s, Materializing 
param=swin.encoder.layers.2.blocks.1.layernorm_before.weight]
Loading weights:  26%|##6       | 118/449 [00:00<00:00, 683.08it/s, Materializing 
param=swin.encoder.layers.2.blocks.1.layernorm_before.weight]
Loading weights:  27%|##6       | 119/449 [00:00<00:00, 683.08it/s, Materializing 
param=swin.encoder.layers.2.blocks.1.output.dense.bias]      
Loading weights:  27%|##6       | 119/449 [00:00<00:00, 683.08it/s, Materializing 
param=swin.encoder.layers.2.blocks.1.output.dense.bias]
Loading weights:  27%|##6       | 120/449 [00:00<00:00, 683.08it/s, Materializing 
param=swin.encoder.layers.2.blocks.1.output.dense.weight]
Loading weights:  27%|##6       | 120/449 [00:00<00:00, 683.08it/s, Materializing 
param=swin.encoder.layers.2.blocks.1.output.dense.weight]
Loading weights:  27%|##6       | 121/449 [00:00<00:00, 683.08it/s, Materializing 
param=swin.encoder.layers.2.blocks.2.attention.output.dense.bias]
Loading weights:  27%|##6       | 121/449 [00:00<00:00, 683.08it/s, Materializing 
param=swin.encoder.layers.2.blocks.2.attention.output.dense.bias]
Loading weights:  27%|##7       | 122/449 [00:00<00:00, 683.08it/s, Materializing 
param=swin.encoder.layers.2.blocks.2.attention.output.dense.weight]
Loading weights:  27%|##7       | 122/449 [00:00<00:00, 683.08it/s, Materializing 
param=swin.encoder.layers.2.blocks.2.attention.output.dense.weight]
Loading weights:  27%|##7       | 123/449 [00:00<00:00, 683.08it/s, Materializing 
param=swin.encoder.layers.2.blocks.2.attention.self.key.bias]      
Loading weights:  27%|##7       | 123/449 [00:00<00:00, 683.08it/s, Materializing 
param=swin.encoder.layers.2.blocks.2.attention.self.key.bias]
Loading weights:  28%|##7       | 124/449 [00:00<00:00, 683.08it/s, Materializing 
param=swin.encoder.layers.2.blocks.2.attention.self.key.weight]
Loading weights:  28%|##7       | 124/449 [00:00<00:00, 683.08it/s, Materializing 
param=swin.encoder.layers.2.blocks.2.attention.self.key.weight]
Loading weights:  28%|##7       | 125/449 [00:00<00:00, 683.08it/s, Materializing 
param=swin.encoder.layers.2.blocks.2.attention.self.query.bias]
Loading weights:  28%|##7       | 125/449 [00:00<00:00, 683.08it/s, Materializing 
param=swin.encoder.layers.2.blocks.2.attention.self.query.bias]
Loading weights:  28%|##8       | 126/449 [00:00<00:00, 683.08it/s, Materializing 
param=swin.encoder.layers.2.blocks.2.attention.self.query.weight]
Loading weights:  28%|##8       | 126/449 [00:00<00:00, 683.08it/s, Materializing 
param=swin.encoder.layers.2.blocks.2.attention.self.query.weight]
Loading weights:  28%|##8       | 127/449 [00:00<00:00, 683.08it/s, Materializing 
param=swin.encoder.layers.2.blocks.2.attention.self.relative_position_bias_table]
Loading weights:  28%|##8       | 127/449 [00:00<00:00, 683.08it/s, Materializing 
param=swin.encoder.layers.2.blocks.2.attention.self.relative_position_bias_table]
Loading weights:  29%|##8       | 128/449 [00:00<00:00, 683.08it/s, Materializing 
param=swin.encoder.layers.2.blocks.2.attention.self.relative_position_index]     
Loading weights:  29%|##8       | 128/449 [00:00<00:00, 683.08it/s, Materializing 
param=swin.encoder.layers.2.blocks.2.attention.self.relative_position_index]
Loading weights:  29%|##8       | 129/449 [00:00<00:00, 683.08it/s, Materializing 
param=swin.encoder.layers.2.blocks.2.attention.self.value.bias]             
Loading weights:  29%|##8       | 129/449 [00:00<00:00, 683.08it/s, Materializing 
param=swin.encoder.layers.2.blocks.2.attention.self.value.bias]
Loading weights:  29%|##8       | 130/449 [00:00<00:00, 683.08it/s, Materializing 
param=swin.encoder.layers.2.blocks.2.attention.self.value.weight]
Loading weights:  29%|##8       | 130/449 [00:00<00:00, 683.08it/s, Materializing 
param=swin.encoder.layers.2.blocks.2.attention.self.value.weight]
Loading weights:  29%|##9       | 131/449 [00:00<00:00, 683.08it/s, Materializing 
param=swin.encoder.layers.2.blocks.2.intermediate.dense.bias]    
Loading weights:  29%|##9       | 131/449 [00:00<00:00, 683.08it/s, Materializing 
param=swin.encoder.layers.2.blocks.2.intermediate.dense.bias]
Loading weights:  29%|##9       | 132/449 [00:00<00:00, 683.08it/s, Materializing 
param=swin.encoder.layers.2.blocks.2.intermediate.dense.weight]
Loading weights:  29%|##9       | 132/449 [00:00<00:00, 683.08it/s, Materializing 
param=swin.encoder.layers.2.blocks.2.intermediate.dense.weight]
Loading weights:  30%|##9       | 133/449 [00:00<00:00, 683.08it/s, Materializing 
param=swin.encoder.layers.2.blocks.2.layernorm_after.bias]     
Loading weights:  30%|##9       | 133/449 [00:00<00:00, 683.08it/s, Materializing 
param=swin.encoder.layers.2.blocks.2.layernorm_after.bias]
Loading weights:  30%|##9       | 134/449 [00:00<00:00, 683.08it/s, Materializing 
param=swin.encoder.layers.2.blocks.2.layernorm_after.weight]
Loading weights:  30%|##9       | 134/449 [00:00<00:00, 683.08it/s, Materializing 
param=swin.encoder.layers.2.blocks.2.layernorm_after.weight]
Loading weights:  30%|###       | 135/449 [00:00<00:00, 683.08it/s, Materializing 
param=swin.encoder.layers.2.blocks.2.layernorm_before.bias] 
Loading weights:  30%|###       | 135/449 [00:00<00:00, 683.08it/s, Materializing 
param=swin.encoder.layers.2.blocks.2.layernorm_before.bias]
Loading weights:  30%|###       | 136/449 [00:00<00:00, 683.08it/s, Materializing 
param=swin.encoder.layers.2.blocks.2.layernorm_before.weight]
Loading weights:  30%|###       | 136/449 [00:00<00:00, 683.08it/s, Materializing 
param=swin.encoder.layers.2.blocks.2.layernorm_before.weight]
Loading weights:  31%|###       | 137/449 [00:00<00:00, 683.08it/s, Materializing 
param=swin.encoder.layers.2.blocks.2.output.dense.bias]      
Loading weights:  31%|###       | 137/449 [00:00<00:00, 683.08it/s, Materializing 
param=swin.encoder.layers.2.blocks.2.output.dense.bias]
Loading weights:  31%|###       | 138/449 [00:00<00:00, 683.08it/s, Materializing 
param=swin.encoder.layers.2.blocks.2.output.dense.weight]
Loading weights:  31%|###       | 138/449 [00:00<00:00, 683.08it/s, Materializing 
param=swin.encoder.layers.2.blocks.2.output.dense.weight]
Loading weights:  31%|###       | 139/449 [00:00<00:00, 683.08it/s, Materializing 
param=swin.encoder.layers.2.blocks.3.attention.output.dense.bias]
Loading weights:  31%|###       | 139/449 [00:00<00:00, 683.08it/s, Materializing 
param=swin.encoder.layers.2.blocks.3.attention.output.dense.bias]
Loading weights:  31%|###1      | 140/449 [00:00<00:00, 683.08it/s, Materializing 
param=swin.encoder.layers.2.blocks.3.attention.output.dense.weight]
Loading weights:  31%|###1      | 140/449 [00:00<00:00, 683.08it/s, Materializing 
param=swin.encoder.layers.2.blocks.3.attention.output.dense.weight]
Loading weights:  31%|###1      | 141/449 [00:00<00:00, 683.08it/s, Materializing 
param=swin.encoder.layers.2.blocks.3.attention.self.key.bias]      
Loading weights:  31%|###1      | 141/449 [00:00<00:00, 683.08it/s, Materializing 
param=swin.encoder.layers.2.blocks.3.attention.self.key.bias]
Loading weights:  32%|###1      | 142/449 [00:00<00:00, 683.08it/s, Materializing 
param=swin.encoder.layers.2.blocks.3.attention.self.key.weight]
Loading weights:  32%|###1      | 142/449 [00:00<00:00, 683.08it/s, Materializing 
param=swin.encoder.layers.2.blocks.3.attention.self.key.weight]
Loading weights:  32%|###1      | 143/449 [00:00<00:00, 683.08it/s, Materializing 
param=swin.encoder.layers.2.blocks.3.attention.self.query.bias]
Loading weights:  32%|###1      | 143/449 [00:00<00:00, 683.08it/s, Materializing 
param=swin.encoder.layers.2.blocks.3.attention.self.query.bias]
Loading weights:  32%|###2      | 144/449 [00:00<00:00, 683.08it/s, Materializing 
param=swin.encoder.layers.2.blocks.3.attention.self.query.weight]
Loading weights:  32%|###2      | 144/449 [00:00<00:00, 683.08it/s, Materializing 
param=swin.encoder.layers.2.blocks.3.attention.self.query.weight]
Loading weights:  32%|###2      | 145/449 [00:00<00:00, 683.08it/s, Materializing 
param=swin.encoder.layers.2.blocks.3.attention.self.relative_position_bias_table]
Loading weights:  32%|###2      | 145/449 [00:00<00:00, 683.08it/s, Materializing 
param=swin.encoder.layers.2.blocks.3.attention.self.relative_position_bias_table]
Loading weights:  33%|###2      | 146/449 [00:00<00:00, 683.08it/s, Materializing 
param=swin.encoder.layers.2.blocks.3.attention.self.relative_position_index]     
Loading weights:  33%|###2      | 146/449 [00:00<00:00, 683.08it/s, Materializing 
param=swin.encoder.layers.2.blocks.3.attention.self.relative_position_index]
Loading weights:  33%|###2      | 147/449 [00:00<00:00, 683.08it/s, Materializing 
param=swin.encoder.layers.2.blocks.3.attention.self.value.bias]             
Loading weights:  33%|###2      | 147/449 [00:00<00:00, 683.08it/s, Materializing 
param=swin.encoder.layers.2.blocks.3.attention.self.value.bias]
Loading weights:  33%|###2      | 148/449 [00:00<00:00, 683.08it/s, Materializing 
param=swin.encoder.layers.2.blocks.3.attention.self.value.weight]
Loading weights:  33%|###2      | 148/449 [00:00<00:00, 683.08it/s, Materializing 
param=swin.encoder.layers.2.blocks.3.attention.self.value.weight]
Loading weights:  33%|###3      | 149/449 [00:00<00:00, 683.08it/s, Materializing 
param=swin.encoder.layers.2.blocks.3.intermediate.dense.bias]    
Loading weights:  33%|###3      | 149/449 [00:00<00:00, 683.08it/s, Materializing 
param=swin.encoder.layers.2.blocks.3.intermediate.dense.bias]
Loading weights:  33%|###3      | 150/449 [00:00<00:00, 683.08it/s, Materializing 
param=swin.encoder.layers.2.blocks.3.intermediate.dense.weight]
Loading weights:  33%|###3      | 150/449 [00:00<00:00, 683.08it/s, Materializing 
param=swin.encoder.layers.2.blocks.3.intermediate.dense.weight]
Loading weights:  34%|###3      | 151/449 [00:00<00:00, 683.08it/s, Materializing 
param=swin.encoder.layers.2.blocks.3.layernorm_after.bias]     
Loading weights:  34%|###3      | 151/449 [00:00<00:00, 683.08it/s, Materializing 
param=swin.encoder.layers.2.blocks.3.layernorm_after.bias]
Loading weights:  34%|###3      | 152/449 [00:00<00:00, 683.08it/s, Materializing 
param=swin.encoder.layers.2.blocks.3.layernorm_after.weight]
Loading weights:  34%|###3      | 152/449 [00:00<00:00, 683.08it/s, Materializing 
param=swin.encoder.layers.2.blocks.3.layernorm_after.weight]
Loading weights:  34%|###4      | 153/449 [00:00<00:00, 683.08it/s, Materializing 
param=swin.encoder.layers.2.blocks.3.layernorm_before.bias] 
Loading weights:  34%|###4      | 153/449 [00:00<00:00, 683.08it/s, Materializing 
param=swin.encoder.layers.2.blocks.3.layernorm_before.bias]
Loading weights:  34%|###4      | 154/449 [00:00<00:00, 683.08it/s, Materializing 
param=swin.encoder.layers.2.blocks.3.layernorm_before.weight]
Loading weights:  34%|###4      | 154/449 [00:00<00:00, 683.08it/s, Materializing 
param=swin.encoder.layers.2.blocks.3.layernorm_before.weight]
Loading weights:  35%|###4      | 155/449 [00:00<00:00, 683.08it/s, Materializing 
param=swin.encoder.layers.2.blocks.3.output.dense.bias]      
Loading weights:  35%|###4      | 155/449 [00:00<00:00, 683.08it/s, Materializing 
param=swin.encoder.layers.2.blocks.3.output.dense.bias]
Loading weights:  35%|###4      | 156/449 [00:00<00:00, 683.08it/s, Materializing 
param=swin.encoder.layers.2.blocks.3.output.dense.weight]
Loading weights:  35%|###4      | 156/449 [00:00<00:00, 683.08it/s, Materializing 
param=swin.encoder.layers.2.blocks.3.output.dense.weight]
Loading weights:  35%|###4      | 157/449 [00:00<00:00, 683.08it/s, Materializing 
param=swin.encoder.layers.2.blocks.4.attention.output.dense.bias]
Loading weights:  35%|###4      | 157/449 [00:00<00:00, 683.08it/s, Materializing 
param=swin.encoder.layers.2.blocks.4.attention.output.dense.bias]
Loading weights:  35%|###5      | 158/449 [00:00<00:00, 683.08it/s, Materializing 
param=swin.encoder.layers.2.blocks.4.attention.output.dense.weight]
Loading weights:  35%|###5      | 158/449 [00:00<00:00, 683.08it/s, Materializing 
param=swin.encoder.layers.2.blocks.4.attention.output.dense.weight]
Loading weights:  35%|###5      | 159/449 [00:00<00:00, 683.08it/s, Materializing 
param=swin.encoder.layers.2.blocks.4.attention.self.key.bias]      
Loading weights:  35%|###5      | 159/449 [00:00<00:00, 683.08it/s, Materializing 
param=swin.encoder.layers.2.blocks.4.attention.self.key.bias]
Loading weights:  36%|###5      | 160/449 [00:00<00:00, 683.08it/s, Materializing 
param=swin.encoder.layers.2.blocks.4.attention.self.key.weight]
Loading weights:  36%|###5      | 160/449 [00:00<00:00, 683.08it/s, Materializing 
param=swin.encoder.layers.2.blocks.4.attention.self.key.weight]
Loading weights:  36%|###5      | 161/449 [00:00<00:00, 683.08it/s, Materializing 
param=swin.encoder.layers.2.blocks.4.attention.self.query.bias]
Loading weights:  36%|###5      | 161/449 [00:00<00:00, 683.08it/s, Materializing 
param=swin.encoder.layers.2.blocks.4.attention.self.query.bias]
Loading weights:  36%|###6      | 162/449 [00:00<00:00, 683.08it/s, Materializing 
param=swin.encoder.layers.2.blocks.4.attention.self.query.weight]
Loading weights:  36%|###6      | 162/449 [00:00<00:00, 683.08it/s, Materializing 
param=swin.encoder.layers.2.blocks.4.attention.self.query.weight]
Loading weights:  36%|###6      | 163/449 [00:00<00:00, 683.08it/s, Materializing 
param=swin.encoder.layers.2.blocks.4.attention.self.relative_position_bias_table]
Loading weights:  36%|###6      | 163/449 [00:00<00:00, 683.08it/s, Materializing 
param=swin.encoder.layers.2.blocks.4.attention.self.relative_position_bias_table]
Loading weights:  37%|###6      | 164/449 [00:00<00:00, 683.08it/s, Materializing 
param=swin.encoder.layers.2.blocks.4.attention.self.relative_position_index]     
Loading weights:  37%|###6      | 164/449 [00:00<00:00, 683.08it/s, Materializing 
param=swin.encoder.layers.2.blocks.4.attention.self.relative_position_index]
Loading weights:  37%|###6      | 165/449 [00:00<00:00, 683.08it/s, Materializing 
param=swin.encoder.layers.2.blocks.4.attention.self.value.bias]             
Loading weights:  37%|###6      | 165/449 [00:00<00:00, 683.08it/s, Materializing 
param=swin.encoder.layers.2.blocks.4.attention.self.value.bias]
Loading weights:  37%|###6      | 166/449 [00:00<00:00, 683.08it/s, Materializing 
param=swin.encoder.layers.2.blocks.4.attention.self.value.weight]
Loading weights:  37%|###6      | 166/449 [00:00<00:00, 683.08it/s, Materializing 
param=swin.encoder.layers.2.blocks.4.attention.self.value.weight]
Loading weights:  37%|###7      | 167/449 [00:00<00:00, 683.08it/s, Materializing 
param=swin.encoder.layers.2.blocks.4.intermediate.dense.bias]    
Loading weights:  37%|###7      | 167/449 [00:00<00:00, 683.08it/s, Materializing 
param=swin.encoder.layers.2.blocks.4.intermediate.dense.bias]
Loading weights:  37%|###7      | 168/449 [00:00<00:00, 683.08it/s, Materializing 
param=swin.encoder.layers.2.blocks.4.intermediate.dense.weight]
Loading weights:  37%|###7      | 168/449 [00:00<00:00, 683.08it/s, Materializing 
param=swin.encoder.layers.2.blocks.4.intermediate.dense.weight]
Loading weights:  38%|###7      | 169/449 [00:00<00:00, 794.98it/s, Materializing 
param=swin.encoder.layers.2.blocks.4.intermediate.dense.weight]
Loading weights:  38%|###7      | 169/449 [00:00<00:00, 794.98it/s, Materializing 
param=swin.encoder.layers.2.blocks.4.layernorm_after.bias]     
Loading weights:  38%|###7      | 169/449 [00:00<00:00, 794.98it/s, Materializing 
param=swin.encoder.layers.2.blocks.4.layernorm_after.bias]
Loading weights:  38%|###7      | 170/449 [00:00<00:00, 794.98it/s, Materializing 
param=swin.encoder.layers.2.blocks.4.layernorm_after.weight]
Loading weights:  38%|###7      | 170/449 [00:00<00:00, 794.98it/s, Materializing 
param=swin.encoder.layers.2.blocks.4.layernorm_after.weight]
Loading weights:  38%|###8      | 171/449 [00:00<00:00, 794.98it/s, Materializing 
param=swin.encoder.layers.2.blocks.4.layernorm_before.bias] 
Loading weights:  38%|###8      | 171/449 [00:00<00:00, 794.98it/s, Materializing 
param=swin.encoder.layers.2.blocks.4.layernorm_before.bias]
Loading weights:  38%|###8      | 172/449 [00:00<00:00, 794.98it/s, Materializing 
param=swin.encoder.layers.2.blocks.4.layernorm_before.weight]
Loading weights:  38%|###8      | 172/449 [00:00<00:00, 794.98it/s, Materializing 
param=swin.encoder.layers.2.blocks.4.layernorm_before.weight]
Loading weights:  39%|###8      | 173/449 [00:00<00:00, 794.98it/s, Materializing 
param=swin.encoder.layers.2.blocks.4.output.dense.bias]      
Loading weights:  39%|###8      | 173/449 [00:00<00:00, 794.98it/s, Materializing 
param=swin.encoder.layers.2.blocks.4.output.dense.bias]
Loading weights:  39%|###8      | 174/449 [00:00<00:00, 794.98it/s, Materializing 
param=swin.encoder.layers.2.blocks.4.output.dense.weight]
Loading weights:  39%|###8      | 174/449 [00:00<00:00, 794.98it/s, Materializing 
param=swin.encoder.layers.2.blocks.4.output.dense.weight]
Loading weights:  39%|###8      | 175/449 [00:00<00:00, 794.98it/s, Materializing 
param=swin.encoder.layers.2.blocks.5.attention.output.dense.bias]
Loading weights:  39%|###8      | 175/449 [00:00<00:00, 794.98it/s, Materializing 
param=swin.encoder.layers.2.blocks.5.attention.output.dense.bias]
Loading weights:  39%|###9      | 176/449 [00:00<00:00, 794.98it/s, Materializing 
param=swin.encoder.layers.2.blocks.5.attention.output.dense.weight]
Loading weights:  39%|###9      | 176/449 [00:00<00:00, 794.98it/s, Materializing 
param=swin.encoder.layers.2.blocks.5.attention.output.dense.weight]
Loading weights:  39%|###9      | 177/449 [00:00<00:00, 794.98it/s, Materializing 
param=swin.encoder.layers.2.blocks.5.attention.self.key.bias]      
Loading weights:  39%|###9      | 177/449 [00:00<00:00, 794.98it/s, Materializing 
param=swin.encoder.layers.2.blocks.5.attention.self.key.bias]
Loading weights:  40%|###9      | 178/449 [00:00<00:00, 794.98it/s, Materializing 
param=swin.encoder.layers.2.blocks.5.attention.self.key.weight]
Loading weights:  40%|###9      | 178/449 [00:00<00:00, 794.98it/s, Materializing 
param=swin.encoder.layers.2.blocks.5.attention.self.key.weight]
Loading weights:  40%|###9      | 179/449 [00:00<00:00, 794.98it/s, Materializing 
param=swin.encoder.layers.2.blocks.5.attention.self.query.bias]
Loading weights:  40%|###9      | 179/449 [00:00<00:00, 794.98it/s, Materializing 
param=swin.encoder.layers.2.blocks.5.attention.self.query.bias]
Loading weights:  40%|####      | 180/449 [00:00<00:00, 794.98it/s, Materializing 
param=swin.encoder.layers.2.blocks.5.attention.self.query.weight]
Loading weights:  40%|####      | 180/449 [00:00<00:00, 794.98it/s, Materializing 
param=swin.encoder.layers.2.blocks.5.attention.self.query.weight]
Loading weights:  40%|####      | 181/449 [00:00<00:00, 794.98it/s, Materializing 
param=swin.encoder.layers.2.blocks.5.attention.self.relative_position_bias_table]
Loading weights:  40%|####      | 181/449 [00:00<00:00, 794.98it/s, Materializing 
param=swin.encoder.layers.2.blocks.5.attention.self.relative_position_bias_table]
Loading weights:  41%|####      | 182/449 [00:00<00:00, 794.98it/s, Materializing 
param=swin.encoder.layers.2.blocks.5.attention.self.relative_position_index]     
Loading weights:  41%|####      | 182/449 [00:00<00:00, 794.98it/s, Materializing 
param=swin.encoder.layers.2.blocks.5.attention.self.relative_position_index]
Loading weights:  41%|####      | 183/449 [00:00<00:00, 794.98it/s, Materializing 
param=swin.encoder.layers.2.blocks.5.attention.self.value.bias]             
Loading weights:  41%|####      | 183/449 [00:00<00:00, 794.98it/s, Materializing 
param=swin.encoder.layers.2.blocks.5.attention.self.value.bias]
Loading weights:  41%|####      | 184/449 [00:00<00:00, 794.98it/s, Materializing 
param=swin.encoder.layers.2.blocks.5.attention.self.value.weight]
Loading weights:  41%|####      | 184/449 [00:00<00:00, 794.98it/s, Materializing 
param=swin.encoder.layers.2.blocks.5.attention.self.value.weight]
Loading weights:  41%|####1     | 185/449 [00:00<00:00, 794.98it/s, Materializing 
param=swin.encoder.layers.2.blocks.5.intermediate.dense.bias]    
Loading weights:  41%|####1     | 185/449 [00:00<00:00, 794.98it/s, Materializing 
param=swin.encoder.layers.2.blocks.5.intermediate.dense.bias]
Loading weights:  41%|####1     | 186/449 [00:00<00:00, 794.98it/s, Materializing 
param=swin.encoder.layers.2.blocks.5.intermediate.dense.weight]
Loading weights:  41%|####1     | 186/449 [00:00<00:00, 794.98it/s, Materializing 
param=swin.encoder.layers.2.blocks.5.intermediate.dense.weight]
Loading weights:  42%|####1     | 187/449 [00:00<00:00, 794.98it/s, Materializing 
param=swin.encoder.layers.2.blocks.5.layernorm_after.bias]     
Loading weights:  42%|####1     | 187/449 [00:00<00:00, 794.98it/s, Materializing 
param=swin.encoder.layers.2.blocks.5.layernorm_after.bias]
Loading weights:  42%|####1     | 188/449 [00:00<00:00, 794.98it/s, Materializing 
param=swin.encoder.layers.2.blocks.5.layernorm_after.weight]
Loading weights:  42%|####1     | 188/449 [00:00<00:00, 794.98it/s, Materializing 
param=swin.encoder.layers.2.blocks.5.layernorm_after.weight]
Loading weights:  42%|####2     | 189/449 [00:00<00:00, 794.98it/s, Materializing 
param=swin.encoder.layers.2.blocks.5.layernorm_before.bias] 
Loading weights:  42%|####2     | 189/449 [00:00<00:00, 794.98it/s, Materializing 
param=swin.encoder.layers.2.blocks.5.layernorm_before.bias]
Loading weights:  42%|####2     | 190/449 [00:00<00:00, 794.98it/s, Materializing 
param=swin.encoder.layers.2.blocks.5.layernorm_before.weight]
Loading weights:  42%|####2     | 190/449 [00:00<00:00, 794.98it/s, Materializing 
param=swin.encoder.layers.2.blocks.5.layernorm_before.weight]
Loading weights:  43%|####2     | 191/449 [00:00<00:00, 794.98it/s, Materializing 
param=swin.encoder.layers.2.blocks.5.output.dense.bias]      
Loading weights:  43%|####2     | 191/449 [00:00<00:00, 794.98it/s, Materializing 
param=swin.encoder.layers.2.blocks.5.output.dense.bias]
Loading weights:  43%|####2     | 192/449 [00:00<00:00, 794.98it/s, Materializing 
param=swin.encoder.layers.2.blocks.5.output.dense.weight]
Loading weights:  43%|####2     | 192/449 [00:00<00:00, 794.98it/s, Materializing 
param=swin.encoder.layers.2.blocks.5.output.dense.weight]
Loading weights:  43%|####2     | 193/449 [00:00<00:00, 794.98it/s, Materializing 
param=swin.encoder.layers.2.blocks.6.attention.output.dense.bias]
Loading weights:  43%|####2     | 193/449 [00:00<00:00, 794.98it/s, Materializing 
param=swin.encoder.layers.2.blocks.6.attention.output.dense.bias]
Loading weights:  43%|####3     | 194/449 [00:00<00:00, 794.98it/s, Materializing 
param=swin.encoder.layers.2.blocks.6.attention.output.dense.weight]
Loading weights:  43%|####3     | 194/449 [00:00<00:00, 794.98it/s, Materializing 
param=swin.encoder.layers.2.blocks.6.attention.output.dense.weight]
Loading weights:  43%|####3     | 195/449 [00:00<00:00, 794.98it/s, Materializing 
param=swin.encoder.layers.2.blocks.6.attention.self.key.bias]      
Loading weights:  43%|####3     | 195/449 [00:00<00:00, 794.98it/s, Materializing 
param=swin.encoder.layers.2.blocks.6.attention.self.key.bias]
Loading weights:  44%|####3     | 196/449 [00:00<00:00, 794.98it/s, Materializing 
param=swin.encoder.layers.2.blocks.6.attention.self.key.weight]
Loading weights:  44%|####3     | 196/449 [00:00<00:00, 794.98it/s, Materializing 
param=swin.encoder.layers.2.blocks.6.attention.self.key.weight]
Loading weights:  44%|####3     | 197/449 [00:00<00:00, 794.98it/s, Materializing 
param=swin.encoder.layers.2.blocks.6.attention.self.query.bias]
Loading weights:  44%|####3     | 197/449 [00:00<00:00, 794.98it/s, Materializing 
param=swin.encoder.layers.2.blocks.6.attention.self.query.bias]
Loading weights:  44%|####4     | 198/449 [00:00<00:00, 794.98it/s, Materializing 
param=swin.encoder.layers.2.blocks.6.attention.self.query.weight]
Loading weights:  44%|####4     | 198/449 [00:00<00:00, 794.98it/s, Materializing 
param=swin.encoder.layers.2.blocks.6.attention.self.query.weight]
Loading weights:  44%|####4     | 199/449 [00:00<00:00, 794.98it/s, Materializing 
param=swin.encoder.layers.2.blocks.6.attention.self.relative_position_bias_table]
Loading weights:  44%|####4     | 199/449 [00:00<00:00, 794.98it/s, Materializing 
param=swin.encoder.layers.2.blocks.6.attention.self.relative_position_bias_table]
Loading weights:  45%|####4     | 200/449 [00:00<00:00, 794.98it/s, Materializing 
param=swin.encoder.layers.2.blocks.6.attention.self.relative_position_index]     
Loading weights:  45%|####4     | 200/449 [00:00<00:00, 794.98it/s, Materializing 
param=swin.encoder.layers.2.blocks.6.attention.self.relative_position_index]
Loading weights:  45%|####4     | 201/449 [00:00<00:00, 794.98it/s, Materializing 
param=swin.encoder.layers.2.blocks.6.attention.self.value.bias]             
Loading weights:  45%|####4     | 201/449 [00:00<00:00, 794.98it/s, Materializing 
param=swin.encoder.layers.2.blocks.6.attention.self.value.bias]
Loading weights:  45%|####4     | 202/449 [00:00<00:00, 794.98it/s, Materializing 
param=swin.encoder.layers.2.blocks.6.attention.self.value.weight]
Loading weights:  45%|####4     | 202/449 [00:00<00:00, 794.98it/s, Materializing 
param=swin.encoder.layers.2.blocks.6.attention.self.value.weight]
Loading weights:  45%|####5     | 203/449 [00:00<00:00, 794.98it/s, Materializing 
param=swin.encoder.layers.2.blocks.6.intermediate.dense.bias]    
Loading weights:  45%|####5     | 203/449 [00:00<00:00, 794.98it/s, Materializing 
param=swin.encoder.layers.2.blocks.6.intermediate.dense.bias]
Loading weights:  45%|####5     | 204/449 [00:00<00:00, 794.98it/s, Materializing 
param=swin.encoder.layers.2.blocks.6.intermediate.dense.weight]
Loading weights:  45%|####5     | 204/449 [00:00<00:00, 794.98it/s, Materializing 
param=swin.encoder.layers.2.blocks.6.intermediate.dense.weight]
Loading weights:  46%|####5     | 205/449 [00:00<00:00, 794.98it/s, Materializing 
param=swin.encoder.layers.2.blocks.6.layernorm_after.bias]     
Loading weights:  46%|####5     | 205/449 [00:00<00:00, 794.98it/s, Materializing 
param=swin.encoder.layers.2.blocks.6.layernorm_after.bias]
Loading weights:  46%|####5     | 206/449 [00:00<00:00, 794.98it/s, Materializing 
param=swin.encoder.layers.2.blocks.6.layernorm_after.weight]
Loading weights:  46%|####5     | 206/449 [00:00<00:00, 794.98it/s, Materializing 
param=swin.encoder.layers.2.blocks.6.layernorm_after.weight]
Loading weights:  46%|####6     | 207/449 [00:00<00:00, 794.98it/s, Materializing 
param=swin.encoder.layers.2.blocks.6.layernorm_before.bias] 
Loading weights:  46%|####6     | 207/449 [00:00<00:00, 794.98it/s, Materializing 
param=swin.encoder.layers.2.blocks.6.layernorm_before.bias]
Loading weights:  46%|####6     | 208/449 [00:00<00:00, 794.98it/s, Materializing 
param=swin.encoder.layers.2.blocks.6.layernorm_before.weight]
Loading weights:  46%|####6     | 208/449 [00:00<00:00, 794.98it/s, Materializing 
param=swin.encoder.layers.2.blocks.6.layernorm_before.weight]
Loading weights:  47%|####6     | 209/449 [00:00<00:00, 794.98it/s, Materializing 
param=swin.encoder.layers.2.blocks.6.output.dense.bias]      
Loading weights:  47%|####6     | 209/449 [00:00<00:00, 794.98it/s, Materializing 
param=swin.encoder.layers.2.blocks.6.output.dense.bias]
Loading weights:  47%|####6     | 210/449 [00:00<00:00, 794.98it/s, Materializing 
param=swin.encoder.layers.2.blocks.6.output.dense.weight]
Loading weights:  47%|####6     | 210/449 [00:00<00:00, 794.98it/s, Materializing 
param=swin.encoder.layers.2.blocks.6.output.dense.weight]
Loading weights:  47%|####6     | 211/449 [00:00<00:00, 794.98it/s, Materializing 
param=swin.encoder.layers.2.blocks.7.attention.output.dense.bias]
Loading weights:  47%|####6     | 211/449 [00:00<00:00, 794.98it/s, Materializing 
param=swin.encoder.layers.2.blocks.7.attention.output.dense.bias]
Loading weights:  47%|####7     | 212/449 [00:00<00:00, 794.98it/s, Materializing 
param=swin.encoder.layers.2.blocks.7.attention.output.dense.weight]
Loading weights:  47%|####7     | 212/449 [00:00<00:00, 794.98it/s, Materializing 
param=swin.encoder.layers.2.blocks.7.attention.output.dense.weight]
Loading weights:  47%|####7     | 213/449 [00:00<00:00, 794.98it/s, Materializing 
param=swin.encoder.layers.2.blocks.7.attention.self.key.bias]      
Loading weights:  47%|####7     | 213/449 [00:00<00:00, 794.98it/s, Materializing 
param=swin.encoder.layers.2.blocks.7.attention.self.key.bias]
Loading weights:  48%|####7     | 214/449 [00:00<00:00, 794.98it/s, Materializing 
param=swin.encoder.layers.2.blocks.7.attention.self.key.weight]
Loading weights:  48%|####7     | 214/449 [00:00<00:00, 794.98it/s, Materializing 
param=swin.encoder.layers.2.blocks.7.attention.self.key.weight]
Loading weights:  48%|####7     | 215/449 [00:00<00:00, 794.98it/s, Materializing 
param=swin.encoder.layers.2.blocks.7.attention.self.query.bias]
Loading weights:  48%|####7     | 215/449 [00:00<00:00, 794.98it/s, Materializing 
param=swin.encoder.layers.2.blocks.7.attention.self.query.bias]
Loading weights:  48%|####8     | 216/449 [00:00<00:00, 794.98it/s, Materializing 
param=swin.encoder.layers.2.blocks.7.attention.self.query.weight]
Loading weights:  48%|####8     | 216/449 [00:00<00:00, 794.98it/s, Materializing 
param=swin.encoder.layers.2.blocks.7.attention.self.query.weight]
Loading weights:  48%|####8     | 217/449 [00:00<00:00, 794.98it/s, Materializing 
param=swin.encoder.layers.2.blocks.7.attention.self.relative_position_bias_table]
Loading weights:  48%|####8     | 217/449 [00:00<00:00, 794.98it/s, Materializing 
param=swin.encoder.layers.2.blocks.7.attention.self.relative_position_bias_table]
Loading weights:  49%|####8     | 218/449 [00:00<00:00, 794.98it/s, Materializing 
param=swin.encoder.layers.2.blocks.7.attention.self.relative_position_index]     
Loading weights:  49%|####8     | 218/449 [00:00<00:00, 794.98it/s, Materializing 
param=swin.encoder.layers.2.blocks.7.attention.self.relative_position_index]
Loading weights:  49%|####8     | 219/449 [00:00<00:00, 794.98it/s, Materializing 
param=swin.encoder.layers.2.blocks.7.attention.self.value.bias]             
Loading weights:  49%|####8     | 219/449 [00:00<00:00, 794.98it/s, Materializing 
param=swin.encoder.layers.2.blocks.7.attention.self.value.bias]
Loading weights:  49%|####8     | 220/449 [00:00<00:00, 794.98it/s, Materializing 
param=swin.encoder.layers.2.blocks.7.attention.self.value.weight]
Loading weights:  49%|####8     | 220/449 [00:00<00:00, 794.98it/s, Materializing 
param=swin.encoder.layers.2.blocks.7.attention.self.value.weight]
Loading weights:  49%|####9     | 221/449 [00:00<00:00, 794.98it/s, Materializing 
param=swin.encoder.layers.2.blocks.7.intermediate.dense.bias]    
Loading weights:  49%|####9     | 221/449 [00:00<00:00, 794.98it/s, Materializing 
param=swin.encoder.layers.2.blocks.7.intermediate.dense.bias]
Loading weights:  49%|####9     | 222/449 [00:00<00:00, 794.98it/s, Materializing 
param=swin.encoder.layers.2.blocks.7.intermediate.dense.weight]
Loading weights:  49%|####9     | 222/449 [00:00<00:00, 794.98it/s, Materializing 
param=swin.encoder.layers.2.blocks.7.intermediate.dense.weight]
Loading weights:  50%|####9     | 223/449 [00:00<00:00, 794.98it/s, Materializing 
param=swin.encoder.layers.2.blocks.7.layernorm_after.bias]     
Loading weights:  50%|####9     | 223/449 [00:00<00:00, 794.98it/s, Materializing 
param=swin.encoder.layers.2.blocks.7.layernorm_after.bias]
Loading weights:  50%|####9     | 224/449 [00:00<00:00, 794.98it/s, Materializing 
param=swin.encoder.layers.2.blocks.7.layernorm_after.weight]
Loading weights:  50%|####9     | 224/449 [00:00<00:00, 794.98it/s, Materializing 
param=swin.encoder.layers.2.blocks.7.layernorm_after.weight]
Loading weights:  50%|#####     | 225/449 [00:00<00:00, 794.98it/s, Materializing 
param=swin.encoder.layers.2.blocks.7.layernorm_before.bias] 
Loading weights:  50%|#####     | 225/449 [00:00<00:00, 794.98it/s, Materializing 
param=swin.encoder.layers.2.blocks.7.layernorm_before.bias]
Loading weights:  50%|#####     | 226/449 [00:00<00:00, 794.98it/s, Materializing 
param=swin.encoder.layers.2.blocks.7.layernorm_before.weight]
Loading weights:  50%|#####     | 226/449 [00:00<00:00, 794.98it/s, Materializing 
param=swin.encoder.layers.2.blocks.7.layernorm_before.weight]
Loading weights:  51%|#####     | 227/449 [00:00<00:00, 794.98it/s, Materializing 
param=swin.encoder.layers.2.blocks.7.output.dense.bias]      
Loading weights:  51%|#####     | 227/449 [00:00<00:00, 794.98it/s, Materializing 
param=swin.encoder.layers.2.blocks.7.output.dense.bias]
Loading weights:  51%|#####     | 228/449 [00:00<00:00, 794.98it/s, Materializing 
param=swin.encoder.layers.2.blocks.7.output.dense.weight]
Loading weights:  51%|#####     | 228/449 [00:00<00:00, 794.98it/s, Materializing 
param=swin.encoder.layers.2.blocks.7.output.dense.weight]
Loading weights:  51%|#####1    | 229/449 [00:00<00:00, 794.98it/s, Materializing 
param=swin.encoder.layers.2.blocks.8.attention.output.dense.bias]
Loading weights:  51%|#####1    | 229/449 [00:00<00:00, 794.98it/s, Materializing 
param=swin.encoder.layers.2.blocks.8.attention.output.dense.bias]
Loading weights:  51%|#####1    | 230/449 [00:00<00:00, 794.98it/s, Materializing 
param=swin.encoder.layers.2.blocks.8.attention.output.dense.weight]
Loading weights:  51%|#####1    | 230/449 [00:00<00:00, 794.98it/s, Materializing 
param=swin.encoder.layers.2.blocks.8.attention.output.dense.weight]
Loading weights:  51%|#####1    | 231/449 [00:00<00:00, 794.98it/s, Materializing 
param=swin.encoder.layers.2.blocks.8.attention.self.key.bias]      
Loading weights:  51%|#####1    | 231/449 [00:00<00:00, 794.98it/s, Materializing 
param=swin.encoder.layers.2.blocks.8.attention.self.key.bias]
Loading weights:  52%|#####1    | 232/449 [00:00<00:00, 794.98it/s, Materializing 
param=swin.encoder.layers.2.blocks.8.attention.self.key.weight]
Loading weights:  52%|#####1    | 232/449 [00:00<00:00, 794.98it/s, Materializing 
param=swin.encoder.layers.2.blocks.8.attention.self.key.weight]
Loading weights:  52%|#####1    | 233/449 [00:00<00:00, 794.98it/s, Materializing 
param=swin.encoder.layers.2.blocks.8.attention.self.query.bias]
Loading weights:  52%|#####1    | 233/449 [00:00<00:00, 794.98it/s, Materializing 
param=swin.encoder.layers.2.blocks.8.attention.self.query.bias]
Loading weights:  52%|#####2    | 234/449 [00:00<00:00, 794.98it/s, Materializing 
param=swin.encoder.layers.2.blocks.8.attention.self.query.weight]
Loading weights:  52%|#####2    | 234/449 [00:00<00:00, 794.98it/s, Materializing 
param=swin.encoder.layers.2.blocks.8.attention.self.query.weight]
Loading weights:  52%|#####2    | 235/449 [00:00<00:00, 794.98it/s, Materializing 
param=swin.encoder.layers.2.blocks.8.attention.self.relative_position_bias_table]
Loading weights:  52%|#####2    | 235/449 [00:00<00:00, 794.98it/s, Materializing 
param=swin.encoder.layers.2.blocks.8.attention.self.relative_position_bias_table]
Loading weights:  53%|#####2    | 236/449 [00:00<00:00, 794.98it/s, Materializing 
param=swin.encoder.layers.2.blocks.8.attention.self.relative_position_index]     
Loading weights:  53%|#####2    | 236/449 [00:00<00:00, 794.98it/s, Materializing 
param=swin.encoder.layers.2.blocks.8.attention.self.relative_position_index]
Loading weights:  53%|#####2    | 237/449 [00:00<00:00, 794.98it/s, Materializing 
param=swin.encoder.layers.2.blocks.8.attention.self.value.bias]             
Loading weights:  53%|#####2    | 237/449 [00:00<00:00, 794.98it/s, Materializing 
param=swin.encoder.layers.2.blocks.8.attention.self.value.bias]
Loading weights:  53%|#####3    | 238/449 [00:00<00:00, 794.98it/s, Materializing 
param=swin.encoder.layers.2.blocks.8.attention.self.value.weight]
Loading weights:  53%|#####3    | 238/449 [00:00<00:00, 794.98it/s, Materializing 
param=swin.encoder.layers.2.blocks.8.attention.self.value.weight]
Loading weights:  53%|#####3    | 239/449 [00:00<00:00, 794.98it/s, Materializing 
param=swin.encoder.layers.2.blocks.8.intermediate.dense.bias]    
Loading weights:  53%|#####3    | 239/449 [00:00<00:00, 794.98it/s, Materializing 
param=swin.encoder.layers.2.blocks.8.intermediate.dense.bias]
Loading weights:  53%|#####3    | 240/449 [00:00<00:00, 794.98it/s, Materializing 
param=swin.encoder.layers.2.blocks.8.intermediate.dense.weight]
Loading weights:  53%|#####3    | 240/449 [00:00<00:00, 794.98it/s, Materializing 
param=swin.encoder.layers.2.blocks.8.intermediate.dense.weight]
Loading weights:  54%|#####3    | 241/449 [00:00<00:00, 794.98it/s, Materializing 
param=swin.encoder.layers.2.blocks.8.layernorm_after.bias]     
Loading weights:  54%|#####3    | 241/449 [00:00<00:00, 794.98it/s, Materializing 
param=swin.encoder.layers.2.blocks.8.layernorm_after.bias]
Loading weights:  54%|#####3    | 242/449 [00:00<00:00, 794.98it/s, Materializing 
param=swin.encoder.layers.2.blocks.8.layernorm_after.weight]
Loading weights:  54%|#####3    | 242/449 [00:00<00:00, 794.98it/s, Materializing 
param=swin.encoder.layers.2.blocks.8.layernorm_after.weight]
Loading weights:  54%|#####4    | 243/449 [00:00<00:00, 794.98it/s, Materializing 
param=swin.encoder.layers.2.blocks.8.layernorm_before.bias] 
Loading weights:  54%|#####4    | 243/449 [00:00<00:00, 794.98it/s, Materializing 
param=swin.encoder.layers.2.blocks.8.layernorm_before.bias]
Loading weights:  54%|#####4    | 244/449 [00:00<00:00, 794.98it/s, Materializing 
param=swin.encoder.layers.2.blocks.8.layernorm_before.weight]
Loading weights:  54%|#####4    | 244/449 [00:00<00:00, 794.98it/s, Materializing 
param=swin.encoder.layers.2.blocks.8.layernorm_before.weight]
Loading weights:  55%|#####4    | 245/449 [00:00<00:00, 794.98it/s, Materializing 
param=swin.encoder.layers.2.blocks.8.output.dense.bias]      
Loading weights:  55%|#####4    | 245/449 [00:00<00:00, 794.98it/s, Materializing 
param=swin.encoder.layers.2.blocks.8.output.dense.bias]
Loading weights:  55%|#####4    | 246/449 [00:00<00:00, 794.98it/s, Materializing 
param=swin.encoder.layers.2.blocks.8.output.dense.weight]
Loading weights:  55%|#####4    | 246/449 [00:00<00:00, 794.98it/s, Materializing 
param=swin.encoder.layers.2.blocks.8.output.dense.weight]
Loading weights:  55%|#####5    | 247/449 [00:00<00:00, 794.98it/s, Materializing 
param=swin.encoder.layers.2.blocks.9.attention.output.dense.bias]
Loading weights:  55%|#####5    | 247/449 [00:00<00:00, 794.98it/s, Materializing 
param=swin.encoder.layers.2.blocks.9.attention.output.dense.bias]
Loading weights:  55%|#####5    | 248/449 [00:00<00:00, 794.98it/s, Materializing 
param=swin.encoder.layers.2.blocks.9.attention.output.dense.weight]
Loading weights:  55%|#####5    | 248/449 [00:00<00:00, 794.98it/s, Materializing 
param=swin.encoder.layers.2.blocks.9.attention.output.dense.weight]
Loading weights:  55%|#####5    | 249/449 [00:00<00:00, 794.98it/s, Materializing 
param=swin.encoder.layers.2.blocks.9.attention.self.key.bias]      
Loading weights:  55%|#####5    | 249/449 [00:00<00:00, 794.98it/s, Materializing 
param=swin.encoder.layers.2.blocks.9.attention.self.key.bias]
Loading weights:  56%|#####5    | 250/449 [00:00<00:00, 794.98it/s, Materializing 
param=swin.encoder.layers.2.blocks.9.attention.self.key.weight]
Loading weights:  56%|#####5    | 250/449 [00:00<00:00, 794.98it/s, Materializing 
param=swin.encoder.layers.2.blocks.9.attention.self.key.weight]
Loading weights:  56%|#####5    | 251/449 [00:00<00:00, 784.99it/s, Materializing 
param=swin.encoder.layers.2.blocks.9.attention.self.key.weight]
Loading weights:  56%|#####5    | 251/449 [00:00<00:00, 784.99it/s, Materializing 
param=swin.encoder.layers.2.blocks.9.attention.self.query.bias]
Loading weights:  56%|#####5    | 251/449 [00:00<00:00, 784.99it/s, Materializing 
param=swin.encoder.layers.2.blocks.9.attention.self.query.bias]
Loading weights:  56%|#####6    | 252/449 [00:00<00:00, 784.99it/s, Materializing 
param=swin.encoder.layers.2.blocks.9.attention.self.query.weight]
Loading weights:  56%|#####6    | 252/449 [00:00<00:00, 784.99it/s, Materializing 
param=swin.encoder.layers.2.blocks.9.attention.self.query.weight]
Loading weights:  56%|#####6    | 253/449 [00:00<00:00, 784.99it/s, Materializing 
param=swin.encoder.layers.2.blocks.9.attention.self.relative_position_bias_table]
Loading weights:  56%|#####6    | 253/449 [00:00<00:00, 784.99it/s, Materializing 
param=swin.encoder.layers.2.blocks.9.attention.self.relative_position_bias_table]
Loading weights:  57%|#####6    | 254/449 [00:00<00:00, 784.99it/s, Materializing 
param=swin.encoder.layers.2.blocks.9.attention.self.relative_position_index]     
Loading weights:  57%|#####6    | 254/449 [00:00<00:00, 784.99it/s, Materializing 
param=swin.encoder.layers.2.blocks.9.attention.self.relative_position_index]
Loading weights:  57%|#####6    | 255/449 [00:00<00:00, 784.99it/s, Materializing 
param=swin.encoder.layers.2.blocks.9.attention.self.value.bias]             
Loading weights:  57%|#####6    | 255/449 [00:00<00:00, 784.99it/s, Materializing 
param=swin.encoder.layers.2.blocks.9.attention.self.value.bias]
Loading weights:  57%|#####7    | 256/449 [00:00<00:00, 784.99it/s, Materializing 
param=swin.encoder.layers.2.blocks.9.attention.self.value.weight]
Loading weights:  57%|#####7    | 256/449 [00:00<00:00, 784.99it/s, Materializing 
param=swin.encoder.layers.2.blocks.9.attention.self.value.weight]
Loading weights:  57%|#####7    | 257/449 [00:00<00:00, 784.99it/s, Materializing 
param=swin.encoder.layers.2.blocks.9.intermediate.dense.bias]    
Loading weights:  57%|#####7    | 257/449 [00:00<00:00, 784.99it/s, Materializing 
param=swin.encoder.layers.2.blocks.9.intermediate.dense.bias]
Loading weights:  57%|#####7    | 258/449 [00:00<00:00, 784.99it/s, Materializing 
param=swin.encoder.layers.2.blocks.9.intermediate.dense.weight]
Loading weights:  57%|#####7    | 258/449 [00:00<00:00, 784.99it/s, Materializing 
param=swin.encoder.layers.2.blocks.9.intermediate.dense.weight]
Loading weights:  58%|#####7    | 259/449 [00:00<00:00, 784.99it/s, Materializing 
param=swin.encoder.layers.2.blocks.9.layernorm_after.bias]     
Loading weights:  58%|#####7    | 259/449 [00:00<00:00, 784.99it/s, Materializing 
param=swin.encoder.layers.2.blocks.9.layernorm_after.bias]
Loading weights:  58%|#####7    | 260/449 [00:00<00:00, 784.99it/s, Materializing 
param=swin.encoder.layers.2.blocks.9.layernorm_after.weight]
Loading weights:  58%|#####7    | 260/449 [00:00<00:00, 784.99it/s, Materializing 
param=swin.encoder.layers.2.blocks.9.layernorm_after.weight]
Loading weights:  58%|#####8    | 261/449 [00:00<00:00, 784.99it/s, Materializing 
param=swin.encoder.layers.2.blocks.9.layernorm_before.bias] 
Loading weights:  58%|#####8    | 261/449 [00:00<00:00, 784.99it/s, Materializing 
param=swin.encoder.layers.2.blocks.9.layernorm_before.bias]
Loading weights:  58%|#####8    | 262/449 [00:00<00:00, 784.99it/s, Materializing 
param=swin.encoder.layers.2.blocks.9.layernorm_before.weight]
Loading weights:  58%|#####8    | 262/449 [00:00<00:00, 784.99it/s, Materializing 
param=swin.encoder.layers.2.blocks.9.layernorm_before.weight]
Loading weights:  59%|#####8    | 263/449 [00:00<00:00, 784.99it/s, Materializing 
param=swin.encoder.layers.2.blocks.9.output.dense.bias]      
Loading weights:  59%|#####8    | 263/449 [00:00<00:00, 784.99it/s, Materializing 
param=swin.encoder.layers.2.blocks.9.output.dense.bias]
Loading weights:  59%|#####8    | 264/449 [00:00<00:00, 784.99it/s, Materializing 
param=swin.encoder.layers.2.blocks.9.output.dense.weight]
Loading weights:  59%|#####8    | 264/449 [00:00<00:00, 784.99it/s, Materializing 
param=swin.encoder.layers.2.blocks.9.output.dense.weight]
Loading weights:  59%|#####9    | 265/449 [00:00<00:00, 784.99it/s, Materializing 
param=swin.encoder.layers.2.blocks.10.attention.output.dense.bias]
Loading weights:  59%|#####9    | 265/449 [00:00<00:00, 784.99it/s, Materializing 
param=swin.encoder.layers.2.blocks.10.attention.output.dense.bias]
Loading weights:  59%|#####9    | 266/449 [00:00<00:00, 784.99it/s, Materializing 
param=swin.encoder.layers.2.blocks.10.attention.output.dense.weight]
Loading weights:  59%|#####9    | 266/449 [00:00<00:00, 784.99it/s, Materializing 
param=swin.encoder.layers.2.blocks.10.attention.output.dense.weight]
Loading weights:  59%|#####9    | 267/449 [00:00<00:00, 784.99it/s, Materializing 
param=swin.encoder.layers.2.blocks.10.attention.self.key.bias]      
Loading weights:  59%|#####9    | 267/449 [00:00<00:00, 784.99it/s, Materializing 
param=swin.encoder.layers.2.blocks.10.attention.self.key.bias]
Loading weights:  60%|#####9    | 268/449 [00:00<00:00, 784.99it/s, Materializing 
param=swin.encoder.layers.2.blocks.10.attention.self.key.weight]
Loading weights:  60%|#####9    | 268/449 [00:00<00:00, 784.99it/s, Materializing 
param=swin.encoder.layers.2.blocks.10.attention.self.key.weight]
Loading weights:  60%|#####9    | 269/449 [00:00<00:00, 784.99it/s, Materializing 
param=swin.encoder.layers.2.blocks.10.attention.self.query.bias]
Loading weights:  60%|#####9    | 269/449 [00:00<00:00, 784.99it/s, Materializing 
param=swin.encoder.layers.2.blocks.10.attention.self.query.bias]
Loading weights:  60%|######    | 270/449 [00:00<00:00, 784.99it/s, Materializing 
param=swin.encoder.layers.2.blocks.10.attention.self.query.weight]
Loading weights:  60%|######    | 270/449 [00:00<00:00, 784.99it/s, Materializing 
param=swin.encoder.layers.2.blocks.10.attention.self.query.weight]
Loading weights:  60%|######    | 271/449 [00:00<00:00, 784.99it/s, Materializing 
param=swin.encoder.layers.2.blocks.10.attention.self.relative_position_bias_table]
Loading weights:  60%|######    | 271/449 [00:00<00:00, 784.99it/s, Materializing 
param=swin.encoder.layers.2.blocks.10.attention.self.relative_position_bias_table]
Loading weights:  61%|######    | 272/449 [00:00<00:00, 784.99it/s, Materializing 
param=swin.encoder.layers.2.blocks.10.attention.self.relative_position_index]     
Loading weights:  61%|######    | 272/449 [00:00<00:00, 784.99it/s, Materializing 
param=swin.encoder.layers.2.blocks.10.attention.self.relative_position_index]
Loading weights:  61%|######    | 273/449 [00:00<00:00, 784.99it/s, Materializing 
param=swin.encoder.layers.2.blocks.10.attention.self.value.bias]             
Loading weights:  61%|######    | 273/449 [00:00<00:00, 784.99it/s, Materializing 
param=swin.encoder.layers.2.blocks.10.attention.self.value.bias]
Loading weights:  61%|######1   | 274/449 [00:00<00:00, 784.99it/s, Materializing 
param=swin.encoder.layers.2.blocks.10.attention.self.value.weight]
Loading weights:  61%|######1   | 274/449 [00:00<00:00, 784.99it/s, Materializing 
param=swin.encoder.layers.2.blocks.10.attention.self.value.weight]
Loading weights:  61%|######1   | 275/449 [00:00<00:00, 784.99it/s, Materializing 
param=swin.encoder.layers.2.blocks.10.intermediate.dense.bias]    
Loading weights:  61%|######1   | 275/449 [00:00<00:00, 784.99it/s, Materializing 
param=swin.encoder.layers.2.blocks.10.intermediate.dense.bias]
Loading weights:  61%|######1   | 276/449 [00:00<00:00, 784.99it/s, Materializing 
param=swin.encoder.layers.2.blocks.10.intermediate.dense.weight]
Loading weights:  61%|######1   | 276/449 [00:00<00:00, 784.99it/s, Materializing 
param=swin.encoder.layers.2.blocks.10.intermediate.dense.weight]
Loading weights:  62%|######1   | 277/449 [00:00<00:00, 784.99it/s, Materializing 
param=swin.encoder.layers.2.blocks.10.layernorm_after.bias]     
Loading weights:  62%|######1   | 277/449 [00:00<00:00, 784.99it/s, Materializing 
param=swin.encoder.layers.2.blocks.10.layernorm_after.bias]
Loading weights:  62%|######1   | 278/449 [00:00<00:00, 784.99it/s, Materializing 
param=swin.encoder.layers.2.blocks.10.layernorm_after.weight]
Loading weights:  62%|######1   | 278/449 [00:00<00:00, 784.99it/s, Materializing 
param=swin.encoder.layers.2.blocks.10.layernorm_after.weight]
Loading weights:  62%|######2   | 279/449 [00:00<00:00, 784.99it/s, Materializing 
param=swin.encoder.layers.2.blocks.10.layernorm_before.bias] 
Loading weights:  62%|######2   | 279/449 [00:00<00:00, 784.99it/s, Materializing 
param=swin.encoder.layers.2.blocks.10.layernorm_before.bias]
Loading weights:  62%|######2   | 280/449 [00:00<00:00, 784.99it/s, Materializing 
param=swin.encoder.layers.2.blocks.10.layernorm_before.weight]
Loading weights:  62%|######2   | 280/449 [00:00<00:00, 784.99it/s, Materializing 
param=swin.encoder.layers.2.blocks.10.layernorm_before.weight]
Loading weights:  63%|######2   | 281/449 [00:00<00:00, 784.99it/s, Materializing 
param=swin.encoder.layers.2.blocks.10.output.dense.bias]      
Loading weights:  63%|######2   | 281/449 [00:00<00:00, 784.99it/s, Materializing 
param=swin.encoder.layers.2.blocks.10.output.dense.bias]
Loading weights:  63%|######2   | 282/449 [00:00<00:00, 784.99it/s, Materializing 
param=swin.encoder.layers.2.blocks.10.output.dense.weight]
Loading weights:  63%|######2   | 282/449 [00:00<00:00, 784.99it/s, Materializing 
param=swin.encoder.layers.2.blocks.10.output.dense.weight]
Loading weights:  63%|######3   | 283/449 [00:00<00:00, 784.99it/s, Materializing 
param=swin.encoder.layers.2.blocks.11.attention.output.dense.bias]
Loading weights:  63%|######3   | 283/449 [00:00<00:00, 784.99it/s, Materializing 
param=swin.encoder.layers.2.blocks.11.attention.output.dense.bias]
Loading weights:  63%|######3   | 284/449 [00:00<00:00, 784.99it/s, Materializing 
param=swin.encoder.layers.2.blocks.11.attention.output.dense.weight]
Loading weights:  63%|######3   | 284/449 [00:00<00:00, 784.99it/s, Materializing 
param=swin.encoder.layers.2.blocks.11.attention.output.dense.weight]
Loading weights:  63%|######3   | 285/449 [00:00<00:00, 784.99it/s, Materializing 
param=swin.encoder.layers.2.blocks.11.attention.self.key.bias]      
Loading weights:  63%|######3   | 285/449 [00:00<00:00, 784.99it/s, Materializing 
param=swin.encoder.layers.2.blocks.11.attention.self.key.bias]
Loading weights:  64%|######3   | 286/449 [00:00<00:00, 784.99it/s, Materializing 
param=swin.encoder.layers.2.blocks.11.attention.self.key.weight]
Loading weights:  64%|######3   | 286/449 [00:00<00:00, 784.99it/s, Materializing 
param=swin.encoder.layers.2.blocks.11.attention.self.key.weight]
Loading weights:  64%|######3   | 287/449 [00:00<00:00, 784.99it/s, Materializing 
param=swin.encoder.layers.2.blocks.11.attention.self.query.bias]
Loading weights:  64%|######3   | 287/449 [00:00<00:00, 784.99it/s, Materializing 
param=swin.encoder.layers.2.blocks.11.attention.self.query.bias]
Loading weights:  64%|######4   | 288/449 [00:00<00:00, 784.99it/s, Materializing 
param=swin.encoder.layers.2.blocks.11.attention.self.query.weight]
Loading weights:  64%|######4   | 288/449 [00:00<00:00, 784.99it/s, Materializing 
param=swin.encoder.layers.2.blocks.11.attention.self.query.weight]
Loading weights:  64%|######4   | 289/449 [00:00<00:00, 784.99it/s, Materializing 
param=swin.encoder.layers.2.blocks.11.attention.self.relative_position_bias_table]
Loading weights:  64%|######4   | 289/449 [00:00<00:00, 784.99it/s, Materializing 
param=swin.encoder.layers.2.blocks.11.attention.self.relative_position_bias_table]
Loading weights:  65%|######4   | 290/449 [00:00<00:00, 784.99it/s, Materializing 
param=swin.encoder.layers.2.blocks.11.attention.self.relative_position_index]     
Loading weights:  65%|######4   | 290/449 [00:00<00:00, 784.99it/s, Materializing 
param=swin.encoder.layers.2.blocks.11.attention.self.relative_position_index]
Loading weights:  65%|######4   | 291/449 [00:00<00:00, 784.99it/s, Materializing 
param=swin.encoder.layers.2.blocks.11.attention.self.value.bias]             
Loading weights:  65%|######4   | 291/449 [00:00<00:00, 784.99it/s, Materializing 
param=swin.encoder.layers.2.blocks.11.attention.self.value.bias]
Loading weights:  65%|######5   | 292/449 [00:00<00:00, 784.99it/s, Materializing 
param=swin.encoder.layers.2.blocks.11.attention.self.value.weight]
Loading weights:  65%|######5   | 292/449 [00:00<00:00, 784.99it/s, Materializing 
param=swin.encoder.layers.2.blocks.11.attention.self.value.weight]
Loading weights:  65%|######5   | 293/449 [00:00<00:00, 784.99it/s, Materializing 
param=swin.encoder.layers.2.blocks.11.intermediate.dense.bias]    
Loading weights:  65%|######5   | 293/449 [00:00<00:00, 784.99it/s, Materializing 
param=swin.encoder.layers.2.blocks.11.intermediate.dense.bias]
Loading weights:  65%|######5   | 294/449 [00:00<00:00, 784.99it/s, Materializing 
param=swin.encoder.layers.2.blocks.11.intermediate.dense.weight]
Loading weights:  65%|######5   | 294/449 [00:00<00:00, 784.99it/s, Materializing 
param=swin.encoder.layers.2.blocks.11.intermediate.dense.weight]
Loading weights:  66%|######5   | 295/449 [00:00<00:00, 784.99it/s, Materializing 
param=swin.encoder.layers.2.blocks.11.layernorm_after.bias]     
Loading weights:  66%|######5   | 295/449 [00:00<00:00, 784.99it/s, Materializing 
param=swin.encoder.layers.2.blocks.11.layernorm_after.bias]
Loading weights:  66%|######5   | 296/449 [00:00<00:00, 784.99it/s, Materializing 
param=swin.encoder.layers.2.blocks.11.layernorm_after.weight]
Loading weights:  66%|######5   | 296/449 [00:00<00:00, 784.99it/s, Materializing 
param=swin.encoder.layers.2.blocks.11.layernorm_after.weight]
Loading weights:  66%|######6   | 297/449 [00:00<00:00, 784.99it/s, Materializing 
param=swin.encoder.layers.2.blocks.11.layernorm_before.bias] 
Loading weights:  66%|######6   | 297/449 [00:00<00:00, 784.99it/s, Materializing 
param=swin.encoder.layers.2.blocks.11.layernorm_before.bias]
Loading weights:  66%|######6   | 298/449 [00:00<00:00, 784.99it/s, Materializing 
param=swin.encoder.layers.2.blocks.11.layernorm_before.weight]
Loading weights:  66%|######6   | 298/449 [00:00<00:00, 784.99it/s, Materializing 
param=swin.encoder.layers.2.blocks.11.layernorm_before.weight]
Loading weights:  67%|######6   | 299/449 [00:00<00:00, 784.99it/s, Materializing 
param=swin.encoder.layers.2.blocks.11.output.dense.bias]      
Loading weights:  67%|######6   | 299/449 [00:00<00:00, 784.99it/s, Materializing 
param=swin.encoder.layers.2.blocks.11.output.dense.bias]
Loading weights:  67%|######6   | 300/449 [00:00<00:00, 784.99it/s, Materializing 
param=swin.encoder.layers.2.blocks.11.output.dense.weight]
Loading weights:  67%|######6   | 300/449 [00:00<00:00, 784.99it/s, Materializing 
param=swin.encoder.layers.2.blocks.11.output.dense.weight]
Loading weights:  67%|######7   | 301/449 [00:00<00:00, 784.99it/s, Materializing 
param=swin.encoder.layers.2.blocks.12.attention.output.dense.bias]
Loading weights:  67%|######7   | 301/449 [00:00<00:00, 784.99it/s, Materializing 
param=swin.encoder.layers.2.blocks.12.attention.output.dense.bias]
Loading weights:  67%|######7   | 302/449 [00:00<00:00, 784.99it/s, Materializing 
param=swin.encoder.layers.2.blocks.12.attention.output.dense.weight]
Loading weights:  67%|######7   | 302/449 [00:00<00:00, 784.99it/s, Materializing 
param=swin.encoder.layers.2.blocks.12.attention.output.dense.weight]
Loading weights:  67%|######7   | 303/449 [00:00<00:00, 784.99it/s, Materializing 
param=swin.encoder.layers.2.blocks.12.attention.self.key.bias]      
Loading weights:  67%|######7   | 303/449 [00:00<00:00, 784.99it/s, Materializing 
param=swin.encoder.layers.2.blocks.12.attention.self.key.bias]
Loading weights:  68%|######7   | 304/449 [00:00<00:00, 784.99it/s, Materializing 
param=swin.encoder.layers.2.blocks.12.attention.self.key.weight]
Loading weights:  68%|######7   | 304/449 [00:00<00:00, 784.99it/s, Materializing 
param=swin.encoder.layers.2.blocks.12.attention.self.key.weight]
Loading weights:  68%|######7   | 305/449 [00:00<00:00, 784.99it/s, Materializing 
param=swin.encoder.layers.2.blocks.12.attention.self.query.bias]
Loading weights:  68%|######7   | 305/449 [00:00<00:00, 784.99it/s, Materializing 
param=swin.encoder.layers.2.blocks.12.attention.self.query.bias]
Loading weights:  68%|######8   | 306/449 [00:00<00:00, 784.99it/s, Materializing 
param=swin.encoder.layers.2.blocks.12.attention.self.query.weight]
Loading weights:  68%|######8   | 306/449 [00:00<00:00, 784.99it/s, Materializing 
param=swin.encoder.layers.2.blocks.12.attention.self.query.weight]
Loading weights:  68%|######8   | 307/449 [00:00<00:00, 784.99it/s, Materializing 
param=swin.encoder.layers.2.blocks.12.attention.self.relative_position_bias_table]
Loading weights:  68%|######8   | 307/449 [00:00<00:00, 784.99it/s, Materializing 
param=swin.encoder.layers.2.blocks.12.attention.self.relative_position_bias_table]
Loading weights:  69%|######8   | 308/449 [00:00<00:00, 784.99it/s, Materializing 
param=swin.encoder.layers.2.blocks.12.attention.self.relative_position_index]     
Loading weights:  69%|######8   | 308/449 [00:00<00:00, 784.99it/s, Materializing 
param=swin.encoder.layers.2.blocks.12.attention.self.relative_position_index]
Loading weights:  69%|######8   | 309/449 [00:00<00:00, 784.99it/s, Materializing 
param=swin.encoder.layers.2.blocks.12.attention.self.value.bias]             
Loading weights:  69%|######8   | 309/449 [00:00<00:00, 784.99it/s, Materializing 
param=swin.encoder.layers.2.blocks.12.attention.self.value.bias]
Loading weights:  69%|######9   | 310/449 [00:00<00:00, 784.99it/s, Materializing 
param=swin.encoder.layers.2.blocks.12.attention.self.value.weight]
Loading weights:  69%|######9   | 310/449 [00:00<00:00, 784.99it/s, Materializing 
param=swin.encoder.layers.2.blocks.12.attention.self.value.weight]
Loading weights:  69%|######9   | 311/449 [00:00<00:00, 784.99it/s, Materializing 
param=swin.encoder.layers.2.blocks.12.intermediate.dense.bias]    
Loading weights:  69%|######9   | 311/449 [00:00<00:00, 784.99it/s, Materializing 
param=swin.encoder.layers.2.blocks.12.intermediate.dense.bias]
Loading weights:  69%|######9   | 312/449 [00:00<00:00, 784.99it/s, Materializing 
param=swin.encoder.layers.2.blocks.12.intermediate.dense.weight]
Loading weights:  69%|######9   | 312/449 [00:00<00:00, 784.99it/s, Materializing 
param=swin.encoder.layers.2.blocks.12.intermediate.dense.weight]
Loading weights:  70%|######9   | 313/449 [00:00<00:00, 784.99it/s, Materializing 
param=swin.encoder.layers.2.blocks.12.layernorm_after.bias]     
Loading weights:  70%|######9   | 313/449 [00:00<00:00, 784.99it/s, Materializing 
param=swin.encoder.layers.2.blocks.12.layernorm_after.bias]
Loading weights:  70%|######9   | 314/449 [00:00<00:00, 784.99it/s, Materializing 
param=swin.encoder.layers.2.blocks.12.layernorm_after.weight]
Loading weights:  70%|######9   | 314/449 [00:00<00:00, 784.99it/s, Materializing 
param=swin.encoder.layers.2.blocks.12.layernorm_after.weight]
Loading weights:  70%|#######   | 315/449 [00:00<00:00, 784.99it/s, Materializing 
param=swin.encoder.layers.2.blocks.12.layernorm_before.bias] 
Loading weights:  70%|#######   | 315/449 [00:00<00:00, 784.99it/s, Materializing 
param=swin.encoder.layers.2.blocks.12.layernorm_before.bias]
Loading weights:  70%|#######   | 316/449 [00:00<00:00, 784.99it/s, Materializing 
param=swin.encoder.layers.2.blocks.12.layernorm_before.weight]
Loading weights:  70%|#######   | 316/449 [00:00<00:00, 784.99it/s, Materializing 
param=swin.encoder.layers.2.blocks.12.layernorm_before.weight]
Loading weights:  71%|#######   | 317/449 [00:00<00:00, 784.99it/s, Materializing 
param=swin.encoder.layers.2.blocks.12.output.dense.bias]      
Loading weights:  71%|#######   | 317/449 [00:00<00:00, 784.99it/s, Materializing 
param=swin.encoder.layers.2.blocks.12.output.dense.bias]
Loading weights:  71%|#######   | 318/449 [00:00<00:00, 784.99it/s, Materializing 
param=swin.encoder.layers.2.blocks.12.output.dense.weight]
Loading weights:  71%|#######   | 318/449 [00:00<00:00, 784.99it/s, Materializing 
param=swin.encoder.layers.2.blocks.12.output.dense.weight]
Loading weights:  71%|#######1  | 319/449 [00:00<00:00, 784.99it/s, Materializing 
param=swin.encoder.layers.2.blocks.13.attention.output.dense.bias]
Loading weights:  71%|#######1  | 319/449 [00:00<00:00, 784.99it/s, Materializing 
param=swin.encoder.layers.2.blocks.13.attention.output.dense.bias]
Loading weights:  71%|#######1  | 320/449 [00:00<00:00, 784.99it/s, Materializing 
param=swin.encoder.layers.2.blocks.13.attention.output.dense.weight]
Loading weights:  71%|#######1  | 320/449 [00:00<00:00, 784.99it/s, Materializing 
param=swin.encoder.layers.2.blocks.13.attention.output.dense.weight]
Loading weights:  71%|#######1  | 321/449 [00:00<00:00, 784.99it/s, Materializing 
param=swin.encoder.layers.2.blocks.13.attention.self.key.bias]      
Loading weights:  71%|#######1  | 321/449 [00:00<00:00, 784.99it/s, Materializing 
param=swin.encoder.layers.2.blocks.13.attention.self.key.bias]
Loading weights:  72%|#######1  | 322/449 [00:00<00:00, 784.99it/s, Materializing 
param=swin.encoder.layers.2.blocks.13.attention.self.key.weight]
Loading weights:  72%|#######1  | 322/449 [00:00<00:00, 784.99it/s, Materializing 
param=swin.encoder.layers.2.blocks.13.attention.self.key.weight]
Loading weights:  72%|#######1  | 323/449 [00:00<00:00, 784.99it/s, Materializing 
param=swin.encoder.layers.2.blocks.13.attention.self.query.bias]
Loading weights:  72%|#######1  | 323/449 [00:00<00:00, 784.99it/s, Materializing 
param=swin.encoder.layers.2.blocks.13.attention.self.query.bias]
Loading weights:  72%|#######2  | 324/449 [00:00<00:00, 784.99it/s, Materializing 
param=swin.encoder.layers.2.blocks.13.attention.self.query.weight]
Loading weights:  72%|#######2  | 324/449 [00:00<00:00, 784.99it/s, Materializing 
param=swin.encoder.layers.2.blocks.13.attention.self.query.weight]
Loading weights:  72%|#######2  | 325/449 [00:00<00:00, 784.99it/s, Materializing 
param=swin.encoder.layers.2.blocks.13.attention.self.relative_position_bias_table]
Loading weights:  72%|#######2  | 325/449 [00:00<00:00, 784.99it/s, Materializing 
param=swin.encoder.layers.2.blocks.13.attention.self.relative_position_bias_table]
Loading weights:  73%|#######2  | 326/449 [00:00<00:00, 784.99it/s, Materializing 
param=swin.encoder.layers.2.blocks.13.attention.self.relative_position_index]     
Loading weights:  73%|#######2  | 326/449 [00:00<00:00, 784.99it/s, Materializing 
param=swin.encoder.layers.2.blocks.13.attention.self.relative_position_index]
Loading weights:  73%|#######2  | 327/449 [00:00<00:00, 784.99it/s, Materializing 
param=swin.encoder.layers.2.blocks.13.attention.self.value.bias]             
Loading weights:  73%|#######2  | 327/449 [00:00<00:00, 784.99it/s, Materializing 
param=swin.encoder.layers.2.blocks.13.attention.self.value.bias]
Loading weights:  73%|#######3  | 328/449 [00:00<00:00, 784.99it/s, Materializing 
param=swin.encoder.layers.2.blocks.13.attention.self.value.weight]
Loading weights:  73%|#######3  | 328/449 [00:00<00:00, 784.99it/s, Materializing 
param=swin.encoder.layers.2.blocks.13.attention.self.value.weight]
Loading weights:  73%|#######3  | 329/449 [00:00<00:00, 784.99it/s, Materializing 
param=swin.encoder.layers.2.blocks.13.intermediate.dense.bias]    
Loading weights:  73%|#######3  | 329/449 [00:00<00:00, 784.99it/s, Materializing 
param=swin.encoder.layers.2.blocks.13.intermediate.dense.bias]
Loading weights:  73%|#######3  | 330/449 [00:00<00:00, 784.99it/s, Materializing 
param=swin.encoder.layers.2.blocks.13.intermediate.dense.weight]
Loading weights:  73%|#######3  | 330/449 [00:00<00:00, 784.99it/s, Materializing 
param=swin.encoder.layers.2.blocks.13.intermediate.dense.weight]
Loading weights:  74%|#######3  | 331/449 [00:00<00:00, 784.99it/s, Materializing 
param=swin.encoder.layers.2.blocks.13.layernorm_after.bias]     
Loading weights:  74%|#######3  | 331/449 [00:00<00:00, 784.99it/s, Materializing 
param=swin.encoder.layers.2.blocks.13.layernorm_after.bias]
Loading weights:  74%|#######3  | 332/449 [00:00<00:00, 784.99it/s, Materializing 
param=swin.encoder.layers.2.blocks.13.layernorm_after.weight]
Loading weights:  74%|#######3  | 332/449 [00:00<00:00, 784.99it/s, Materializing 
param=swin.encoder.layers.2.blocks.13.layernorm_after.weight]
Loading weights:  74%|#######4  | 333/449 [00:00<00:00, 784.99it/s, Materializing 
param=swin.encoder.layers.2.blocks.13.layernorm_before.bias] 
Loading weights:  74%|#######4  | 333/449 [00:00<00:00, 784.99it/s, Materializing 
param=swin.encoder.layers.2.blocks.13.layernorm_before.bias]
Loading weights:  74%|#######4  | 334/449 [00:00<00:00, 784.99it/s, Materializing 
param=swin.encoder.layers.2.blocks.13.layernorm_before.weight]
Loading weights:  74%|#######4  | 334/449 [00:00<00:00, 784.99it/s, Materializing 
param=swin.encoder.layers.2.blocks.13.layernorm_before.weight]
Loading weights:  75%|#######4  | 335/449 [00:00<00:00, 784.99it/s, Materializing 
param=swin.encoder.layers.2.blocks.13.output.dense.bias]      
Loading weights:  75%|#######4  | 335/449 [00:00<00:00, 784.99it/s, Materializing 
param=swin.encoder.layers.2.blocks.13.output.dense.bias]
Loading weights:  75%|#######4  | 336/449 [00:00<00:00, 784.99it/s, Materializing 
param=swin.encoder.layers.2.blocks.13.output.dense.weight]
Loading weights:  75%|#######4  | 336/449 [00:00<00:00, 784.99it/s, Materializing 
param=swin.encoder.layers.2.blocks.13.output.dense.weight]
Loading weights:  75%|#######5  | 337/449 [00:00<00:00, 784.99it/s, Materializing 
param=swin.encoder.layers.2.blocks.14.attention.output.dense.bias]
Loading weights:  75%|#######5  | 337/449 [00:00<00:00, 784.99it/s, Materializing 
param=swin.encoder.layers.2.blocks.14.attention.output.dense.bias]
Loading weights:  75%|#######5  | 338/449 [00:00<00:00, 784.99it/s, Materializing 
param=swin.encoder.layers.2.blocks.14.attention.output.dense.weight]
Loading weights:  75%|#######5  | 338/449 [00:00<00:00, 784.99it/s, Materializing 
param=swin.encoder.layers.2.blocks.14.attention.output.dense.weight]
Loading weights:  76%|#######5  | 339/449 [00:00<00:00, 784.99it/s, Materializing 
param=swin.encoder.layers.2.blocks.14.attention.self.key.bias]      
Loading weights:  76%|#######5  | 339/449 [00:00<00:00, 784.99it/s, Materializing 
param=swin.encoder.layers.2.blocks.14.attention.self.key.bias]
Loading weights:  76%|#######5  | 340/449 [00:00<00:00, 784.99it/s, Materializing 
param=swin.encoder.layers.2.blocks.14.attention.self.key.weight]
Loading weights:  76%|#######5  | 340/449 [00:00<00:00, 784.99it/s, Materializing 
param=swin.encoder.layers.2.blocks.14.attention.self.key.weight]
Loading weights:  76%|#######5  | 341/449 [00:00<00:00, 784.99it/s, Materializing 
param=swin.encoder.layers.2.blocks.14.attention.self.query.bias]
Loading weights:  76%|#######5  | 341/449 [00:00<00:00, 784.99it/s, Materializing 
param=swin.encoder.layers.2.blocks.14.attention.self.query.bias]
Loading weights:  76%|#######6  | 342/449 [00:00<00:00, 784.99it/s, Materializing 
param=swin.encoder.layers.2.blocks.14.attention.self.query.weight]
Loading weights:  76%|#######6  | 342/449 [00:00<00:00, 784.99it/s, Materializing 
param=swin.encoder.layers.2.blocks.14.attention.self.query.weight]
Loading weights:  76%|#######6  | 343/449 [00:00<00:00, 784.99it/s, Materializing 
param=swin.encoder.layers.2.blocks.14.attention.self.relative_position_bias_table]
Loading weights:  76%|#######6  | 343/449 [00:00<00:00, 784.99it/s, Materializing 
param=swin.encoder.layers.2.blocks.14.attention.self.relative_position_bias_table]
Loading weights:  77%|#######6  | 344/449 [00:00<00:00, 784.99it/s, Materializing 
param=swin.encoder.layers.2.blocks.14.attention.self.relative_position_index]     
Loading weights:  77%|#######6  | 344/449 [00:00<00:00, 784.99it/s, Materializing 
param=swin.encoder.layers.2.blocks.14.attention.self.relative_position_index]
Loading weights:  77%|#######6  | 345/449 [00:00<00:00, 784.99it/s, Materializing 
param=swin.encoder.layers.2.blocks.14.attention.self.value.bias]             
Loading weights:  77%|#######6  | 345/449 [00:00<00:00, 784.99it/s, Materializing 
param=swin.encoder.layers.2.blocks.14.attention.self.value.bias]
Loading weights:  77%|#######7  | 346/449 [00:00<00:00, 784.99it/s, Materializing 
param=swin.encoder.layers.2.blocks.14.attention.self.value.weight]
Loading weights:  77%|#######7  | 346/449 [00:00<00:00, 784.99it/s, Materializing 
param=swin.encoder.layers.2.blocks.14.attention.self.value.weight]
Loading weights:  77%|#######7  | 347/449 [00:00<00:00, 784.99it/s, Materializing 
param=swin.encoder.layers.2.blocks.14.intermediate.dense.bias]    
Loading weights:  77%|#######7  | 347/449 [00:00<00:00, 784.99it/s, Materializing 
param=swin.encoder.layers.2.blocks.14.intermediate.dense.bias]
Loading weights:  78%|#######7  | 348/449 [00:00<00:00, 784.99it/s, Materializing 
param=swin.encoder.layers.2.blocks.14.intermediate.dense.weight]
Loading weights:  78%|#######7  | 348/449 [00:00<00:00, 784.99it/s, Materializing 
param=swin.encoder.layers.2.blocks.14.intermediate.dense.weight]
Loading weights:  78%|#######7  | 349/449 [00:00<00:00, 784.99it/s, Materializing 
param=swin.encoder.layers.2.blocks.14.layernorm_after.bias]     
Loading weights:  78%|#######7  | 349/449 [00:00<00:00, 784.99it/s, Materializing 
param=swin.encoder.layers.2.blocks.14.layernorm_after.bias]
Loading weights:  78%|#######7  | 350/449 [00:00<00:00, 784.99it/s, Materializing 
param=swin.encoder.layers.2.blocks.14.layernorm_after.weight]
Loading weights:  78%|#######7  | 350/449 [00:00<00:00, 784.99it/s, Materializing 
param=swin.encoder.layers.2.blocks.14.layernorm_after.weight]
Loading weights:  78%|#######8  | 351/449 [00:00<00:00, 784.99it/s, Materializing 
param=swin.encoder.layers.2.blocks.14.layernorm_before.bias] 
Loading weights:  78%|#######8  | 351/449 [00:00<00:00, 784.99it/s, Materializing 
param=swin.encoder.layers.2.blocks.14.layernorm_before.bias]
Loading weights:  78%|#######8  | 352/449 [00:00<00:00, 784.99it/s, Materializing 
param=swin.encoder.layers.2.blocks.14.layernorm_before.weight]
Loading weights:  78%|#######8  | 352/449 [00:00<00:00, 784.99it/s, Materializing 
param=swin.encoder.layers.2.blocks.14.layernorm_before.weight]
Loading weights:  79%|#######8  | 353/449 [00:00<00:00, 784.99it/s, Materializing 
param=swin.encoder.layers.2.blocks.14.output.dense.bias]      
Loading weights:  79%|#######8  | 353/449 [00:00<00:00, 784.99it/s, Materializing 
param=swin.encoder.layers.2.blocks.14.output.dense.bias]
Loading weights:  79%|#######8  | 354/449 [00:00<00:00, 784.99it/s, Materializing 
param=swin.encoder.layers.2.blocks.14.output.dense.weight]
Loading weights:  79%|#######8  | 354/449 [00:00<00:00, 784.99it/s, Materializing 
param=swin.encoder.layers.2.blocks.14.output.dense.weight]
Loading weights:  79%|#######9  | 355/449 [00:00<00:00, 784.99it/s, Materializing 
param=swin.encoder.layers.2.blocks.15.attention.output.dense.bias]
Loading weights:  79%|#######9  | 355/449 [00:00<00:00, 784.99it/s, Materializing 
param=swin.encoder.layers.2.blocks.15.attention.output.dense.bias]
Loading weights:  79%|#######9  | 356/449 [00:00<00:00, 784.99it/s, Materializing 
param=swin.encoder.layers.2.blocks.15.attention.output.dense.weight]
Loading weights:  79%|#######9  | 356/449 [00:00<00:00, 784.99it/s, Materializing 
param=swin.encoder.layers.2.blocks.15.attention.output.dense.weight]
Loading weights:  80%|#######9  | 357/449 [00:00<00:00, 784.99it/s, Materializing 
param=swin.encoder.layers.2.blocks.15.attention.self.key.bias]      
Loading weights:  80%|#######9  | 357/449 [00:00<00:00, 784.99it/s, Materializing 
param=swin.encoder.layers.2.blocks.15.attention.self.key.bias]
Loading weights:  80%|#######9  | 358/449 [00:00<00:00, 784.99it/s, Materializing 
param=swin.encoder.layers.2.blocks.15.attention.self.key.weight]
Loading weights:  80%|#######9  | 358/449 [00:00<00:00, 784.99it/s, Materializing 
param=swin.encoder.layers.2.blocks.15.attention.self.key.weight]
Loading weights:  80%|#######9  | 359/449 [00:00<00:00, 784.99it/s, Materializing 
param=swin.encoder.layers.2.blocks.15.attention.self.query.bias]
Loading weights:  80%|#######9  | 359/449 [00:00<00:00, 784.99it/s, Materializing 
param=swin.encoder.layers.2.blocks.15.attention.self.query.bias]
Loading weights:  80%|########  | 360/449 [00:00<00:00, 784.99it/s, Materializing 
param=swin.encoder.layers.2.blocks.15.attention.self.query.weight]
Loading weights:  80%|########  | 360/449 [00:00<00:00, 784.99it/s, Materializing 
param=swin.encoder.layers.2.blocks.15.attention.self.query.weight]
Loading weights:  80%|########  | 361/449 [00:00<00:00, 784.99it/s, Materializing 
param=swin.encoder.layers.2.blocks.15.attention.self.relative_position_bias_table]
Loading weights:  80%|########  | 361/449 [00:00<00:00, 784.99it/s, Materializing 
param=swin.encoder.layers.2.blocks.15.attention.self.relative_position_bias_table]
Loading weights:  81%|########  | 362/449 [00:00<00:00, 784.99it/s, Materializing 
param=swin.encoder.layers.2.blocks.15.attention.self.relative_position_index]     
Loading weights:  81%|########  | 362/449 [00:00<00:00, 784.99it/s, Materializing 
param=swin.encoder.layers.2.blocks.15.attention.self.relative_position_index]
Loading weights:  81%|########  | 363/449 [00:00<00:00, 784.99it/s, Materializing 
param=swin.encoder.layers.2.blocks.15.attention.self.value.bias]             
Loading weights:  81%|########  | 363/449 [00:00<00:00, 784.99it/s, Materializing 
param=swin.encoder.layers.2.blocks.15.attention.self.value.bias]
Loading weights:  81%|########1 | 364/449 [00:00<00:00, 784.99it/s, Materializing 
param=swin.encoder.layers.2.blocks.15.attention.self.value.weight]
Loading weights:  81%|########1 | 364/449 [00:00<00:00, 784.99it/s, Materializing 
param=swin.encoder.layers.2.blocks.15.attention.self.value.weight]
Loading weights:  81%|########1 | 365/449 [00:00<00:00, 784.99it/s, Materializing 
param=swin.encoder.layers.2.blocks.15.intermediate.dense.bias]    
Loading weights:  81%|########1 | 365/449 [00:00<00:00, 784.99it/s, Materializing 
param=swin.encoder.layers.2.blocks.15.intermediate.dense.bias]
Loading weights:  82%|########1 | 366/449 [00:00<00:00, 784.99it/s, Materializing 
param=swin.encoder.layers.2.blocks.15.intermediate.dense.weight]
Loading weights:  82%|########1 | 366/449 [00:00<00:00, 784.99it/s, Materializing 
param=swin.encoder.layers.2.blocks.15.intermediate.dense.weight]
Loading weights:  82%|########1 | 367/449 [00:00<00:00, 784.99it/s, Materializing 
param=swin.encoder.layers.2.blocks.15.layernorm_after.bias]     
Loading weights:  82%|########1 | 367/449 [00:00<00:00, 784.99it/s, Materializing 
param=swin.encoder.layers.2.blocks.15.layernorm_after.bias]
Loading weights:  82%|########1 | 368/449 [00:00<00:00, 923.32it/s, Materializing 
param=swin.encoder.layers.2.blocks.15.layernorm_after.bias]
Loading weights:  82%|########1 | 368/449 [00:00<00:00, 923.32it/s, Materializing 
param=swin.encoder.layers.2.blocks.15.layernorm_after.weight]
Loading weights:  82%|########1 | 368/449 [00:00<00:00, 923.32it/s, Materializing 
param=swin.encoder.layers.2.blocks.15.layernorm_after.weight]
Loading weights:  82%|########2 | 369/449 [00:00<00:00, 923.32it/s, Materializing 
param=swin.encoder.layers.2.blocks.15.layernorm_before.bias] 
Loading weights:  82%|########2 | 369/449 [00:00<00:00, 923.32it/s, Materializing 
param=swin.encoder.layers.2.blocks.15.layernorm_before.bias]
Loading weights:  82%|########2 | 370/449 [00:00<00:00, 923.32it/s, Materializing 
param=swin.encoder.layers.2.blocks.15.layernorm_before.weight]
Loading weights:  82%|########2 | 370/449 [00:00<00:00, 923.32it/s, Materializing 
param=swin.encoder.layers.2.blocks.15.layernorm_before.weight]
Loading weights:  83%|########2 | 371/449 [00:00<00:00, 923.32it/s, Materializing 
param=swin.encoder.layers.2.blocks.15.output.dense.bias]      
Loading weights:  83%|########2 | 371/449 [00:00<00:00, 923.32it/s, Materializing 
param=swin.encoder.layers.2.blocks.15.output.dense.bias]
Loading weights:  83%|########2 | 372/449 [00:00<00:00, 923.32it/s, Materializing 
param=swin.encoder.layers.2.blocks.15.output.dense.weight]
Loading weights:  83%|########2 | 372/449 [00:00<00:00, 923.32it/s, Materializing 
param=swin.encoder.layers.2.blocks.15.output.dense.weight]
Loading weights:  83%|########3 | 373/449 [00:00<00:00, 923.32it/s, Materializing 
param=swin.encoder.layers.2.blocks.16.attention.output.dense.bias]
Loading weights:  83%|########3 | 373/449 [00:00<00:00, 923.32it/s, Materializing 
param=swin.encoder.layers.2.blocks.16.attention.output.dense.bias]
Loading weights:  83%|########3 | 374/449 [00:00<00:00, 923.32it/s, Materializing 
param=swin.encoder.layers.2.blocks.16.attention.output.dense.weight]
Loading weights:  83%|########3 | 374/449 [00:00<00:00, 923.32it/s, Materializing 
param=swin.encoder.layers.2.blocks.16.attention.output.dense.weight]
Loading weights:  84%|########3 | 375/449 [00:00<00:00, 923.32it/s, Materializing 
param=swin.encoder.layers.2.blocks.16.attention.self.key.bias]      
Loading weights:  84%|########3 | 375/449 [00:00<00:00, 923.32it/s, Materializing 
param=swin.encoder.layers.2.blocks.16.attention.self.key.bias]
Loading weights:  84%|########3 | 376/449 [00:00<00:00, 923.32it/s, Materializing 
param=swin.encoder.layers.2.blocks.16.attention.self.key.weight]
Loading weights:  84%|########3 | 376/449 [00:00<00:00, 923.32it/s, Materializing 
param=swin.encoder.layers.2.blocks.16.attention.self.key.weight]
Loading weights:  84%|########3 | 377/449 [00:00<00:00, 923.32it/s, Materializing 
param=swin.encoder.layers.2.blocks.16.attention.self.query.bias]
Loading weights:  84%|########3 | 377/449 [00:00<00:00, 923.32it/s, Materializing 
param=swin.encoder.layers.2.blocks.16.attention.self.query.bias]
Loading weights:  84%|########4 | 378/449 [00:00<00:00, 923.32it/s, Materializing 
param=swin.encoder.layers.2.blocks.16.attention.self.query.weight]
Loading weights:  84%|########4 | 378/449 [00:00<00:00, 923.32it/s, Materializing 
param=swin.encoder.layers.2.blocks.16.attention.self.query.weight]
Loading weights:  84%|########4 | 379/449 [00:00<00:00, 923.32it/s, Materializing 
param=swin.encoder.layers.2.blocks.16.attention.self.relative_position_bias_table]
Loading weights:  84%|########4 | 379/449 [00:00<00:00, 923.32it/s, Materializing 
param=swin.encoder.layers.2.blocks.16.attention.self.relative_position_bias_table]
Loading weights:  85%|########4 | 380/449 [00:00<00:00, 923.32it/s, Materializing 
param=swin.encoder.layers.2.blocks.16.attention.self.relative_position_index]     
Loading weights:  85%|########4 | 380/449 [00:00<00:00, 923.32it/s, Materializing 
param=swin.encoder.layers.2.blocks.16.attention.self.relative_position_index]
Loading weights:  85%|########4 | 381/449 [00:00<00:00, 923.32it/s, Materializing 
param=swin.encoder.layers.2.blocks.16.attention.self.value.bias]             
Loading weights:  85%|########4 | 381/449 [00:00<00:00, 923.32it/s, Materializing 
param=swin.encoder.layers.2.blocks.16.attention.self.value.bias]
Loading weights:  85%|########5 | 382/449 [00:00<00:00, 923.32it/s, Materializing 
param=swin.encoder.layers.2.blocks.16.attention.self.value.weight]
Loading weights:  85%|########5 | 382/449 [00:00<00:00, 923.32it/s, Materializing 
param=swin.encoder.layers.2.blocks.16.attention.self.value.weight]
Loading weights:  85%|########5 | 383/449 [00:00<00:00, 923.32it/s, Materializing 
param=swin.encoder.layers.2.blocks.16.intermediate.dense.bias]    
Loading weights:  85%|########5 | 383/449 [00:00<00:00, 923.32it/s, Materializing 
param=swin.encoder.layers.2.blocks.16.intermediate.dense.bias]
Loading weights:  86%|########5 | 384/449 [00:00<00:00, 923.32it/s, Materializing 
param=swin.encoder.layers.2.blocks.16.intermediate.dense.weight]
Loading weights:  86%|########5 | 384/449 [00:00<00:00, 923.32it/s, Materializing 
param=swin.encoder.layers.2.blocks.16.intermediate.dense.weight]
Loading weights:  86%|########5 | 385/449 [00:00<00:00, 923.32it/s, Materializing 
param=swin.encoder.layers.2.blocks.16.layernorm_after.bias]     
Loading weights:  86%|########5 | 385/449 [00:00<00:00, 923.32it/s, Materializing 
param=swin.encoder.layers.2.blocks.16.layernorm_after.bias]
Loading weights:  86%|########5 | 386/449 [00:00<00:00, 923.32it/s, Materializing 
param=swin.encoder.layers.2.blocks.16.layernorm_after.weight]
Loading weights:  86%|########5 | 386/449 [00:00<00:00, 923.32it/s, Materializing 
param=swin.encoder.layers.2.blocks.16.layernorm_after.weight]
Loading weights:  86%|########6 | 387/449 [00:00<00:00, 923.32it/s, Materializing 
param=swin.encoder.layers.2.blocks.16.layernorm_before.bias] 
Loading weights:  86%|########6 | 387/449 [00:00<00:00, 923.32it/s, Materializing 
param=swin.encoder.layers.2.blocks.16.layernorm_before.bias]
Loading weights:  86%|########6 | 388/449 [00:00<00:00, 923.32it/s, Materializing 
param=swin.encoder.layers.2.blocks.16.layernorm_before.weight]
Loading weights:  86%|########6 | 388/449 [00:00<00:00, 923.32it/s, Materializing 
param=swin.encoder.layers.2.blocks.16.layernorm_before.weight]
Loading weights:  87%|########6 | 389/449 [00:00<00:00, 923.32it/s, Materializing 
param=swin.encoder.layers.2.blocks.16.output.dense.bias]      
Loading weights:  87%|########6 | 389/449 [00:00<00:00, 923.32it/s, Materializing 
param=swin.encoder.layers.2.blocks.16.output.dense.bias]
Loading weights:  87%|########6 | 390/449 [00:00<00:00, 923.32it/s, Materializing 
param=swin.encoder.layers.2.blocks.16.output.dense.weight]
Loading weights:  87%|########6 | 390/449 [00:00<00:00, 923.32it/s, Materializing 
param=swin.encoder.layers.2.blocks.16.output.dense.weight]
Loading weights:  87%|########7 | 391/449 [00:00<00:00, 923.32it/s, Materializing 
param=swin.encoder.layers.2.blocks.17.attention.output.dense.bias]
Loading weights:  87%|########7 | 391/449 [00:00<00:00, 923.32it/s, Materializing 
param=swin.encoder.layers.2.blocks.17.attention.output.dense.bias]
Loading weights:  87%|########7 | 392/449 [00:00<00:00, 923.32it/s, Materializing 
param=swin.encoder.layers.2.blocks.17.attention.output.dense.weight]
Loading weights:  87%|########7 | 392/449 [00:00<00:00, 923.32it/s, Materializing 
param=swin.encoder.layers.2.blocks.17.attention.output.dense.weight]
Loading weights:  88%|########7 | 393/449 [00:00<00:00, 923.32it/s, Materializing 
param=swin.encoder.layers.2.blocks.17.attention.self.key.bias]      
Loading weights:  88%|########7 | 393/449 [00:00<00:00, 923.32it/s, Materializing 
param=swin.encoder.layers.2.blocks.17.attention.self.key.bias]
Loading weights:  88%|########7 | 394/449 [00:00<00:00, 923.32it/s, Materializing 
param=swin.encoder.layers.2.blocks.17.attention.self.key.weight]
Loading weights:  88%|########7 | 394/449 [00:00<00:00, 923.32it/s, Materializing 
param=swin.encoder.layers.2.blocks.17.attention.self.key.weight]
Loading weights:  88%|########7 | 395/449 [00:00<00:00, 923.32it/s, Materializing 
param=swin.encoder.layers.2.blocks.17.attention.self.query.bias]
Loading weights:  88%|########7 | 395/449 [00:00<00:00, 923.32it/s, Materializing 
param=swin.encoder.layers.2.blocks.17.attention.self.query.bias]
Loading weights:  88%|########8 | 396/449 [00:00<00:00, 923.32it/s, Materializing 
param=swin.encoder.layers.2.blocks.17.attention.self.query.weight]
Loading weights:  88%|########8 | 396/449 [00:00<00:00, 923.32it/s, Materializing 
param=swin.encoder.layers.2.blocks.17.attention.self.query.weight]
Loading weights:  88%|########8 | 397/449 [00:00<00:00, 923.32it/s, Materializing 
param=swin.encoder.layers.2.blocks.17.attention.self.relative_position_bias_table]
Loading weights:  88%|########8 | 397/449 [00:00<00:00, 923.32it/s, Materializing 
param=swin.encoder.layers.2.blocks.17.attention.self.relative_position_bias_table]
Loading weights:  89%|########8 | 398/449 [00:00<00:00, 923.32it/s, Materializing 
param=swin.encoder.layers.2.blocks.17.attention.self.relative_position_index]     
Loading weights:  89%|########8 | 398/449 [00:00<00:00, 923.32it/s, Materializing 
param=swin.encoder.layers.2.blocks.17.attention.self.relative_position_index]
Loading weights:  89%|########8 | 399/449 [00:00<00:00, 923.32it/s, Materializing 
param=swin.encoder.layers.2.blocks.17.attention.self.value.bias]             
Loading weights:  89%|########8 | 399/449 [00:00<00:00, 923.32it/s, Materializing 
param=swin.encoder.layers.2.blocks.17.attention.self.value.bias]
Loading weights:  89%|########9 | 400/449 [00:00<00:00, 923.32it/s, Materializing 
param=swin.encoder.layers.2.blocks.17.attention.self.value.weight]
Loading weights:  89%|########9 | 400/449 [00:00<00:00, 923.32it/s, Materializing 
param=swin.encoder.layers.2.blocks.17.attention.self.value.weight]
Loading weights:  89%|########9 | 401/449 [00:00<00:00, 923.32it/s, Materializing 
param=swin.encoder.layers.2.blocks.17.intermediate.dense.bias]    
Loading weights:  89%|########9 | 401/449 [00:00<00:00, 923.32it/s, Materializing 
param=swin.encoder.layers.2.blocks.17.intermediate.dense.bias]
Loading weights:  90%|########9 | 402/449 [00:00<00:00, 923.32it/s, Materializing 
param=swin.encoder.layers.2.blocks.17.intermediate.dense.weight]
Loading weights:  90%|########9 | 402/449 [00:00<00:00, 923.32it/s, Materializing 
param=swin.encoder.layers.2.blocks.17.intermediate.dense.weight]
Loading weights:  90%|########9 | 403/449 [00:00<00:00, 923.32it/s, Materializing 
param=swin.encoder.layers.2.blocks.17.layernorm_after.bias]     
Loading weights:  90%|########9 | 403/449 [00:00<00:00, 923.32it/s, Materializing 
param=swin.encoder.layers.2.blocks.17.layernorm_after.bias]
Loading weights:  90%|########9 | 404/449 [00:00<00:00, 923.32it/s, Materializing 
param=swin.encoder.layers.2.blocks.17.layernorm_after.weight]
Loading weights:  90%|########9 | 404/449 [00:00<00:00, 923.32it/s, Materializing 
param=swin.encoder.layers.2.blocks.17.layernorm_after.weight]
Loading weights:  90%|######### | 405/449 [00:00<00:00, 923.32it/s, Materializing 
param=swin.encoder.layers.2.blocks.17.layernorm_before.bias] 
Loading weights:  90%|######### | 405/449 [00:00<00:00, 923.32it/s, Materializing 
param=swin.encoder.layers.2.blocks.17.layernorm_before.bias]
Loading weights:  90%|######### | 406/449 [00:00<00:00, 923.32it/s, Materializing 
param=swin.encoder.layers.2.blocks.17.layernorm_before.weight]
Loading weights:  90%|######### | 406/449 [00:00<00:00, 923.32it/s, Materializing 
param=swin.encoder.layers.2.blocks.17.layernorm_before.weight]
Loading weights:  91%|######### | 407/449 [00:00<00:00, 923.32it/s, Materializing 
param=swin.encoder.layers.2.blocks.17.output.dense.bias]      
Loading weights:  91%|######### | 407/449 [00:00<00:00, 923.32it/s, Materializing 
param=swin.encoder.layers.2.blocks.17.output.dense.bias]
Loading weights:  91%|######### | 408/449 [00:00<00:00, 923.32it/s, Materializing 
param=swin.encoder.layers.2.blocks.17.output.dense.weight]
Loading weights:  91%|######### | 408/449 [00:00<00:00, 923.32it/s, Materializing 
param=swin.encoder.layers.2.blocks.17.output.dense.weight]
Loading weights:  91%|#########1| 409/449 [00:00<00:00, 923.32it/s, Materializing param=swin.encoder.layers.2.downsample.norm.bias]     
    
Loading weights:  91%|#########1| 409/449 [00:00<00:00, 923.32it/s, Materializing param=swin.encoder.layers.2.downsample.norm.bias]
Loading weights:  91%|#########1| 410/449 [00:00<00:00, 923.32it/s, Materializing param=swin.encoder.layers.2.downsample.norm.weight]
Loading weights:  91%|#########1| 410/449 [00:00<00:00, 923.32it/s, Materializing param=swin.encoder.layers.2.downsample.norm.weight]
Loading weights:  92%|#########1| 411/449 [00:00<00:00, 923.32it/s, Materializing 
param=swin.encoder.layers.2.downsample.reduction.weight]
Loading weights:  92%|#########1| 411/449 [00:00<00:00, 923.32it/s, Materializing 
param=swin.encoder.layers.2.downsample.reduction.weight]
Loading weights:  92%|#########1| 412/449 [00:00<00:00, 923.32it/s, Materializing 
param=swin.encoder.layers.3.blocks.0.attention.output.dense.bias]
Loading weights:  92%|#########1| 412/449 [00:00<00:00, 923.32it/s, Materializing 
param=swin.encoder.layers.3.blocks.0.attention.output.dense.bias]
Loading weights:  92%|#########1| 413/449 [00:00<00:00, 923.32it/s, Materializing 
param=swin.encoder.layers.3.blocks.0.attention.output.dense.weight]
Loading weights:  92%|#########1| 413/449 [00:00<00:00, 923.32it/s, Materializing 
param=swin.encoder.layers.3.blocks.0.attention.output.dense.weight]
Loading weights:  92%|#########2| 414/449 [00:00<00:00, 923.32it/s, Materializing 
param=swin.encoder.layers.3.blocks.0.attention.self.key.bias]      
Loading weights:  92%|#########2| 414/449 [00:00<00:00, 923.32it/s, Materializing 
param=swin.encoder.layers.3.blocks.0.attention.self.key.bias]
Loading weights:  92%|#########2| 415/449 [00:00<00:00, 923.32it/s, Materializing 
param=swin.encoder.layers.3.blocks.0.attention.self.key.weight]
Loading weights:  92%|#########2| 415/449 [00:00<00:00, 923.32it/s, Materializing 
param=swin.encoder.layers.3.blocks.0.attention.self.key.weight]
Loading weights:  93%|#########2| 416/449 [00:00<00:00, 923.32it/s, Materializing 
param=swin.encoder.layers.3.blocks.0.attention.self.query.bias]
Loading weights:  93%|#########2| 416/449 [00:00<00:00, 923.32it/s, Materializing 
param=swin.encoder.layers.3.blocks.0.attention.self.query.bias]
Loading weights:  93%|#########2| 417/449 [00:00<00:00, 923.32it/s, Materializing 
param=swin.encoder.layers.3.blocks.0.attention.self.query.weight]
Loading weights:  93%|#########2| 417/449 [00:00<00:00, 923.32it/s, Materializing 
param=swin.encoder.layers.3.blocks.0.attention.self.query.weight]
Loading weights:  93%|#########3| 418/449 [00:00<00:00, 923.32it/s, Materializing 
param=swin.encoder.layers.3.blocks.0.attention.self.relative_position_bias_table]
Loading weights:  93%|#########3| 418/449 [00:00<00:00, 923.32it/s, Materializing 
param=swin.encoder.layers.3.blocks.0.attention.self.relative_position_bias_table]
Loading weights:  93%|#########3| 419/449 [00:00<00:00, 923.32it/s, Materializing 
param=swin.encoder.layers.3.blocks.0.attention.self.relative_position_index]     
Loading weights:  93%|#########3| 419/449 [00:00<00:00, 923.32it/s, Materializing 
param=swin.encoder.layers.3.blocks.0.attention.self.relative_position_index]
Loading weights:  94%|#########3| 420/449 [00:00<00:00, 923.32it/s, Materializing 
param=swin.encoder.layers.3.blocks.0.attention.self.value.bias]             
Loading weights:  94%|#########3| 420/449 [00:00<00:00, 923.32it/s, Materializing 
param=swin.encoder.layers.3.blocks.0.attention.self.value.bias]
Loading weights:  94%|#########3| 421/449 [00:00<00:00, 923.32it/s, Materializing 
param=swin.encoder.layers.3.blocks.0.attention.self.value.weight]
Loading weights:  94%|#########3| 421/449 [00:00<00:00, 923.32it/s, Materializing 
param=swin.encoder.layers.3.blocks.0.attention.self.value.weight]
Loading weights:  94%|#########3| 422/449 [00:00<00:00, 923.32it/s, Materializing 
param=swin.encoder.layers.3.blocks.0.intermediate.dense.bias]    
Loading weights:  94%|#########3| 422/449 [00:00<00:00, 923.32it/s, Materializing 
param=swin.encoder.layers.3.blocks.0.intermediate.dense.bias]
Loading weights:  94%|#########4| 423/449 [00:00<00:00, 923.32it/s, Materializing 
param=swin.encoder.layers.3.blocks.0.intermediate.dense.weight]
Loading weights:  94%|#########4| 423/449 [00:00<00:00, 923.32it/s, Materializing 
param=swin.encoder.layers.3.blocks.0.intermediate.dense.weight]
Loading weights:  94%|#########4| 424/449 [00:00<00:00, 923.32it/s, Materializing 
param=swin.encoder.layers.3.blocks.0.layernorm_after.bias]     
Loading weights:  94%|#########4| 424/449 [00:00<00:00, 923.32it/s, Materializing 
param=swin.encoder.layers.3.blocks.0.layernorm_after.bias]
Loading weights:  95%|#########4| 425/449 [00:00<00:00, 923.32it/s, Materializing 
param=swin.encoder.layers.3.blocks.0.layernorm_after.weight]
Loading weights:  95%|#########4| 425/449 [00:00<00:00, 923.32it/s, Materializing 
param=swin.encoder.layers.3.blocks.0.layernorm_after.weight]
Loading weights:  95%|#########4| 426/449 [00:00<00:00, 923.32it/s, Materializing 
param=swin.encoder.layers.3.blocks.0.layernorm_before.bias] 
Loading weights:  95%|#########4| 426/449 [00:00<00:00, 923.32it/s, Materializing 
param=swin.encoder.layers.3.blocks.0.layernorm_before.bias]
Loading weights:  95%|#########5| 427/449 [00:00<00:00, 923.32it/s, Materializing 
param=swin.encoder.layers.3.blocks.0.layernorm_before.weight]
Loading weights:  95%|#########5| 427/449 [00:00<00:00, 923.32it/s, Materializing 
param=swin.encoder.layers.3.blocks.0.layernorm_before.weight]
Loading weights:  95%|#########5| 428/449 [00:00<00:00, 923.32it/s, Materializing 
param=swin.encoder.layers.3.blocks.0.output.dense.bias]      
Loading weights:  95%|#########5| 428/449 [00:00<00:00, 923.32it/s, Materializing 
param=swin.encoder.layers.3.blocks.0.output.dense.bias]
Loading weights:  96%|#########5| 429/449 [00:00<00:00, 923.32it/s, Materializing 
param=swin.encoder.layers.3.blocks.0.output.dense.weight]
Loading weights:  96%|#########5| 429/449 [00:00<00:00, 923.32it/s, Materializing 
param=swin.encoder.layers.3.blocks.0.output.dense.weight]
Loading weights:  96%|#########5| 430/449 [00:00<00:00, 923.32it/s, Materializing 
param=swin.encoder.layers.3.blocks.1.attention.output.dense.bias]
Loading weights:  96%|#########5| 430/449 [00:00<00:00, 923.32it/s, Materializing 
param=swin.encoder.layers.3.blocks.1.attention.output.dense.bias]
Loading weights:  96%|#########5| 431/449 [00:00<00:00, 923.32it/s, Materializing 
param=swin.encoder.layers.3.blocks.1.attention.output.dense.weight]
Loading weights:  96%|#########5| 431/449 [00:00<00:00, 923.32it/s, Materializing 
param=swin.encoder.layers.3.blocks.1.attention.output.dense.weight]
Loading weights:  96%|#########6| 432/449 [00:00<00:00, 923.32it/s, Materializing 
param=swin.encoder.layers.3.blocks.1.attention.self.key.bias]      
Loading weights:  96%|#########6| 432/449 [00:00<00:00, 923.32it/s, Materializing 
param=swin.encoder.layers.3.blocks.1.attention.self.key.bias]
Loading weights:  96%|#########6| 433/449 [00:00<00:00, 923.32it/s, Materializing 
param=swin.encoder.layers.3.blocks.1.attention.self.key.weight]
Loading weights:  96%|#########6| 433/449 [00:00<00:00, 923.32it/s, Materializing 
param=swin.encoder.layers.3.blocks.1.attention.self.key.weight]
Loading weights:  97%|#########6| 434/449 [00:00<00:00, 923.32it/s, Materializing 
param=swin.encoder.layers.3.blocks.1.attention.self.query.bias]
Loading weights:  97%|#########6| 434/449 [00:00<00:00, 923.32it/s, Materializing 
param=swin.encoder.layers.3.blocks.1.attention.self.query.bias]
Loading weights:  97%|#########6| 435/449 [00:00<00:00, 923.32it/s, Materializing 
param=swin.encoder.layers.3.blocks.1.attention.self.query.weight]
Loading weights:  97%|#########6| 435/449 [00:00<00:00, 923.32it/s, Materializing 
param=swin.encoder.layers.3.blocks.1.attention.self.query.weight]
Loading weights:  97%|#########7| 436/449 [00:00<00:00, 923.32it/s, Materializing 
param=swin.encoder.layers.3.blocks.1.attention.self.relative_position_bias_table]
Loading weights:  97%|#########7| 436/449 [00:00<00:00, 923.32it/s, Materializing 
param=swin.encoder.layers.3.blocks.1.attention.self.relative_position_bias_table]
Loading weights:  97%|#########7| 437/449 [00:00<00:00, 923.32it/s, Materializing 
param=swin.encoder.layers.3.blocks.1.attention.self.relative_position_index]     
Loading weights:  97%|#########7| 437/449 [00:00<00:00, 923.32it/s, Materializing 
param=swin.encoder.layers.3.blocks.1.attention.self.relative_position_index]
Loading weights:  98%|#########7| 438/449 [00:00<00:00, 923.32it/s, Materializing 
param=swin.encoder.layers.3.blocks.1.attention.self.value.bias]             
Loading weights:  98%|#########7| 438/449 [00:00<00:00, 923.32it/s, Materializing 
param=swin.encoder.layers.3.blocks.1.attention.self.value.bias]
Loading weights:  98%|#########7| 439/449 [00:00<00:00, 923.32it/s, Materializing 
param=swin.encoder.layers.3.blocks.1.attention.self.value.weight]
Loading weights:  98%|#########7| 439/449 [00:00<00:00, 923.32it/s, Materializing 
param=swin.encoder.layers.3.blocks.1.attention.self.value.weight]
Loading weights:  98%|#########7| 440/449 [00:00<00:00, 923.32it/s, Materializing 
param=swin.encoder.layers.3.blocks.1.intermediate.dense.bias]    
Loading weights:  98%|#########7| 440/449 [00:00<00:00, 923.32it/s, Materializing 
param=swin.encoder.layers.3.blocks.1.intermediate.dense.bias]
Loading weights:  98%|#########8| 441/449 [00:00<00:00, 923.32it/s, Materializing 
param=swin.encoder.layers.3.blocks.1.intermediate.dense.weight]
Loading weights:  98%|#########8| 441/449 [00:00<00:00, 923.32it/s, Materializing 
param=swin.encoder.layers.3.blocks.1.intermediate.dense.weight]
Loading weights:  98%|#########8| 442/449 [00:00<00:00, 923.32it/s, Materializing 
param=swin.encoder.layers.3.blocks.1.layernorm_after.bias]     
Loading weights:  98%|#########8| 442/449 [00:00<00:00, 923.32it/s, Materializing 
param=swin.encoder.layers.3.blocks.1.layernorm_after.bias]
Loading weights:  99%|#########8| 443/449 [00:00<00:00, 923.32it/s, Materializing 
param=swin.encoder.layers.3.blocks.1.layernorm_after.weight]
Loading weights:  99%|#########8| 443/449 [00:00<00:00, 923.32it/s, Materializing 
param=swin.encoder.layers.3.blocks.1.layernorm_after.weight]
Loading weights:  99%|#########8| 444/449 [00:00<00:00, 923.32it/s, Materializing 
param=swin.encoder.layers.3.blocks.1.layernorm_before.bias] 
Loading weights:  99%|#########8| 444/449 [00:00<00:00, 923.32it/s, Materializing 
param=swin.encoder.layers.3.blocks.1.layernorm_before.bias]
Loading weights:  99%|#########9| 445/449 [00:00<00:00, 923.32it/s, Materializing 
param=swin.encoder.layers.3.blocks.1.layernorm_before.weight]
Loading weights:  99%|#########9| 445/449 [00:00<00:00, 923.32it/s, Materializing 
param=swin.encoder.layers.3.blocks.1.layernorm_before.weight]
Loading weights:  99%|#########9| 446/449 [00:00<00:00, 923.32it/s, Materializing 
param=swin.encoder.layers.3.blocks.1.output.dense.bias]      
Loading weights:  99%|#########9| 446/449 [00:00<00:00, 923.32it/s, Materializing 
param=swin.encoder.layers.3.blocks.1.output.dense.bias]
Loading weights: 100%|#########9| 447/449 [00:00<00:00, 923.32it/s, Materializing 
param=swin.encoder.layers.3.blocks.1.output.dense.weight]
Loading weights: 100%|#########9| 447/449 [00:00<00:00, 923.32it/s, Materializing 
param=swin.encoder.layers.3.blocks.1.output.dense.weight]
Loading weights: 100%|#########9| 448/449 [00:00<00:00, 923.32it/s, Materializing param=swin.layernorm.bias]                            
   
Loading weights: 100%|#########9| 448/449 [00:00<00:00, 923.32it/s, Materializing param=swin.layernorm.bias]
Loading weights: 100%|##########| 449/449 [00:00<00:00, 923.32it/s, Materializing param=swin.layernorm.weight]
Loading weights: 100%|##########| 449/449 [00:00<00:00, 923.32it/s, Materializing param=swin.layernorm.weight]
Loading weights: 100%|##########| 449/449 [00:00<00:00, 813.21it/s, Materializing param=swin.layernorm.weight]
Model config labels:
  id2label: {0: 'artificial', 1: 'human'}

Test 1: White image (AI-like, smooth uniform color)
  probs[0] = 0.3723
  probs[1] = 0.6277
  Highest: probs[1] = 0.6277
  Config says: 0=artificial, 1=human

Test 2: Black image (AI-like, smooth uniform color)
  probs[0] = 0.4396
  probs[1] = 0.5604
  Highest: probs[1] = 0.5604

Test 3: Random noise image (natural-like, complex)
  probs[0] = 0.6090
  probs[1] = 0.3910
  Highest: probs[0] = 0.6090

INTERPRETATION:
If white/black images (AI-like) have HIGH probs[1], checkpoint is INVERTED
If white/black images (AI-like) have HIGH probs[0], checkpoint matches config
