timeout : ERROR: Invalid syntax. Default option is not allowed more than '1' time(s).
At line:1 char:1
+ timeout 120 python test_complete_system.py 2>&1 | tee test_output.log
+ ~~~~~~~~~~~~~~~~~~~~~~~~~~~~~~~~~~~~~~~~~~~~~~~
    + CategoryInfo          : NotSpecified: (ERROR: Invalid ...an '1' time(s).:String) [], RemoteException
    + FullyQualifiedErrorId : NativeCommandError
 
Type "TIMEOUT /?" for usage.
