================================================================================
 COMPLETE DEEPFAKE DETECTION SYSTEM TEST
 Image + Video + Audio Detection with Accuracy Metrics
================================================================================

[1/8] Initializing Multi-Model Ensemble Service...
python : 
At line:1 char:1
+ python test_complete_system.py > test_output.txt 2>&1 ; Get-Content t ...
+ ~~~~~~~~~~~~~~~~~~~~~~~~~~~~~~~~~~~~~~~~~~~~~~~~~~~~~
    + CategoryInfo          : NotSpecified: (:String) [], RemoteException
    + FullyQualifiedErrorId : NativeCommandError
 
Loading weights:   0%|          | 0/210 [00:00<?, ?it/s]
Loading weights:   0%|          | 1/210 [00:00<?, ?it/s, Materializing param=classifier.bias]
Loading weights:   0%|          | 1/210 [00:00<?, ?it/s, Materializing param=classifier.bias]
Loading weights:   1%|          | 2/210 [00:00<?, ?it/s, Materializing param=classifier.weight]
Loading weights:   1%|          | 2/210 [00:00<?, ?it/s, Materializing param=classifier.weight]
Loading weights:   1%|1         | 3/210 [00:00<00:00, 2993.08it/s, Materializing param=vision_model.embeddings.patch_embedding.bias]
Loading weights:   1%|1         | 3/210 [00:00<00:00, 1498.14it/s, Materializing param=vision_model.embeddings.patch_embedding.bias]
Loading weights:   2%|1         | 4/210 [00:00<00:00, 1997.53it/s, Materializing param=vision_model.embeddings.patch_embedding.weight]
Loading weights:   2%|1         | 4/210 [00:00<00:00, 1997.53it/s, Materializing param=vision_model.embeddings.patch_embedding.weight]
Loading weights:   2%|2         | 5/210 [00:00<00:00, 2496.91it/s, Materializing 
param=vision_model.embeddings.position_embedding.weight]
Loading weights:   2%|2         | 5/210 [00:00<00:00, 2496.91it/s, Materializing 
param=vision_model.embeddings.position_embedding.weight]
Loading weights:   3%|2         | 6/210 [00:00<00:00, 2996.29it/s, Materializing param=vision_model.encoder.layers.0.layer_norm1.bias]  
 
Loading weights:   3%|2         | 6/210 [00:00<00:00, 1999.03it/s, Materializing param=vision_model.encoder.layers.0.layer_norm1.bias]
Loading weights:   3%|3         | 7/210 [00:00<00:00, 2332.20it/s, Materializing param=vision_model.encoder.layers.0.layer_norm1.weight]
Loading weights:   3%|3         | 7/210 [00:00<00:00, 2332.20it/s, Materializing param=vision_model.encoder.layers.0.layer_norm1.weight]
Loading weights:   4%|3         | 8/210 [00:00<00:00, 1999.67it/s, Materializing param=vision_model.encoder.layers.0.layer_norm2.bias]  
Loading weights:   4%|3         | 8/210 [00:00<00:00, 1999.67it/s, Materializing param=vision_model.encoder.layers.0.layer_norm2.bias]
Loading weights:   4%|4         | 9/210 [00:00<00:00, 1499.51it/s, Materializing param=vision_model.encoder.layers.0.layer_norm2.weight]
Loading weights:   4%|4         | 9/210 [00:00<00:00, 1499.51it/s, Materializing param=vision_model.encoder.layers.0.layer_norm2.weight]
Loading weights:   5%|4         | 10/210 [00:00<00:00, 1505.06it/s, Materializing param=vision_model.encoder.layers.0.mlp.fc1.bias]     
Loading weights:   5%|4         | 10/210 [00:00<00:00, 1505.06it/s, Materializing param=vision_model.encoder.layers.0.mlp.fc1.bias]
Loading weights:   5%|5         | 11/210 [00:00<00:00, 1655.57it/s, Materializing param=vision_model.encoder.layers.0.mlp.fc1.weight]
Loading weights:   5%|5         | 11/210 [00:00<00:00, 1655.57it/s, Materializing param=vision_model.encoder.layers.0.mlp.fc1.weight]
Loading weights:   6%|5         | 12/210 [00:00<00:00, 1806.07it/s, Materializing param=vision_model.encoder.layers.0.mlp.fc2.bias]  
Loading weights:   6%|5         | 12/210 [00:00<00:00, 1806.07it/s, Materializing param=vision_model.encoder.layers.0.mlp.fc2.bias]
Loading weights:   6%|6         | 13/210 [00:00<00:00, 1956.58it/s, Materializing param=vision_model.encoder.layers.0.mlp.fc2.weight]
Loading weights:   6%|6         | 13/210 [00:00<00:00, 1956.58it/s, Materializing param=vision_model.encoder.layers.0.mlp.fc2.weight]
Loading weights:   7%|6         | 14/210 [00:00<00:00, 2107.09it/s, Materializing 
param=vision_model.encoder.layers.0.self_attn.k_proj.bias]
Loading weights:   7%|6         | 14/210 [00:00<00:00, 2107.09it/s, Materializing 
param=vision_model.encoder.layers.0.self_attn.k_proj.bias]
Loading weights:   7%|7         | 15/210 [00:00<00:00, 2257.59it/s, Materializing 
param=vision_model.encoder.layers.0.self_attn.k_proj.weight]
Loading weights:   7%|7         | 15/210 [00:00<00:00, 2257.59it/s, Materializing 
param=vision_model.encoder.layers.0.self_attn.k_proj.weight]
Loading weights:   8%|7         | 16/210 [00:00<00:00, 2408.10it/s, Materializing 
param=vision_model.encoder.layers.0.self_attn.out_proj.bias]
Loading weights:   8%|7         | 16/210 [00:00<00:00, 2408.10it/s, Materializing 
param=vision_model.encoder.layers.0.self_attn.out_proj.bias]
Loading weights:   8%|8         | 17/210 [00:00<00:00, 2558.60it/s, Materializing 
param=vision_model.encoder.layers.0.self_attn.out_proj.weight]
Loading weights:   8%|8         | 17/210 [00:00<00:00, 2558.60it/s, Materializing 
param=vision_model.encoder.layers.0.self_attn.out_proj.weight]
Loading weights:   9%|8         | 18/210 [00:00<00:00, 2709.11it/s, Materializing 
param=vision_model.encoder.layers.0.self_attn.q_proj.bias]    
Loading weights:   9%|8         | 18/210 [00:00<00:00, 2709.11it/s, Materializing 
param=vision_model.encoder.layers.0.self_attn.q_proj.bias]
Loading weights:   9%|9         | 19/210 [00:00<00:00, 2859.62it/s, Materializing 
param=vision_model.encoder.layers.0.self_attn.q_proj.weight]
Loading weights:   9%|9         | 19/210 [00:00<00:00, 2859.62it/s, Materializing 
param=vision_model.encoder.layers.0.self_attn.q_proj.weight]
Loading weights:  10%|9         | 20/210 [00:00<00:00, 3010.12it/s, Materializing 
param=vision_model.encoder.layers.0.self_attn.v_proj.bias]  
Loading weights:  10%|9         | 20/210 [00:00<00:00, 3010.12it/s, Materializing 
param=vision_model.encoder.layers.0.self_attn.v_proj.bias]
Loading weights:  10%|#         | 21/210 [00:00<00:00, 3160.63it/s, Materializing 
param=vision_model.encoder.layers.0.self_attn.v_proj.weight]
Loading weights:  10%|#         | 21/210 [00:00<00:00, 3160.63it/s, Materializing 
param=vision_model.encoder.layers.0.self_attn.v_proj.weight]
Loading weights:  10%|#         | 22/210 [00:00<00:00, 3311.13it/s, Materializing param=vision_model.encoder.layers.1.layer_norm1.bias] 
      
Loading weights:  10%|#         | 22/210 [00:00<00:00, 3311.13it/s, Materializing param=vision_model.encoder.layers.1.layer_norm1.bias]
Loading weights:  11%|#         | 23/210 [00:00<00:00, 3461.64it/s, Materializing 
param=vision_model.encoder.layers.1.layer_norm1.weight]
Loading weights:  11%|#         | 23/210 [00:00<00:00, 3461.64it/s, Materializing 
param=vision_model.encoder.layers.1.layer_norm1.weight]
Loading weights:  11%|#1        | 24/210 [00:00<00:00, 3612.15it/s, Materializing param=vision_model.encoder.layers.1.layer_norm2.bias] 
 
Loading weights:  11%|#1        | 24/210 [00:00<00:00, 3612.15it/s, Materializing param=vision_model.encoder.layers.1.layer_norm2.bias]
Loading weights:  12%|#1        | 25/210 [00:00<00:00, 3762.65it/s, Materializing 
param=vision_model.encoder.layers.1.layer_norm2.weight]
Loading weights:  12%|#1        | 25/210 [00:00<00:00, 3762.65it/s, Materializing 
param=vision_model.encoder.layers.1.layer_norm2.weight]
Loading weights:  12%|#2        | 26/210 [00:00<00:00, 3913.16it/s, Materializing param=vision_model.encoder.layers.1.mlp.fc1.bias]     
 
Loading weights:  12%|#2        | 26/210 [00:00<00:00, 3913.16it/s, Materializing param=vision_model.encoder.layers.1.mlp.fc1.bias]
Loading weights:  13%|#2        | 27/210 [00:00<00:00, 4063.66it/s, Materializing param=vision_model.encoder.layers.1.mlp.fc1.weight]
Loading weights:  13%|#2        | 27/210 [00:00<00:00, 4063.66it/s, Materializing param=vision_model.encoder.layers.1.mlp.fc1.weight]
Loading weights:  13%|#3        | 28/210 [00:00<00:00, 4214.17it/s, Materializing param=vision_model.encoder.layers.1.mlp.fc2.bias]  
Loading weights:  13%|#3        | 28/210 [00:00<00:00, 4214.17it/s, Materializing param=vision_model.encoder.layers.1.mlp.fc2.bias]
Loading weights:  14%|#3        | 29/210 [00:00<00:00, 4364.68it/s, Materializing param=vision_model.encoder.layers.1.mlp.fc2.weight]
Loading weights:  14%|#3        | 29/210 [00:00<00:00, 4364.68it/s, Materializing param=vision_model.encoder.layers.1.mlp.fc2.weight]
Loading weights:  14%|#4        | 30/210 [00:00<00:00, 4515.18it/s, Materializing 
param=vision_model.encoder.layers.1.self_attn.k_proj.bias]
Loading weights:  14%|#4        | 30/210 [00:00<00:00, 4515.18it/s, Materializing 
param=vision_model.encoder.layers.1.self_attn.k_proj.bias]
Loading weights:  15%|#4        | 31/210 [00:00<00:00, 1431.47it/s, Materializing 
param=vision_model.encoder.layers.1.self_attn.k_proj.weight]
Loading weights:  15%|#4        | 31/210 [00:00<00:00, 1431.47it/s, Materializing 
param=vision_model.encoder.layers.1.self_attn.k_proj.weight]
Loading weights:  15%|#5        | 32/210 [00:00<00:00, 1477.65it/s, Materializing 
param=vision_model.encoder.layers.1.self_attn.out_proj.bias]
Loading weights:  15%|#5        | 32/210 [00:00<00:00, 1477.65it/s, Materializing 
param=vision_model.encoder.layers.1.self_attn.out_proj.bias]
Loading weights:  16%|#5        | 33/210 [00:00<00:00, 1523.82it/s, Materializing 
param=vision_model.encoder.layers.1.self_attn.out_proj.weight]
Loading weights:  16%|#5        | 33/210 [00:00<00:00, 1523.82it/s, Materializing 
param=vision_model.encoder.layers.1.self_attn.out_proj.weight]
Loading weights:  16%|#6        | 34/210 [00:00<00:00, 1570.00it/s, Materializing 
param=vision_model.encoder.layers.1.self_attn.q_proj.bias]    
Loading weights:  16%|#6        | 34/210 [00:00<00:00, 1439.94it/s, Materializing 
param=vision_model.encoder.layers.1.self_attn.q_proj.bias]
Loading weights:  17%|#6        | 35/210 [00:00<00:00, 1482.30it/s, Materializing 
param=vision_model.encoder.layers.1.self_attn.q_proj.weight]
Loading weights:  17%|#6        | 35/210 [00:00<00:00, 1482.30it/s, Materializing 
param=vision_model.encoder.layers.1.self_attn.q_proj.weight]
Loading weights:  17%|#7        | 36/210 [00:00<00:00, 1458.61it/s, Materializing 
param=vision_model.encoder.layers.1.self_attn.v_proj.bias]  
Loading weights:  17%|#7        | 36/210 [00:00<00:00, 1458.61it/s, Materializing 
param=vision_model.encoder.layers.1.self_attn.v_proj.bias]
Loading weights:  18%|#7        | 37/210 [00:00<00:00, 1499.12it/s, Materializing 
param=vision_model.encoder.layers.1.self_attn.v_proj.weight]
Loading weights:  18%|#7        | 37/210 [00:00<00:00, 1499.12it/s, Materializing 
param=vision_model.encoder.layers.1.self_attn.v_proj.weight]
Loading weights:  18%|#8        | 38/210 [00:00<00:00, 1480.57it/s, Materializing param=vision_model.encoder.layers.2.layer_norm1.bias] 
      
Loading weights:  18%|#8        | 38/210 [00:00<00:00, 1480.57it/s, Materializing param=vision_model.encoder.layers.2.layer_norm1.bias]
Loading weights:  19%|#8        | 39/210 [00:00<00:00, 1462.66it/s, Materializing 
param=vision_model.encoder.layers.2.layer_norm1.weight]
Loading weights:  19%|#8        | 39/210 [00:00<00:00, 1462.66it/s, Materializing 
param=vision_model.encoder.layers.2.layer_norm1.weight]
Loading weights:  19%|#9        | 40/210 [00:00<00:00, 1500.16it/s, Materializing param=vision_model.encoder.layers.2.layer_norm2.bias] 
 
Loading weights:  19%|#9        | 40/210 [00:00<00:00, 1500.16it/s, Materializing param=vision_model.encoder.layers.2.layer_norm2.bias]
Loading weights:  20%|#9        | 41/210 [00:00<00:00, 1482.10it/s, Materializing 
param=vision_model.encoder.layers.2.layer_norm2.weight]
Loading weights:  20%|#9        | 41/210 [00:00<00:00, 1482.10it/s, Materializing 
param=vision_model.encoder.layers.2.layer_norm2.weight]
Loading weights:  20%|##        | 42/210 [00:00<00:00, 1415.62it/s, Materializing param=vision_model.encoder.layers.2.mlp.fc1.bias]     
 
Loading weights:  20%|##        | 42/210 [00:00<00:00, 1415.62it/s, Materializing param=vision_model.encoder.layers.2.mlp.fc1.bias]
Loading weights:  20%|##        | 43/210 [00:00<00:00, 1402.17it/s, Materializing param=vision_model.encoder.layers.2.mlp.fc1.weight]
Loading weights:  20%|##        | 43/210 [00:00<00:00, 1402.17it/s, Materializing param=vision_model.encoder.layers.2.mlp.fc1.weight]
Loading weights:  21%|##        | 44/210 [00:00<00:00, 1434.78it/s, Materializing param=vision_model.encoder.layers.2.mlp.fc2.bias]  
Loading weights:  21%|##        | 44/210 [00:00<00:00, 1434.78it/s, Materializing param=vision_model.encoder.layers.2.mlp.fc2.bias]
Loading weights:  21%|##1       | 45/210 [00:00<00:00, 1421.03it/s, Materializing param=vision_model.encoder.layers.2.mlp.fc2.weight]
Loading weights:  21%|##1       | 45/210 [00:00<00:00, 1421.03it/s, Materializing param=vision_model.encoder.layers.2.mlp.fc2.weight]
Loading weights:  22%|##1       | 46/210 [00:00<00:00, 1452.61it/s, Materializing 
param=vision_model.encoder.layers.2.self_attn.k_proj.bias]
Loading weights:  22%|##1       | 46/210 [00:00<00:00, 1452.61it/s, Materializing 
param=vision_model.encoder.layers.2.self_attn.k_proj.bias]
Loading weights:  22%|##2       | 47/210 [00:00<00:00, 1438.77it/s, Materializing 
param=vision_model.encoder.layers.2.self_attn.k_proj.weight]
Loading weights:  22%|##2       | 47/210 [00:00<00:00, 1438.77it/s, Materializing 
param=vision_model.encoder.layers.2.self_attn.k_proj.weight]
Loading weights:  23%|##2       | 48/210 [00:00<00:00, 1469.39it/s, Materializing 
param=vision_model.encoder.layers.2.self_attn.out_proj.bias]
Loading weights:  23%|##2       | 48/210 [00:00<00:00, 1469.39it/s, Materializing 
param=vision_model.encoder.layers.2.self_attn.out_proj.bias]
Loading weights:  23%|##3       | 49/210 [00:00<00:00, 1455.32it/s, Materializing 
param=vision_model.encoder.layers.2.self_attn.out_proj.weight]
Loading weights:  23%|##3       | 49/210 [00:00<00:00, 1455.32it/s, Materializing 
param=vision_model.encoder.layers.2.self_attn.out_proj.weight]
Loading weights:  24%|##3       | 50/210 [00:00<00:00, 1485.02it/s, Materializing 
param=vision_model.encoder.layers.2.self_attn.q_proj.bias]    
Loading weights:  24%|##3       | 50/210 [00:00<00:00, 1485.02it/s, Materializing 
param=vision_model.encoder.layers.2.self_attn.q_proj.bias]
Loading weights:  24%|##4       | 51/210 [00:00<00:00, 1471.26it/s, Materializing 
param=vision_model.encoder.layers.2.self_attn.q_proj.weight]
Loading weights:  24%|##4       | 51/210 [00:00<00:00, 1471.26it/s, Materializing 
param=vision_model.encoder.layers.2.self_attn.q_proj.weight]
Loading weights:  25%|##4       | 52/210 [00:00<00:00, 1500.11it/s, Materializing 
param=vision_model.encoder.layers.2.self_attn.v_proj.bias]  
Loading weights:  25%|##4       | 52/210 [00:00<00:00, 1500.11it/s, Materializing 
param=vision_model.encoder.layers.2.self_attn.v_proj.bias]
Loading weights:  25%|##5       | 53/210 [00:00<00:00, 1528.96it/s, Materializing 
param=vision_model.encoder.layers.2.self_attn.v_proj.weight]
Loading weights:  25%|##5       | 53/210 [00:00<00:00, 1485.93it/s, Materializing 
param=vision_model.encoder.layers.2.self_attn.v_proj.weight]
Loading weights:  26%|##5       | 54/210 [00:00<00:00, 1513.97it/s, Materializing param=vision_model.encoder.layers.3.layer_norm1.bias] 
      
Loading weights:  26%|##5       | 54/210 [00:00<00:00, 1513.97it/s, Materializing param=vision_model.encoder.layers.3.layer_norm1.bias]
Loading weights:  26%|##6       | 55/210 [00:00<00:00, 1542.00it/s, Materializing 
param=vision_model.encoder.layers.3.layer_norm1.weight]
Loading weights:  26%|##6       | 55/210 [00:00<00:00, 1542.00it/s, Materializing 
param=vision_model.encoder.layers.3.layer_norm1.weight]
Loading weights:  27%|##6       | 56/210 [00:00<00:00, 1527.34it/s, Materializing param=vision_model.encoder.layers.3.layer_norm2.bias] 
 
Loading weights:  27%|##6       | 56/210 [00:00<00:00, 1527.34it/s, Materializing param=vision_model.encoder.layers.3.layer_norm2.bias]
Loading weights:  27%|##7       | 57/210 [00:00<00:00, 1554.62it/s, Materializing 
param=vision_model.encoder.layers.3.layer_norm2.weight]
Loading weights:  27%|##7       | 57/210 [00:00<00:00, 1554.62it/s, Materializing 
param=vision_model.encoder.layers.3.layer_norm2.weight]
Loading weights:  28%|##7       | 58/210 [00:00<00:00, 1539.82it/s, Materializing param=vision_model.encoder.layers.3.mlp.fc1.bias]     
 
Loading weights:  28%|##7       | 58/210 [00:00<00:00, 1539.82it/s, Materializing param=vision_model.encoder.layers.3.mlp.fc1.bias]
Loading weights:  28%|##8       | 59/210 [00:00<00:00, 1566.37it/s, Materializing param=vision_model.encoder.layers.3.mlp.fc1.weight]
Loading weights:  28%|##8       | 59/210 [00:00<00:00, 1566.37it/s, Materializing param=vision_model.encoder.layers.3.mlp.fc1.weight]
Loading weights:  29%|##8       | 60/210 [00:00<00:00, 1592.91it/s, Materializing param=vision_model.encoder.layers.3.mlp.fc2.bias]  
Loading weights:  29%|##8       | 60/210 [00:00<00:00, 1592.91it/s, Materializing param=vision_model.encoder.layers.3.mlp.fc2.bias]
Loading weights:  29%|##9       | 61/210 [00:00<00:00, 1577.62it/s, Materializing param=vision_model.encoder.layers.3.mlp.fc2.weight]
Loading weights:  29%|##9       | 61/210 [00:00<00:00, 1577.62it/s, Materializing param=vision_model.encoder.layers.3.mlp.fc2.weight]
Loading weights:  30%|##9       | 62/210 [00:00<00:00, 1603.49it/s, Materializing 
param=vision_model.encoder.layers.3.self_attn.k_proj.bias]
Loading weights:  30%|##9       | 62/210 [00:00<00:00, 1562.93it/s, Materializing 
param=vision_model.encoder.layers.3.self_attn.k_proj.bias]
Loading weights:  30%|###       | 63/210 [00:00<00:00, 1517.90it/s, Materializing 
param=vision_model.encoder.layers.3.self_attn.k_proj.weight]
Loading weights:  30%|###       | 63/210 [00:00<00:00, 1517.90it/s, Materializing 
param=vision_model.encoder.layers.3.self_attn.k_proj.weight]
Loading weights:  30%|###       | 64/210 [00:00<00:00, 1319.61it/s, Materializing 
param=vision_model.encoder.layers.3.self_attn.out_proj.bias]
Loading weights:  30%|###       | 64/210 [00:00<00:00, 1319.61it/s, Materializing 
param=vision_model.encoder.layers.3.self_attn.out_proj.bias]
Loading weights:  31%|###       | 65/210 [00:00<00:00, 1313.14it/s, Materializing 
param=vision_model.encoder.layers.3.self_attn.out_proj.weight]
Loading weights:  31%|###       | 65/210 [00:00<00:00, 1313.14it/s, Materializing 
param=vision_model.encoder.layers.3.self_attn.out_proj.weight]
Loading weights:  31%|###1      | 66/210 [00:00<00:00, 1333.34it/s, Materializing 
param=vision_model.encoder.layers.3.self_attn.q_proj.bias]    
Loading weights:  31%|###1      | 66/210 [00:00<00:00, 1333.34it/s, Materializing 
param=vision_model.encoder.layers.3.self_attn.q_proj.bias]
Loading weights:  32%|###1      | 67/210 [00:00<00:00, 1326.76it/s, Materializing 
param=vision_model.encoder.layers.3.self_attn.q_proj.weight]
Loading weights:  32%|###1      | 67/210 [00:00<00:00, 1326.76it/s, Materializing 
param=vision_model.encoder.layers.3.self_attn.q_proj.weight]
Loading weights:  32%|###2      | 68/210 [00:00<00:00, 1346.56it/s, Materializing 
param=vision_model.encoder.layers.3.self_attn.v_proj.bias]  
Loading weights:  32%|###2      | 68/210 [00:00<00:00, 1346.56it/s, Materializing 
param=vision_model.encoder.layers.3.self_attn.v_proj.bias]
Loading weights:  33%|###2      | 69/210 [00:00<00:00, 1366.36it/s, Materializing 
param=vision_model.encoder.layers.3.self_attn.v_proj.weight]
Loading weights:  33%|###2      | 69/210 [00:00<00:00, 1339.86it/s, Materializing 
param=vision_model.encoder.layers.3.self_attn.v_proj.weight]
Loading weights:  33%|###3      | 70/210 [00:00<00:00, 1359.28it/s, Materializing param=vision_model.encoder.layers.4.layer_norm1.bias] 
      
Loading weights:  33%|###3      | 70/210 [00:00<00:00, 1333.45it/s, Materializing param=vision_model.encoder.layers.4.layer_norm1.bias]
Loading weights:  34%|###3      | 71/210 [00:00<00:00, 1352.50it/s, Materializing 
param=vision_model.encoder.layers.4.layer_norm1.weight]
Loading weights:  34%|###3      | 71/210 [00:00<00:00, 1352.50it/s, Materializing 
param=vision_model.encoder.layers.4.layer_norm1.weight]
Loading weights:  34%|###4      | 72/210 [00:00<00:00, 1371.55it/s, Materializing param=vision_model.encoder.layers.4.layer_norm2.bias] 
 
Loading weights:  34%|###4      | 72/210 [00:00<00:00, 1371.55it/s, Materializing param=vision_model.encoder.layers.4.layer_norm2.bias]
Loading weights:  35%|###4      | 73/210 [00:00<00:00, 1364.58it/s, Materializing 
param=vision_model.encoder.layers.4.layer_norm2.weight]
Loading weights:  35%|###4      | 73/210 [00:00<00:00, 1364.58it/s, Materializing 
param=vision_model.encoder.layers.4.layer_norm2.weight]
Loading weights:  35%|###5      | 74/210 [00:00<00:00, 1383.28it/s, Materializing param=vision_model.encoder.layers.4.mlp.fc1.bias]     
 
Loading weights:  35%|###5      | 74/210 [00:00<00:00, 1383.28it/s, Materializing param=vision_model.encoder.layers.4.mlp.fc1.bias]
Loading weights:  36%|###5      | 75/210 [00:00<00:00, 1401.97it/s, Materializing param=vision_model.encoder.layers.4.mlp.fc1.weight]
Loading weights:  36%|###5      | 75/210 [00:00<00:00, 1401.97it/s, Materializing param=vision_model.encoder.layers.4.mlp.fc1.weight]
Loading weights:  36%|###6      | 76/210 [00:00<00:00, 1420.66it/s, Materializing param=vision_model.encoder.layers.4.mlp.fc2.bias]  
Loading weights:  36%|###6      | 76/210 [00:00<00:00, 1420.66it/s, Materializing param=vision_model.encoder.layers.4.mlp.fc2.bias]
Loading weights:  37%|###6      | 77/210 [00:00<00:00, 1399.86it/s, Materializing param=vision_model.encoder.layers.4.mlp.fc2.weight]
Loading weights:  37%|###6      | 77/210 [00:00<00:00, 1399.86it/s, Materializing param=vision_model.encoder.layers.4.mlp.fc2.weight]
Loading weights:  37%|###7      | 78/210 [00:00<00:00, 1418.04it/s, Materializing 
param=vision_model.encoder.layers.4.self_attn.k_proj.bias]
Loading weights:  37%|###7      | 78/210 [00:00<00:00, 1392.55it/s, Materializing 
param=vision_model.encoder.layers.4.self_attn.k_proj.bias]
Loading weights:  38%|###7      | 79/210 [00:00<00:00, 1410.41it/s, Materializing 
param=vision_model.encoder.layers.4.self_attn.k_proj.weight]
Loading weights:  38%|###7      | 79/210 [00:00<00:00, 1410.41it/s, Materializing 
param=vision_model.encoder.layers.4.self_attn.k_proj.weight]
Loading weights:  38%|###8      | 80/210 [00:00<00:00, 1411.07it/s, Materializing 
param=vision_model.encoder.layers.4.self_attn.out_proj.bias]
Loading weights:  38%|###8      | 80/210 [00:00<00:00, 1411.07it/s, Materializing 
param=vision_model.encoder.layers.4.self_attn.out_proj.bias]
Loading weights:  39%|###8      | 81/210 [00:00<00:00, 1428.71it/s, Materializing 
param=vision_model.encoder.layers.4.self_attn.out_proj.weight]
Loading weights:  39%|###8      | 81/210 [00:00<00:00, 1428.71it/s, Materializing 
param=vision_model.encoder.layers.4.self_attn.out_proj.weight]
Loading weights:  39%|###9      | 82/210 [00:00<00:00, 1446.35it/s, Materializing 
param=vision_model.encoder.layers.4.self_attn.q_proj.bias]    
Loading weights:  39%|###9      | 82/210 [00:00<00:00, 1446.35it/s, Materializing 
param=vision_model.encoder.layers.4.self_attn.q_proj.bias]
Loading weights:  40%|###9      | 83/210 [00:00<00:00, 1463.99it/s, Materializing 
param=vision_model.encoder.layers.4.self_attn.q_proj.weight]
Loading weights:  40%|###9      | 83/210 [00:00<00:00, 1463.99it/s, Materializing 
param=vision_model.encoder.layers.4.self_attn.q_proj.weight]
Loading weights:  40%|####      | 84/210 [00:00<00:00, 1481.63it/s, Materializing 
param=vision_model.encoder.layers.4.self_attn.v_proj.bias]  
Loading weights:  40%|####      | 84/210 [00:00<00:00, 1481.63it/s, Materializing 
param=vision_model.encoder.layers.4.self_attn.v_proj.bias]
Loading weights:  40%|####      | 85/210 [00:00<00:00, 1499.26it/s, Materializing 
param=vision_model.encoder.layers.4.self_attn.v_proj.weight]
Loading weights:  40%|####      | 85/210 [00:00<00:00, 1499.26it/s, Materializing 
param=vision_model.encoder.layers.4.self_attn.v_proj.weight]
Loading weights:  41%|####      | 86/210 [00:00<00:00, 1516.90it/s, Materializing param=vision_model.encoder.layers.5.layer_norm1.bias] 
      
Loading weights:  41%|####      | 86/210 [00:00<00:00, 1516.90it/s, Materializing param=vision_model.encoder.layers.5.layer_norm1.bias]
Loading weights:  41%|####1     | 87/210 [00:00<00:00, 1534.54it/s, Materializing 
param=vision_model.encoder.layers.5.layer_norm1.weight]
Loading weights:  41%|####1     | 87/210 [00:00<00:00, 1534.54it/s, Materializing 
param=vision_model.encoder.layers.5.layer_norm1.weight]
Loading weights:  42%|####1     | 88/210 [00:00<00:00, 1552.18it/s, Materializing param=vision_model.encoder.layers.5.layer_norm2.bias] 
 
Loading weights:  42%|####1     | 88/210 [00:00<00:00, 1552.18it/s, Materializing param=vision_model.encoder.layers.5.layer_norm2.bias]
Loading weights:  42%|####2     | 89/210 [00:00<00:00, 1569.82it/s, Materializing 
param=vision_model.encoder.layers.5.layer_norm2.weight]
Loading weights:  42%|####2     | 89/210 [00:00<00:00, 1569.82it/s, Materializing 
param=vision_model.encoder.layers.5.layer_norm2.weight]
Loading weights:  43%|####2     | 90/210 [00:00<00:00, 1587.46it/s, Materializing param=vision_model.encoder.layers.5.mlp.fc1.bias]     
 
Loading weights:  43%|####2     | 90/210 [00:00<00:00, 1255.17it/s, Materializing param=vision_model.encoder.layers.5.mlp.fc1.bias]
Loading weights:  43%|####3     | 91/210 [00:00<00:00, 1269.12it/s, Materializing param=vision_model.encoder.layers.5.mlp.fc1.weight]
Loading weights:  43%|####3     | 91/210 [00:00<00:00, 1269.12it/s, Materializing param=vision_model.encoder.layers.5.mlp.fc1.weight]
Loading weights:  44%|####3     | 92/210 [00:00<00:00, 1247.82it/s, Materializing param=vision_model.encoder.layers.5.mlp.fc2.bias]  
Loading weights:  44%|####3     | 92/210 [00:00<00:00, 1247.82it/s, Materializing param=vision_model.encoder.layers.5.mlp.fc2.bias]
Loading weights:  44%|####4     | 93/210 [00:00<00:00, 1244.37it/s, Materializing param=vision_model.encoder.layers.5.mlp.fc2.weight]
Loading weights:  44%|####4     | 93/210 [00:00<00:00, 1244.37it/s, Materializing param=vision_model.encoder.layers.5.mlp.fc2.weight]
Loading weights:  45%|####4     | 94/210 [00:00<00:00, 1241.21it/s, Materializing 
param=vision_model.encoder.layers.5.self_attn.k_proj.bias]
Loading weights:  45%|####4     | 94/210 [00:00<00:00, 1241.21it/s, Materializing 
param=vision_model.encoder.layers.5.self_attn.k_proj.bias]
Loading weights:  45%|####5     | 95/210 [00:00<00:00, 1254.41it/s, Materializing 
param=vision_model.encoder.layers.5.self_attn.k_proj.weight]
Loading weights:  45%|####5     | 95/210 [00:00<00:00, 1238.05it/s, Materializing 
param=vision_model.encoder.layers.5.self_attn.k_proj.weight]
Loading weights:  46%|####5     | 96/210 [00:00<00:00, 1251.09it/s, Materializing 
param=vision_model.encoder.layers.5.self_attn.out_proj.bias]
Loading weights:  46%|####5     | 96/210 [00:00<00:00, 1251.09it/s, Materializing 
param=vision_model.encoder.layers.5.self_attn.out_proj.bias]
Loading weights:  46%|####6     | 97/210 [00:00<00:00, 1247.88it/s, Materializing 
param=vision_model.encoder.layers.5.self_attn.out_proj.weight]
Loading weights:  46%|####6     | 97/210 [00:00<00:00, 1247.88it/s, Materializing 
param=vision_model.encoder.layers.5.self_attn.out_proj.weight]
Loading weights:  47%|####6     | 98/210 [00:00<00:00, 1260.75it/s, Materializing 
param=vision_model.encoder.layers.5.self_attn.q_proj.bias]    
Loading weights:  47%|####6     | 98/210 [00:00<00:00, 1260.75it/s, Materializing 
param=vision_model.encoder.layers.5.self_attn.q_proj.bias]
Loading weights:  47%|####7     | 99/210 [00:00<00:00, 1273.61it/s, Materializing 
param=vision_model.encoder.layers.5.self_attn.q_proj.weight]
Loading weights:  47%|####7     | 99/210 [00:00<00:00, 1273.61it/s, Materializing 
param=vision_model.encoder.layers.5.self_attn.q_proj.weight]
Loading weights:  48%|####7     | 100/210 [00:00<00:00, 1270.14it/s, Materializing 
param=vision_model.encoder.layers.5.self_attn.v_proj.bias] 
Loading weights:  48%|####7     | 100/210 [00:00<00:00, 1270.14it/s, Materializing 
param=vision_model.encoder.layers.5.self_attn.v_proj.bias]
Loading weights:  48%|####8     | 101/210 [00:00<00:00, 1282.84it/s, Materializing 
param=vision_model.encoder.layers.5.self_attn.v_proj.weight]
Loading weights:  48%|####8     | 101/210 [00:00<00:00, 1282.84it/s, Materializing 
param=vision_model.encoder.layers.5.self_attn.v_proj.weight]
Loading weights:  49%|####8     | 102/210 [00:00<00:00, 1279.29it/s, Materializing 
param=vision_model.encoder.layers.6.layer_norm1.bias]       
Loading weights:  49%|####8     | 102/210 [00:00<00:00, 1279.29it/s, Materializing param=vision_model.encoder.layers.6.layer_norm1.bias]
Loading weights:  49%|####9     | 103/210 [00:00<00:00, 1291.83it/s, Materializing 
param=vision_model.encoder.layers.6.layer_norm1.weight]
Loading weights:  49%|####9     | 103/210 [00:00<00:00, 1291.83it/s, Materializing 
param=vision_model.encoder.layers.6.layer_norm1.weight]
Loading weights:  50%|####9     | 104/210 [00:00<00:00, 1304.37it/s, Materializing 
param=vision_model.encoder.layers.6.layer_norm2.bias]  
Loading weights:  50%|####9     | 104/210 [00:00<00:00, 1288.17it/s, Materializing param=vision_model.encoder.layers.6.layer_norm2.bias]
Loading weights:  50%|#####     | 105/210 [00:00<00:00, 1300.55it/s, Materializing 
param=vision_model.encoder.layers.6.layer_norm2.weight]
Loading weights:  50%|#####     | 105/210 [00:00<00:00, 1300.55it/s, Materializing 
param=vision_model.encoder.layers.6.layer_norm2.weight]
Loading weights:  50%|#####     | 106/210 [00:00<00:00, 1312.94it/s, Materializing param=vision_model.encoder.layers.6.mlp.fc1.bias]    
  
Loading weights:  50%|#####     | 106/210 [00:00<00:00, 1312.94it/s, Materializing param=vision_model.encoder.layers.6.mlp.fc1.bias]
Loading weights:  51%|#####     | 107/210 [00:00<00:00, 1325.32it/s, Materializing param=vision_model.encoder.layers.6.mlp.fc1.weight]
Loading weights:  51%|#####     | 107/210 [00:00<00:00, 1309.24it/s, Materializing param=vision_model.encoder.layers.6.mlp.fc1.weight]
Loading weights:  51%|#####1    | 108/210 [00:00<00:00, 1321.47it/s, Materializing param=vision_model.encoder.layers.6.mlp.fc2.bias]  
Loading weights:  51%|#####1    | 108/210 [00:00<00:00, 1321.47it/s, Materializing param=vision_model.encoder.layers.6.mlp.fc2.bias]
Loading weights:  52%|#####1    | 109/210 [00:00<00:00, 1333.71it/s, Materializing param=vision_model.encoder.layers.6.mlp.fc2.weight]
Loading weights:  52%|#####1    | 109/210 [00:00<00:00, 1333.71it/s, Materializing param=vision_model.encoder.layers.6.mlp.fc2.weight]
Loading weights:  52%|#####2    | 110/210 [00:00<00:00, 1345.94it/s, Materializing 
param=vision_model.encoder.layers.6.self_attn.k_proj.bias]
Loading weights:  52%|#####2    | 110/210 [00:00<00:00, 1345.94it/s, Materializing 
param=vision_model.encoder.layers.6.self_attn.k_proj.bias]
Loading weights:  53%|#####2    | 111/210 [00:00<00:00, 1358.18it/s, Materializing 
param=vision_model.encoder.layers.6.self_attn.k_proj.weight]
Loading weights:  53%|#####2    | 111/210 [00:00<00:00, 1358.18it/s, Materializing 
param=vision_model.encoder.layers.6.self_attn.k_proj.weight]
Loading weights:  53%|#####3    | 112/210 [00:00<00:00, 1353.75it/s, Materializing 
param=vision_model.encoder.layers.6.self_attn.out_proj.bias]
Loading weights:  53%|#####3    | 112/210 [00:00<00:00, 1353.75it/s, Materializing 
param=vision_model.encoder.layers.6.self_attn.out_proj.bias]
Loading weights:  54%|#####3    | 113/210 [00:00<00:00, 1365.84it/s, Materializing 
param=vision_model.encoder.layers.6.self_attn.out_proj.weight]
Loading weights:  54%|#####3    | 113/210 [00:00<00:00, 1365.84it/s, Materializing 
param=vision_model.encoder.layers.6.self_attn.out_proj.weight]
Loading weights:  54%|#####4    | 114/210 [00:00<00:00, 1377.93it/s, Materializing 
param=vision_model.encoder.layers.6.self_attn.q_proj.bias]    
Loading weights:  54%|#####4    | 114/210 [00:00<00:00, 1377.93it/s, Materializing 
param=vision_model.encoder.layers.6.self_attn.q_proj.bias]
Loading weights:  55%|#####4    | 115/210 [00:00<00:00, 1390.02it/s, Materializing 
param=vision_model.encoder.layers.6.self_attn.q_proj.weight]
Loading weights:  55%|#####4    | 115/210 [00:00<00:00, 1390.02it/s, Materializing 
param=vision_model.encoder.layers.6.self_attn.q_proj.weight]
Loading weights:  55%|#####5    | 116/210 [00:00<00:00, 1385.41it/s, Materializing 
param=vision_model.encoder.layers.6.self_attn.v_proj.bias]  
Loading weights:  55%|#####5    | 116/210 [00:00<00:00, 1385.41it/s, Materializing 
param=vision_model.encoder.layers.6.self_attn.v_proj.bias]
Loading weights:  56%|#####5    | 117/210 [00:00<00:00, 1397.35it/s, Materializing 
param=vision_model.encoder.layers.6.self_attn.v_proj.weight]
Loading weights:  56%|#####5    | 117/210 [00:00<00:00, 1397.35it/s, Materializing 
param=vision_model.encoder.layers.6.self_attn.v_proj.weight]
Loading weights:  56%|#####6    | 118/210 [00:00<00:00, 1409.29it/s, Materializing 
param=vision_model.encoder.layers.7.layer_norm1.bias]       
Loading weights:  56%|#####6    | 118/210 [00:00<00:00, 1392.61it/s, Materializing param=vision_model.encoder.layers.7.layer_norm1.bias]
Loading weights:  57%|#####6    | 119/210 [00:00<00:00, 1404.41it/s, Materializing 
param=vision_model.encoder.layers.7.layer_norm1.weight]
Loading weights:  57%|#####6    | 119/210 [00:00<00:00, 1404.41it/s, Materializing 
param=vision_model.encoder.layers.7.layer_norm1.weight]
Loading weights:  57%|#####7    | 120/210 [00:00<00:00, 1416.21it/s, Materializing 
param=vision_model.encoder.layers.7.layer_norm2.bias]  
Loading weights:  57%|#####7    | 120/210 [00:00<00:00, 1399.60it/s, Materializing param=vision_model.encoder.layers.7.layer_norm2.bias]
Loading weights:  58%|#####7    | 121/210 [00:00<00:00, 1411.27it/s, Materializing 
param=vision_model.encoder.layers.7.layer_norm2.weight]
Loading weights:  58%|#####7    | 121/210 [00:00<00:00, 1411.27it/s, Materializing 
param=vision_model.encoder.layers.7.layer_norm2.weight]
Loading weights:  58%|#####8    | 122/210 [00:00<00:00, 1422.93it/s, Materializing param=vision_model.encoder.layers.7.mlp.fc1.bias]    
  
Loading weights:  58%|#####8    | 122/210 [00:00<00:00, 1422.93it/s, Materializing param=vision_model.encoder.layers.7.mlp.fc1.bias]
Loading weights:  59%|#####8    | 123/210 [00:00<00:00, 1418.19it/s, Materializing param=vision_model.encoder.layers.7.mlp.fc1.weight]
Loading weights:  59%|#####8    | 123/210 [00:00<00:00, 1418.19it/s, Materializing param=vision_model.encoder.layers.7.mlp.fc1.weight]
Loading weights:  59%|#####9    | 124/210 [00:00<00:00, 1429.72it/s, Materializing param=vision_model.encoder.layers.7.mlp.fc2.bias]  
Loading weights:  59%|#####9    | 124/210 [00:00<00:00, 1429.72it/s, Materializing param=vision_model.encoder.layers.7.mlp.fc2.bias]
Loading weights:  60%|#####9    | 125/210 [00:00<00:00, 1424.78it/s, Materializing param=vision_model.encoder.layers.7.mlp.fc2.weight]
Loading weights:  60%|#####9    | 125/210 [00:00<00:00, 1424.78it/s, Materializing param=vision_model.encoder.layers.7.mlp.fc2.weight]
Loading weights:  60%|######    | 126/210 [00:00<00:00, 1436.18it/s, Materializing 
param=vision_model.encoder.layers.7.self_attn.k_proj.bias]
Loading weights:  60%|######    | 126/210 [00:00<00:00, 1436.18it/s, Materializing 
param=vision_model.encoder.layers.7.self_attn.k_proj.bias]
Loading weights:  60%|######    | 127/210 [00:00<00:00, 1431.29it/s, Materializing 
param=vision_model.encoder.layers.7.self_attn.k_proj.weight]
Loading weights:  60%|######    | 127/210 [00:00<00:00, 1431.29it/s, Materializing 
param=vision_model.encoder.layers.7.self_attn.k_proj.weight]
Loading weights:  61%|######    | 128/210 [00:00<00:00, 1442.56it/s, Materializing 
param=vision_model.encoder.layers.7.self_attn.out_proj.bias]
Loading weights:  61%|######    | 128/210 [00:00<00:00, 1442.56it/s, Materializing 
param=vision_model.encoder.layers.7.self_attn.out_proj.bias]
Loading weights:  61%|######1   | 129/210 [00:00<00:00, 1453.83it/s, Materializing 
param=vision_model.encoder.layers.7.self_attn.out_proj.weight]
Loading weights:  61%|######1   | 129/210 [00:00<00:00, 1437.59it/s, Materializing 
param=vision_model.encoder.layers.7.self_attn.out_proj.weight]
Loading weights:  62%|######1   | 130/210 [00:00<00:00, 1437.19it/s, Materializing 
param=vision_model.encoder.layers.7.self_attn.q_proj.bias]    
Loading weights:  62%|######1   | 130/210 [00:00<00:00, 1437.19it/s, Materializing 
param=vision_model.encoder.layers.7.self_attn.q_proj.bias]
Loading weights:  62%|######2   | 131/210 [00:00<00:00, 1432.07it/s, Materializing 
param=vision_model.encoder.layers.7.self_attn.q_proj.weight]
Loading weights:  62%|######2   | 131/210 [00:00<00:00, 1432.07it/s, Materializing 
param=vision_model.encoder.layers.7.self_attn.q_proj.weight]
Loading weights:  63%|######2   | 132/210 [00:00<00:00, 1443.00it/s, Materializing 
param=vision_model.encoder.layers.7.self_attn.v_proj.bias]  
Loading weights:  63%|######2   | 132/210 [00:00<00:00, 1427.53it/s, Materializing 
param=vision_model.encoder.layers.7.self_attn.v_proj.bias]
Loading weights:  63%|######3   | 133/210 [00:00<00:00, 1438.35it/s, Materializing 
param=vision_model.encoder.layers.7.self_attn.v_proj.weight]
Loading weights:  63%|######3   | 133/210 [00:00<00:00, 1438.35it/s, Materializing 
param=vision_model.encoder.layers.7.self_attn.v_proj.weight]
Loading weights:  64%|######3   | 134/210 [00:00<00:00, 1449.16it/s, Materializing 
param=vision_model.encoder.layers.8.layer_norm1.bias]       
Loading weights:  64%|######3   | 134/210 [00:00<00:00, 1433.66it/s, Materializing param=vision_model.encoder.layers.8.layer_norm1.bias]
Loading weights:  64%|######4   | 135/210 [00:00<00:00, 1444.36it/s, Materializing 
param=vision_model.encoder.layers.8.layer_norm1.weight]
Loading weights:  64%|######4   | 135/210 [00:00<00:00, 1444.36it/s, Materializing 
param=vision_model.encoder.layers.8.layer_norm1.weight]
Loading weights:  65%|######4   | 136/210 [00:00<00:00, 1455.06it/s, Materializing 
param=vision_model.encoder.layers.8.layer_norm2.bias]  
Loading weights:  65%|######4   | 136/210 [00:00<00:00, 1455.06it/s, Materializing param=vision_model.encoder.layers.8.layer_norm2.bias]
Loading weights:  65%|######5   | 137/210 [00:00<00:00, 1450.29it/s, Materializing 
param=vision_model.encoder.layers.8.layer_norm2.weight]
Loading weights:  65%|######5   | 137/210 [00:00<00:00, 1450.29it/s, Materializing 
param=vision_model.encoder.layers.8.layer_norm2.weight]
Loading weights:  66%|######5   | 138/210 [00:00<00:00, 1460.87it/s, Materializing param=vision_model.encoder.layers.8.mlp.fc1.bias]    
  
Loading weights:  66%|######5   | 138/210 [00:00<00:00, 1460.87it/s, Materializing param=vision_model.encoder.layers.8.mlp.fc1.bias]
Loading weights:  66%|######6   | 139/210 [00:00<00:00, 1456.02it/s, Materializing param=vision_model.encoder.layers.8.mlp.fc1.weight]
Loading weights:  66%|######6   | 139/210 [00:00<00:00, 1456.02it/s, Materializing param=vision_model.encoder.layers.8.mlp.fc1.weight]
Loading weights:  67%|######6   | 140/210 [00:00<00:00, 1466.49it/s, Materializing param=vision_model.encoder.layers.8.mlp.fc2.bias]  
Loading weights:  67%|######6   | 140/210 [00:00<00:00, 1466.49it/s, Materializing param=vision_model.encoder.layers.8.mlp.fc2.bias]
Loading weights:  67%|######7   | 141/210 [00:00<00:00, 1476.97it/s, Materializing param=vision_model.encoder.layers.8.mlp.fc2.weight]
Loading weights:  67%|######7   | 141/210 [00:00<00:00, 1461.66it/s, Materializing param=vision_model.encoder.layers.8.mlp.fc2.weight]
Loading weights:  68%|######7   | 142/210 [00:00<00:00, 1472.03it/s, Materializing 
param=vision_model.encoder.layers.8.self_attn.k_proj.bias]
Loading weights:  68%|######7   | 142/210 [00:00<00:00, 1472.03it/s, Materializing 
param=vision_model.encoder.layers.8.self_attn.k_proj.bias]
Loading weights:  68%|######8   | 143/210 [00:00<00:00, 1482.39it/s, Materializing 
param=vision_model.encoder.layers.8.self_attn.k_proj.weight]
Loading weights:  68%|######8   | 143/210 [00:00<00:00, 1482.39it/s, Materializing 
param=vision_model.encoder.layers.8.self_attn.k_proj.weight]
Loading weights:  69%|######8   | 144/210 [00:00<00:00, 1492.76it/s, Materializing 
param=vision_model.encoder.layers.8.self_attn.out_proj.bias]
Loading weights:  69%|######8   | 144/210 [00:00<00:00, 1492.76it/s, Materializing 
param=vision_model.encoder.layers.8.self_attn.out_proj.bias]
Loading weights:  69%|######9   | 145/210 [00:00<00:00, 1503.13it/s, Materializing 
param=vision_model.encoder.layers.8.self_attn.out_proj.weight]
Loading weights:  69%|######9   | 145/210 [00:00<00:00, 1487.71it/s, Materializing 
param=vision_model.encoder.layers.8.self_attn.out_proj.weight]
Loading weights:  70%|######9   | 146/210 [00:00<00:00, 1497.97it/s, Materializing 
param=vision_model.encoder.layers.8.self_attn.q_proj.bias]    
Loading weights:  70%|######9   | 146/210 [00:00<00:00, 1497.97it/s, Materializing 
param=vision_model.encoder.layers.8.self_attn.q_proj.bias]
Loading weights:  70%|#######   | 147/210 [00:00<00:00, 1508.23it/s, Materializing 
param=vision_model.encoder.layers.8.self_attn.q_proj.weight]
Loading weights:  70%|#######   | 147/210 [00:00<00:00, 1508.23it/s, Materializing 
param=vision_model.encoder.layers.8.self_attn.q_proj.weight]
Loading weights:  70%|#######   | 148/210 [00:00<00:00, 1503.07it/s, Materializing 
param=vision_model.encoder.layers.8.self_attn.v_proj.bias]  
Loading weights:  70%|#######   | 148/210 [00:00<00:00, 1503.07it/s, Materializing 
param=vision_model.encoder.layers.8.self_attn.v_proj.bias]
Loading weights:  71%|#######   | 149/210 [00:00<00:00, 1513.22it/s, Materializing 
param=vision_model.encoder.layers.8.self_attn.v_proj.weight]
Loading weights:  71%|#######   | 149/210 [00:00<00:00, 1513.22it/s, Materializing 
param=vision_model.encoder.layers.8.self_attn.v_proj.weight]
Loading weights:  71%|#######1  | 150/210 [00:00<00:00, 1507.82it/s, Materializing 
param=vision_model.encoder.layers.9.layer_norm1.bias]       
Loading weights:  71%|#######1  | 150/210 [00:00<00:00, 1507.82it/s, Materializing param=vision_model.encoder.layers.9.layer_norm1.bias]
Loading weights:  72%|#######1  | 151/210 [00:00<00:00, 1517.87it/s, Materializing 
param=vision_model.encoder.layers.9.layer_norm1.weight]
Loading weights:  72%|#######1  | 151/210 [00:00<00:00, 1517.87it/s, Materializing 
param=vision_model.encoder.layers.9.layer_norm1.weight]
Loading weights:  72%|#######2  | 152/210 [00:00<00:00, 1512.97it/s, Materializing 
param=vision_model.encoder.layers.9.layer_norm2.bias]  
Loading weights:  72%|#######2  | 152/210 [00:00<00:00, 1512.97it/s, Materializing param=vision_model.encoder.layers.9.layer_norm2.bias]
Loading weights:  73%|#######2  | 153/210 [00:00<00:00, 1522.92it/s, Materializing param=vision_model.encoder.layers.9.layer_norm2.bias]
Loading weights:  73%|#######2  | 153/210 [00:00<00:00, 1522.92it/s, Materializing 
param=vision_model.encoder.layers.9.layer_norm2.weight]
Loading weights:  73%|#######2  | 153/210 [00:00<00:00, 1522.92it/s, Materializing 
param=vision_model.encoder.layers.9.layer_norm2.weight]
Loading weights:  73%|#######3  | 154/210 [00:00<00:00, 1522.92it/s, Materializing param=vision_model.encoder.layers.9.mlp.fc1.bias]    
  
Loading weights:  73%|#######3  | 154/210 [00:00<00:00, 1522.92it/s, Materializing param=vision_model.encoder.layers.9.mlp.fc1.bias]
Loading weights:  74%|#######3  | 155/210 [00:00<00:00, 1522.92it/s, Materializing param=vision_model.encoder.layers.9.mlp.fc1.weight]
Loading weights:  74%|#######3  | 155/210 [00:00<00:00, 1522.92it/s, Materializing param=vision_model.encoder.layers.9.mlp.fc1.weight]
Loading weights:  74%|#######4  | 156/210 [00:00<00:00, 1522.92it/s, Materializing param=vision_model.encoder.layers.9.mlp.fc2.bias]  
Loading weights:  74%|#######4  | 156/210 [00:00<00:00, 1522.92it/s, Materializing param=vision_model.encoder.layers.9.mlp.fc2.bias]
Loading weights:  75%|#######4  | 157/210 [00:00<00:00, 1522.92it/s, Materializing param=vision_model.encoder.layers.9.mlp.fc2.weight]
Loading weights:  75%|#######4  | 157/210 [00:00<00:00, 1522.92it/s, Materializing param=vision_model.encoder.layers.9.mlp.fc2.weight]
Loading weights:  75%|#######5  | 158/210 [00:00<00:00, 1522.92it/s, Materializing 
param=vision_model.encoder.layers.9.self_attn.k_proj.bias]
Loading weights:  75%|#######5  | 158/210 [00:00<00:00, 1522.92it/s, Materializing 
param=vision_model.encoder.layers.9.self_attn.k_proj.bias]
Loading weights:  76%|#######5  | 159/210 [00:00<00:00, 1522.92it/s, Materializing 
param=vision_model.encoder.layers.9.self_attn.k_proj.weight]
Loading weights:  76%|#######5  | 159/210 [00:00<00:00, 1522.92it/s, Materializing 
param=vision_model.encoder.layers.9.self_attn.k_proj.weight]
Loading weights:  76%|#######6  | 160/210 [00:00<00:00, 1522.92it/s, Materializing 
param=vision_model.encoder.layers.9.self_attn.out_proj.bias]
Loading weights:  76%|#######6  | 160/210 [00:00<00:00, 1522.92it/s, Materializing 
param=vision_model.encoder.layers.9.self_attn.out_proj.bias]
Loading weights:  77%|#######6  | 161/210 [00:00<00:00, 1522.92it/s, Materializing 
param=vision_model.encoder.layers.9.self_attn.out_proj.weight]
Loading weights:  77%|#######6  | 161/210 [00:00<00:00, 1522.92it/s, Materializing 
param=vision_model.encoder.layers.9.self_attn.out_proj.weight]
Loading weights:  77%|#######7  | 162/210 [00:00<00:00, 1522.92it/s, Materializing 
param=vision_model.encoder.layers.9.self_attn.q_proj.bias]    
Loading weights:  77%|#######7  | 162/210 [00:00<00:00, 1522.92it/s, Materializing 
param=vision_model.encoder.layers.9.self_attn.q_proj.bias]
Loading weights:  78%|#######7  | 163/210 [00:00<00:00, 1522.92it/s, Materializing 
param=vision_model.encoder.layers.9.self_attn.q_proj.weight]
Loading weights:  78%|#######7  | 163/210 [00:00<00:00, 1522.92it/s, Materializing 
param=vision_model.encoder.layers.9.self_attn.q_proj.weight]
Loading weights:  78%|#######8  | 164/210 [00:00<00:00, 1522.92it/s, Materializing 
param=vision_model.encoder.layers.9.self_attn.v_proj.bias]  
Loading weights:  78%|#######8  | 164/210 [00:00<00:00, 1522.92it/s, Materializing 
param=vision_model.encoder.layers.9.self_attn.v_proj.bias]
Loading weights:  79%|#######8  | 165/210 [00:00<00:00, 1522.92it/s, Materializing 
param=vision_model.encoder.layers.9.self_attn.v_proj.weight]
Loading weights:  79%|#######8  | 165/210 [00:00<00:00, 1522.92it/s, Materializing 
param=vision_model.encoder.layers.9.self_attn.v_proj.weight]
Loading weights:  79%|#######9  | 166/210 [00:00<00:00, 1522.92it/s, Materializing 
param=vision_model.encoder.layers.10.layer_norm1.bias]      
Loading weights:  79%|#######9  | 166/210 [00:00<00:00, 1522.92it/s, Materializing 
param=vision_model.encoder.layers.10.layer_norm1.bias]
Loading weights:  80%|#######9  | 167/210 [00:00<00:00, 1522.92it/s, Materializing 
param=vision_model.encoder.layers.10.layer_norm1.weight]
Loading weights:  80%|#######9  | 167/210 [00:00<00:00, 1522.92it/s, Materializing 
param=vision_model.encoder.layers.10.layer_norm1.weight]
Loading weights:  80%|########  | 168/210 [00:00<00:00, 1522.92it/s, Materializing 
param=vision_model.encoder.layers.10.layer_norm2.bias]  
Loading weights:  80%|########  | 168/210 [00:00<00:00, 1522.92it/s, Materializing 
param=vision_model.encoder.layers.10.layer_norm2.bias]
Loading weights:  80%|########  | 169/210 [00:00<00:00, 1522.92it/s, Materializing 
param=vision_model.encoder.layers.10.layer_norm2.weight]
Loading weights:  80%|########  | 169/210 [00:00<00:00, 1522.92it/s, Materializing 
param=vision_model.encoder.layers.10.layer_norm2.weight]
Loading weights:  81%|########  | 170/210 [00:00<00:00, 1522.92it/s, Materializing param=vision_model.encoder.layers.10.mlp.fc1.bias]   
   
Loading weights:  81%|########  | 170/210 [00:00<00:00, 1522.92it/s, Materializing param=vision_model.encoder.layers.10.mlp.fc1.bias]
Loading weights:  81%|########1 | 171/210 [00:00<00:00, 1522.92it/s, Materializing param=vision_model.encoder.layers.10.mlp.fc1.weight]
Loading weights:  81%|########1 | 171/210 [00:00<00:00, 1522.92it/s, Materializing param=vision_model.encoder.layers.10.mlp.fc1.weight]
Loading weights:  82%|########1 | 172/210 [00:00<00:00, 1522.92it/s, Materializing param=vision_model.encoder.layers.10.mlp.fc2.bias]  
Loading weights:  82%|########1 | 172/210 [00:00<00:00, 1522.92it/s, Materializing param=vision_model.encoder.layers.10.mlp.fc2.bias]
Loading weights:  82%|########2 | 173/210 [00:00<00:00, 1522.92it/s, Materializing param=vision_model.encoder.layers.10.mlp.fc2.weight]
Loading weights:  82%|########2 | 173/210 [00:00<00:00, 1522.92it/s, Materializing param=vision_model.encoder.layers.10.mlp.fc2.weight]
Loading weights:  83%|########2 | 174/210 [00:00<00:00, 1522.92it/s, Materializing 
param=vision_model.encoder.layers.10.self_attn.k_proj.bias]
Loading weights:  83%|########2 | 174/210 [00:00<00:00, 1522.92it/s, Materializing 
param=vision_model.encoder.layers.10.self_attn.k_proj.bias]
Loading weights:  83%|########3 | 175/210 [00:00<00:00, 1522.92it/s, Materializing 
param=vision_model.encoder.layers.10.self_attn.k_proj.weight]
Loading weights:  83%|########3 | 175/210 [00:00<00:00, 1522.92it/s, Materializing 
param=vision_model.encoder.layers.10.self_attn.k_proj.weight]
Loading weights:  84%|########3 | 176/210 [00:00<00:00, 1522.92it/s, Materializing 
param=vision_model.encoder.layers.10.self_attn.out_proj.bias]
Loading weights:  84%|########3 | 176/210 [00:00<00:00, 1522.92it/s, Materializing 
param=vision_model.encoder.layers.10.self_attn.out_proj.bias]
Loading weights:  84%|########4 | 177/210 [00:00<00:00, 1522.92it/s, Materializing 
param=vision_model.encoder.layers.10.self_attn.out_proj.weight]
Loading weights:  84%|########4 | 177/210 [00:00<00:00, 1522.92it/s, Materializing 
param=vision_model.encoder.layers.10.self_attn.out_proj.weight]
Loading weights:  85%|########4 | 178/210 [00:00<00:00, 1522.92it/s, Materializing 
param=vision_model.encoder.layers.10.self_attn.q_proj.bias]    
Loading weights:  85%|########4 | 178/210 [00:00<00:00, 1522.92it/s, Materializing 
param=vision_model.encoder.layers.10.self_attn.q_proj.bias]
Loading weights:  85%|########5 | 179/210 [00:00<00:00, 1522.92it/s, Materializing 
param=vision_model.encoder.layers.10.self_attn.q_proj.weight]
Loading weights:  85%|########5 | 179/210 [00:00<00:00, 1522.92it/s, Materializing 
param=vision_model.encoder.layers.10.self_attn.q_proj.weight]
Loading weights:  86%|########5 | 180/210 [00:00<00:00, 1522.92it/s, Materializing 
param=vision_model.encoder.layers.10.self_attn.v_proj.bias]  
Loading weights:  86%|########5 | 180/210 [00:00<00:00, 1522.92it/s, Materializing 
param=vision_model.encoder.layers.10.self_attn.v_proj.bias]
Loading weights:  86%|########6 | 181/210 [00:00<00:00, 1522.92it/s, Materializing 
param=vision_model.encoder.layers.10.self_attn.v_proj.weight]
Loading weights:  86%|########6 | 181/210 [00:00<00:00, 1522.92it/s, Materializing 
param=vision_model.encoder.layers.10.self_attn.v_proj.weight]
Loading weights:  87%|########6 | 182/210 [00:00<00:00, 1522.92it/s, Materializing 
param=vision_model.encoder.layers.11.layer_norm1.bias]       
Loading weights:  87%|########6 | 182/210 [00:00<00:00, 1522.92it/s, Materializing 
param=vision_model.encoder.layers.11.layer_norm1.bias]
Loading weights:  87%|########7 | 183/210 [00:00<00:00, 1522.92it/s, Materializing 
param=vision_model.encoder.layers.11.layer_norm1.weight]
Loading weights:  87%|########7 | 183/210 [00:00<00:00, 1522.92it/s, Materializing 
param=vision_model.encoder.layers.11.layer_norm1.weight]
Loading weights:  88%|########7 | 184/210 [00:00<00:00, 1522.92it/s, Materializing 
param=vision_model.encoder.layers.11.layer_norm2.bias]  
Loading weights:  88%|########7 | 184/210 [00:00<00:00, 1522.92it/s, Materializing 
param=vision_model.encoder.layers.11.layer_norm2.bias]
Loading weights:  88%|########8 | 185/210 [00:00<00:00, 1522.92it/s, Materializing 
param=vision_model.encoder.layers.11.layer_norm2.weight]
Loading weights:  88%|########8 | 185/210 [00:00<00:00, 1522.92it/s, Materializing 
param=vision_model.encoder.layers.11.layer_norm2.weight]
Loading weights:  89%|########8 | 186/210 [00:00<00:00, 1522.92it/s, Materializing param=vision_model.encoder.layers.11.mlp.fc1.bias]   
   
Loading weights:  89%|########8 | 186/210 [00:00<00:00, 1522.92it/s, Materializing param=vision_model.encoder.layers.11.mlp.fc1.bias]
Loading weights:  89%|########9 | 187/210 [00:00<00:00, 1522.92it/s, Materializing param=vision_model.encoder.layers.11.mlp.fc1.weight]
Loading weights:  89%|########9 | 187/210 [00:00<00:00, 1522.92it/s, Materializing param=vision_model.encoder.layers.11.mlp.fc1.weight]
Loading weights:  90%|########9 | 188/210 [00:00<00:00, 1522.92it/s, Materializing param=vision_model.encoder.layers.11.mlp.fc2.bias]  
Loading weights:  90%|########9 | 188/210 [00:00<00:00, 1522.92it/s, Materializing param=vision_model.encoder.layers.11.mlp.fc2.bias]
Loading weights:  90%|######### | 189/210 [00:00<00:00, 1522.92it/s, Materializing param=vision_model.encoder.layers.11.mlp.fc2.weight]
Loading weights:  90%|######### | 189/210 [00:00<00:00, 1522.92it/s, Materializing param=vision_model.encoder.layers.11.mlp.fc2.weight]
Loading weights:  90%|######### | 190/210 [00:00<00:00, 1522.92it/s, Materializing 
param=vision_model.encoder.layers.11.self_attn.k_proj.bias]
Loading weights:  90%|######### | 190/210 [00:00<00:00, 1522.92it/s, Materializing 
param=vision_model.encoder.layers.11.self_attn.k_proj.bias]
Loading weights:  91%|######### | 191/210 [00:00<00:00, 1522.92it/s, Materializing 
param=vision_model.encoder.layers.11.self_attn.k_proj.weight]
Loading weights:  91%|######### | 191/210 [00:00<00:00, 1522.92it/s, Materializing 
param=vision_model.encoder.layers.11.self_attn.k_proj.weight]
Loading weights:  91%|#########1| 192/210 [00:00<00:00, 1522.92it/s, Materializing 
param=vision_model.encoder.layers.11.self_attn.out_proj.bias]
Loading weights:  91%|#########1| 192/210 [00:00<00:00, 1522.92it/s, Materializing 
param=vision_model.encoder.layers.11.self_attn.out_proj.bias]
Loading weights:  92%|#########1| 193/210 [00:00<00:00, 1522.92it/s, Materializing 
param=vision_model.encoder.layers.11.self_attn.out_proj.weight]
Loading weights:  92%|#########1| 193/210 [00:00<00:00, 1522.92it/s, Materializing 
param=vision_model.encoder.layers.11.self_attn.out_proj.weight]
Loading weights:  92%|#########2| 194/210 [00:00<00:00, 1522.92it/s, Materializing 
param=vision_model.encoder.layers.11.self_attn.q_proj.bias]    
Loading weights:  92%|#########2| 194/210 [00:00<00:00, 1522.92it/s, Materializing 
param=vision_model.encoder.layers.11.self_attn.q_proj.bias]
Loading weights:  93%|#########2| 195/210 [00:00<00:00, 1522.92it/s, Materializing 
param=vision_model.encoder.layers.11.self_attn.q_proj.weight]
Loading weights:  93%|#########2| 195/210 [00:00<00:00, 1522.92it/s, Materializing 
param=vision_model.encoder.layers.11.self_attn.q_proj.weight]
Loading weights:  93%|#########3| 196/210 [00:00<00:00, 1522.92it/s, Materializing 
param=vision_model.encoder.layers.11.self_attn.v_proj.bias]  
Loading weights:  93%|#########3| 196/210 [00:00<00:00, 1522.92it/s, Materializing 
param=vision_model.encoder.layers.11.self_attn.v_proj.bias]
Loading weights:  94%|#########3| 197/210 [00:00<00:00, 1522.92it/s, Materializing 
param=vision_model.encoder.layers.11.self_attn.v_proj.weight]
Loading weights:  94%|#########3| 197/210 [00:00<00:00, 1522.92it/s, Materializing 
param=vision_model.encoder.layers.11.self_attn.v_proj.weight]
Loading weights:  94%|#########4| 198/210 [00:00<00:00, 1522.92it/s, Materializing param=vision_model.head.attention.in_proj_bias]      
        
Loading weights:  94%|#########4| 198/210 [00:00<00:00, 1522.92it/s, Materializing param=vision_model.head.attention.in_proj_bias]
Loading weights:  95%|#########4| 199/210 [00:00<00:00, 1522.92it/s, Materializing param=vision_model.head.attention.in_proj_weight]
Loading weights:  95%|#########4| 199/210 [00:00<00:00, 1522.92it/s, Materializing param=vision_model.head.attention.in_proj_weight]
Loading weights:  95%|#########5| 200/210 [00:00<00:00, 1522.92it/s, Materializing param=vision_model.head.attention.out_proj.bias] 
Loading weights:  95%|#########5| 200/210 [00:00<00:00, 1522.92it/s, Materializing param=vision_model.head.attention.out_proj.bias]
Loading weights:  96%|#########5| 201/210 [00:00<00:00, 1522.92it/s, Materializing param=vision_model.head.attention.out_proj.weight]
Loading weights:  96%|#########5| 201/210 [00:00<00:00, 1522.92it/s, Materializing param=vision_model.head.attention.out_proj.weight]
Loading weights:  96%|#########6| 202/210 [00:00<00:00, 1522.92it/s, Materializing param=vision_model.head.layernorm.bias]           
Loading weights:  96%|#########6| 202/210 [00:00<00:00, 1522.92it/s, Materializing param=vision_model.head.layernorm.bias]
Loading weights:  97%|#########6| 203/210 [00:00<00:00, 1522.92it/s, Materializing param=vision_model.head.layernorm.weight]
Loading weights:  97%|#########6| 203/210 [00:00<00:00, 1522.92it/s, Materializing param=vision_model.head.layernorm.weight]
Loading weights:  97%|#########7| 204/210 [00:00<00:00, 1522.92it/s, Materializing param=vision_model.head.mlp.fc1.bias]    
Loading weights:  97%|#########7| 204/210 [00:00<00:00, 1522.92it/s, Materializing param=vision_model.head.mlp.fc1.bias]
Loading weights:  98%|#########7| 205/210 [00:00<00:00, 1522.92it/s, Materializing param=vision_model.head.mlp.fc1.weight]
Loading weights:  98%|#########7| 205/210 [00:00<00:00, 1522.92it/s, Materializing param=vision_model.head.mlp.fc1.weight]
Loading weights:  98%|#########8| 206/210 [00:00<00:00, 1522.92it/s, Materializing param=vision_model.head.mlp.fc2.bias]  
Loading weights:  98%|#########8| 206/210 [00:00<00:00, 1522.92it/s, Materializing param=vision_model.head.mlp.fc2.bias]
Loading weights:  99%|#########8| 207/210 [00:00<00:00, 1522.92it/s, Materializing param=vision_model.head.mlp.fc2.weight]
Loading weights:  99%|#########8| 207/210 [00:00<00:00, 1522.92it/s, Materializing param=vision_model.head.mlp.fc2.weight]
Loading weights:  99%|#########9| 208/210 [00:00<00:00, 1522.92it/s, Materializing param=vision_model.head.probe]         
Loading weights:  99%|#########9| 208/210 [00:00<00:00, 1522.92it/s, Materializing param=vision_model.head.probe]
Loading weights: 100%|#########9| 209/210 [00:00<00:00, 1522.92it/s, Materializing param=vision_model.post_layernorm.bias]
Loading weights: 100%|#########9| 209/210 [00:00<00:00, 1522.92it/s, Materializing param=vision_model.post_layernorm.bias]
Loading weights: 100%|##########| 210/210 [00:00<00:00, 1522.92it/s, Materializing param=vision_model.post_layernorm.weight]
Loading weights: 100%|##########| 210/210 [00:00<00:00, 1522.92it/s, Materializing param=vision_model.post_layernorm.weight]
Loading weights: 100%|##########| 210/210 [00:00<00:00, 1631.09it/s, Materializing param=vision_model.post_layernorm.weight]
Warning: You are sending unauthenticated requests to the HF Hub. Please set a HF_TOKEN to enable higher rate limits and faster 
downloads.

Loading weights:   0%|          | 0/200 [00:00<?, ?it/s]
Loading weights:   0%|          | 1/200 [00:00<?, ?it/s, Materializing param=classifier.bias]
Loading weights:   0%|          | 1/200 [00:00<?, ?it/s, Materializing param=classifier.bias]
Loading weights:   1%|1         | 2/200 [00:00<?, ?it/s, Materializing param=classifier.weight]
Loading weights:   1%|1         | 2/200 [00:00<?, ?it/s, Materializing param=classifier.weight]
Loading weights:   2%|1         | 3/200 [00:00<00:00, 2998.07it/s, Materializing param=vit.embeddings.cls_token]
Loading weights:   2%|1         | 3/200 [00:00<00:00, 2998.07it/s, Materializing param=vit.embeddings.cls_token]
Loading weights:   2%|2         | 4/200 [00:00<00:00, 1998.48it/s, Materializing param=vit.embeddings.patch_embeddings.projection.bias]
Loading weights:   2%|2         | 4/200 [00:00<00:00, 1331.53it/s, Materializing param=vit.embeddings.patch_embeddings.projection.bias]
Loading weights:   2%|2         | 5/200 [00:00<00:00, 1249.35it/s, Materializing 
param=vit.embeddings.patch_embeddings.projection.weight]
Loading weights:   2%|2         | 5/200 [00:00<00:00, 998.93it/s, Materializing 
param=vit.embeddings.patch_embeddings.projection.weight] 
Loading weights:   3%|3         | 6/200 [00:00<00:00, 1009.42it/s, Materializing param=vit.embeddings.position_embeddings]              
Loading weights:   3%|3         | 6/200 [00:00<00:00, 1009.42it/s, Materializing param=vit.embeddings.position_embeddings]
Loading weights:   4%|3         | 7/200 [00:00<00:00, 1000.82it/s, Materializing param=vit.encoder.layer.0.attention.attention.key.bias]
Loading weights:   4%|3         | 7/200 [00:00<00:00, 1000.82it/s, Materializing param=vit.encoder.layer.0.attention.attention.key.bias]
Loading weights:   4%|4         | 8/200 [00:00<00:00, 1006.37it/s, Materializing 
param=vit.encoder.layer.0.attention.attention.key.weight]
Loading weights:   4%|4         | 8/200 [00:00<00:00, 1006.37it/s, Materializing 
param=vit.encoder.layer.0.attention.attention.key.weight]
Loading weights:   4%|4         | 9/200 [00:00<00:00, 1132.17it/s, Materializing 
param=vit.encoder.layer.0.attention.attention.query.bias]
Loading weights:   4%|4         | 9/200 [00:00<00:00, 1132.17it/s, Materializing 
param=vit.encoder.layer.0.attention.attention.query.bias]
Loading weights:   5%|5         | 10/200 [00:00<00:00, 1117.71it/s, Materializing 
param=vit.encoder.layer.0.attention.attention.query.weight]
Loading weights:   5%|5         | 10/200 [00:00<00:00, 1117.71it/s, Materializing 
param=vit.encoder.layer.0.attention.attention.query.weight]
Loading weights:   6%|5         | 11/200 [00:00<00:00, 1229.48it/s, Materializing 
param=vit.encoder.layer.0.attention.attention.value.bias]  
Loading weights:   6%|5         | 11/200 [00:00<00:00, 1229.48it/s, Materializing 
param=vit.encoder.layer.0.attention.attention.value.bias]
Loading weights:   6%|6         | 12/200 [00:00<00:00, 1206.44it/s, Materializing 
param=vit.encoder.layer.0.attention.attention.value.weight]
Loading weights:   6%|6         | 12/200 [00:00<00:00, 1206.44it/s, Materializing 
param=vit.encoder.layer.0.attention.attention.value.weight]
Loading weights:   6%|6         | 13/200 [00:00<00:00, 1187.28it/s, Materializing 
param=vit.encoder.layer.0.attention.output.dense.bias]     
Loading weights:   6%|6         | 13/200 [00:00<00:00, 1187.28it/s, Materializing param=vit.encoder.layer.0.attention.output.dense.bias]
Loading weights:   7%|7         | 14/200 [00:00<00:00, 1278.61it/s, Materializing 
param=vit.encoder.layer.0.attention.output.dense.weight]
Loading weights:   7%|7         | 14/200 [00:00<00:00, 1278.61it/s, Materializing 
param=vit.encoder.layer.0.attention.output.dense.weight]
Loading weights:   8%|7         | 15/200 [00:00<00:00, 1158.39it/s, Materializing param=vit.encoder.layer.0.intermediate.dense.bias]    
  
Loading weights:   8%|7         | 15/200 [00:00<00:00, 1158.39it/s, Materializing param=vit.encoder.layer.0.intermediate.dense.bias]
Loading weights:   8%|8         | 16/200 [00:00<00:00, 1147.06it/s, Materializing param=vit.encoder.layer.0.intermediate.dense.weight]
Loading weights:   8%|8         | 16/200 [00:00<00:00, 1147.06it/s, Materializing param=vit.encoder.layer.0.intermediate.dense.weight]
Loading weights:   8%|8         | 17/200 [00:00<00:00, 1137.30it/s, Materializing param=vit.encoder.layer.0.layernorm_after.bias]     
Loading weights:   8%|8         | 17/200 [00:00<00:00, 1137.30it/s, Materializing param=vit.encoder.layer.0.layernorm_after.bias]
Loading weights:   9%|9         | 18/200 [00:00<00:00, 1204.20it/s, Materializing param=vit.encoder.layer.0.layernorm_after.weight]
Loading weights:   9%|9         | 18/200 [00:00<00:00, 1204.20it/s, Materializing param=vit.encoder.layer.0.layernorm_after.weight]
Loading weights:  10%|9         | 19/200 [00:00<00:00, 1121.14it/s, Materializing param=vit.encoder.layer.0.layernorm_before.bias] 
Loading weights:  10%|9         | 19/200 [00:00<00:00, 1121.14it/s, Materializing param=vit.encoder.layer.0.layernorm_before.bias]
Loading weights:  10%|#         | 20/200 [00:00<00:00, 1180.15it/s, Materializing param=vit.encoder.layer.0.layernorm_before.weight]
Loading weights:  10%|#         | 20/200 [00:00<00:00, 1114.38it/s, Materializing param=vit.encoder.layer.0.layernorm_before.weight]
Loading weights:  10%|#         | 21/200 [00:00<00:00, 1170.10it/s, Materializing param=vit.encoder.layer.0.output.dense.bias]      
Loading weights:  10%|#         | 21/200 [00:00<00:00, 1170.10it/s, Materializing param=vit.encoder.layer.0.output.dense.bias]
Loading weights:  11%|#1        | 22/200 [00:00<00:00, 1161.20it/s, Materializing param=vit.encoder.layer.0.output.dense.weight]
Loading weights:  11%|#1        | 22/200 [00:00<00:00, 1161.20it/s, Materializing param=vit.encoder.layer.0.output.dense.weight]
Loading weights:  12%|#1        | 23/200 [00:00<00:00, 1213.98it/s, Materializing 
param=vit.encoder.layer.1.attention.attention.key.bias]
Loading weights:  12%|#1        | 23/200 [00:00<00:00, 1153.07it/s, Materializing 
param=vit.encoder.layer.1.attention.attention.key.bias]
Loading weights:  12%|#2        | 24/200 [00:00<00:00, 1146.45it/s, Materializing 
param=vit.encoder.layer.1.attention.attention.key.weight]
Loading weights:  12%|#2        | 24/200 [00:00<00:00, 1146.45it/s, Materializing 
param=vit.encoder.layer.1.attention.attention.key.weight]
Loading weights:  12%|#2        | 25/200 [00:00<00:00, 1194.22it/s, Materializing 
param=vit.encoder.layer.1.attention.attention.query.bias]
Loading weights:  12%|#2        | 25/200 [00:00<00:00, 1194.22it/s, Materializing 
param=vit.encoder.layer.1.attention.attention.query.bias]
Loading weights:  13%|#3        | 26/200 [00:00<00:00, 1241.99it/s, Materializing 
param=vit.encoder.layer.1.attention.attention.query.weight]
Loading weights:  13%|#3        | 26/200 [00:00<00:00, 1241.99it/s, Materializing 
param=vit.encoder.layer.1.attention.attention.query.weight]
Loading weights:  14%|#3        | 27/200 [00:00<00:00, 1289.76it/s, Materializing 
param=vit.encoder.layer.1.attention.attention.value.bias]  
Loading weights:  14%|#3        | 27/200 [00:00<00:00, 1289.76it/s, Materializing 
param=vit.encoder.layer.1.attention.attention.value.bias]
Loading weights:  14%|#4        | 28/200 [00:00<00:00, 1337.53it/s, Materializing 
param=vit.encoder.layer.1.attention.attention.value.weight]
Loading weights:  14%|#4        | 28/200 [00:00<00:00, 1337.53it/s, Materializing 
param=vit.encoder.layer.1.attention.attention.value.weight]
Loading weights:  14%|#4        | 29/200 [00:00<00:00, 1385.30it/s, Materializing 
param=vit.encoder.layer.1.attention.output.dense.bias]     
Loading weights:  14%|#4        | 29/200 [00:00<00:00, 1385.30it/s, Materializing param=vit.encoder.layer.1.attention.output.dense.bias]
Loading weights:  15%|#5        | 30/200 [00:00<00:00, 1433.07it/s, Materializing 
param=vit.encoder.layer.1.attention.output.dense.weight]
Loading weights:  15%|#5        | 30/200 [00:00<00:00, 1433.07it/s, Materializing 
param=vit.encoder.layer.1.attention.output.dense.weight]
Loading weights:  16%|#5        | 31/200 [00:00<00:00, 1480.84it/s, Materializing param=vit.encoder.layer.1.intermediate.dense.bias]    
  
Loading weights:  16%|#5        | 31/200 [00:00<00:00, 1480.84it/s, Materializing param=vit.encoder.layer.1.intermediate.dense.bias]
Loading weights:  16%|#6        | 32/200 [00:00<00:00, 1528.61it/s, Materializing param=vit.encoder.layer.1.intermediate.dense.weight]
Loading weights:  16%|#6        | 32/200 [00:00<00:00, 1528.61it/s, Materializing param=vit.encoder.layer.1.intermediate.dense.weight]
Loading weights:  16%|#6        | 33/200 [00:00<00:00, 1576.38it/s, Materializing param=vit.encoder.layer.1.layernorm_after.bias]     
Loading weights:  16%|#6        | 33/200 [00:00<00:00, 1576.38it/s, Materializing param=vit.encoder.layer.1.layernorm_after.bias]
Loading weights:  17%|#7        | 34/200 [00:00<00:00, 1624.14it/s, Materializing param=vit.encoder.layer.1.layernorm_after.weight]
Loading weights:  17%|#7        | 34/200 [00:00<00:00, 1624.14it/s, Materializing param=vit.encoder.layer.1.layernorm_after.weight]
Loading weights:  18%|#7        | 35/200 [00:00<00:00, 1671.91it/s, Materializing param=vit.encoder.layer.1.layernorm_before.bias] 
Loading weights:  18%|#7        | 35/200 [00:00<00:00, 1671.91it/s, Materializing param=vit.encoder.layer.1.layernorm_before.bias]
Loading weights:  18%|#8        | 36/200 [00:00<00:00, 1719.68it/s, Materializing param=vit.encoder.layer.1.layernorm_before.weight]
Loading weights:  18%|#8        | 36/200 [00:00<00:00, 1719.68it/s, Materializing param=vit.encoder.layer.1.layernorm_before.weight]
Loading weights:  18%|#8        | 37/200 [00:00<00:00, 1767.45it/s, Materializing param=vit.encoder.layer.1.output.dense.bias]      
Loading weights:  18%|#8        | 37/200 [00:00<00:00, 1767.45it/s, Materializing param=vit.encoder.layer.1.output.dense.bias]
Loading weights:  19%|#9        | 38/200 [00:00<00:00, 1815.22it/s, Materializing param=vit.encoder.layer.1.output.dense.weight]
Loading weights:  19%|#9        | 38/200 [00:00<00:00, 1815.22it/s, Materializing param=vit.encoder.layer.1.output.dense.weight]
Loading weights:  20%|#9        | 39/200 [00:00<00:00, 1862.99it/s, Materializing 
param=vit.encoder.layer.2.attention.attention.key.bias]
Loading weights:  20%|#9        | 39/200 [00:00<00:00, 1862.99it/s, Materializing 
param=vit.encoder.layer.2.attention.attention.key.bias]
Loading weights:  20%|##        | 40/200 [00:00<00:00, 1910.76it/s, Materializing 
param=vit.encoder.layer.2.attention.attention.key.weight]
Loading weights:  20%|##        | 40/200 [00:00<00:00, 1910.76it/s, Materializing 
param=vit.encoder.layer.2.attention.attention.key.weight]
Loading weights:  20%|##        | 41/200 [00:00<00:00, 1958.53it/s, Materializing 
param=vit.encoder.layer.2.attention.attention.query.bias]
Loading weights:  20%|##        | 41/200 [00:00<00:00, 1958.53it/s, Materializing 
param=vit.encoder.layer.2.attention.attention.query.bias]
Loading weights:  21%|##1       | 42/200 [00:00<00:00, 2006.30it/s, Materializing 
param=vit.encoder.layer.2.attention.attention.query.weight]
Loading weights:  21%|##1       | 42/200 [00:00<00:00, 2006.30it/s, Materializing 
param=vit.encoder.layer.2.attention.attention.query.weight]
Loading weights:  22%|##1       | 43/200 [00:00<00:00, 1196.29it/s, Materializing 
param=vit.encoder.layer.2.attention.attention.value.bias]  
Loading weights:  22%|##1       | 43/200 [00:00<00:00, 1196.29it/s, Materializing 
param=vit.encoder.layer.2.attention.attention.value.bias]
Loading weights:  22%|##2       | 44/200 [00:00<00:00, 1224.11it/s, Materializing 
param=vit.encoder.layer.2.attention.attention.value.weight]
Loading weights:  22%|##2       | 44/200 [00:00<00:00, 1224.11it/s, Materializing 
param=vit.encoder.layer.2.attention.attention.value.weight]
Loading weights:  22%|##2       | 45/200 [00:00<00:00, 1251.93it/s, Materializing 
param=vit.encoder.layer.2.attention.output.dense.bias]     
Loading weights:  22%|##2       | 45/200 [00:00<00:00, 1176.99it/s, Materializing param=vit.encoder.layer.2.attention.output.dense.bias]
Loading weights:  23%|##3       | 46/200 [00:00<00:00, 1180.94it/s, Materializing 
param=vit.encoder.layer.2.attention.output.dense.weight]
Loading weights:  23%|##3       | 46/200 [00:00<00:00, 1180.94it/s, Materializing 
param=vit.encoder.layer.2.attention.output.dense.weight]
Loading weights:  24%|##3       | 47/200 [00:00<00:00, 1206.61it/s, Materializing param=vit.encoder.layer.2.intermediate.dense.bias]    
  
Loading weights:  24%|##3       | 47/200 [00:00<00:00, 1147.30it/s, Materializing param=vit.encoder.layer.2.intermediate.dense.bias]
Loading weights:  24%|##4       | 48/200 [00:00<00:00, 1171.71it/s, Materializing param=vit.encoder.layer.2.intermediate.dense.weight]
Loading weights:  24%|##4       | 48/200 [00:00<00:00, 1143.78it/s, Materializing param=vit.encoder.layer.2.intermediate.dense.weight]
Loading weights:  24%|##4       | 49/200 [00:00<00:00, 1140.32it/s, Materializing param=vit.encoder.layer.2.layernorm_after.bias]     
Loading weights:  24%|##4       | 49/200 [00:00<00:00, 1140.32it/s, Materializing param=vit.encoder.layer.2.layernorm_after.bias]
Loading weights:  25%|##5       | 50/200 [00:00<00:00, 1137.33it/s, Materializing param=vit.encoder.layer.2.layernorm_after.weight]
Loading weights:  25%|##5       | 50/200 [00:00<00:00, 1137.33it/s, Materializing param=vit.encoder.layer.2.layernorm_after.weight]
Loading weights:  26%|##5       | 51/200 [00:00<00:00, 1134.28it/s, Materializing param=vit.encoder.layer.2.layernorm_before.bias] 
Loading weights:  26%|##5       | 51/200 [00:00<00:00, 1134.28it/s, Materializing param=vit.encoder.layer.2.layernorm_before.bias]
Loading weights:  26%|##6       | 52/200 [00:00<00:00, 1156.52it/s, Materializing param=vit.encoder.layer.2.layernorm_before.weight]
Loading weights:  26%|##6       | 52/200 [00:00<00:00, 1156.52it/s, Materializing param=vit.encoder.layer.2.layernorm_before.weight]
Loading weights:  26%|##6       | 53/200 [00:00<00:00, 1153.03it/s, Materializing param=vit.encoder.layer.2.output.dense.bias]      
Loading weights:  26%|##6       | 53/200 [00:00<00:00, 1153.03it/s, Materializing param=vit.encoder.layer.2.output.dense.bias]
Loading weights:  27%|##7       | 54/200 [00:00<00:00, 1149.73it/s, Materializing param=vit.encoder.layer.2.output.dense.weight]
Loading weights:  27%|##7       | 54/200 [00:00<00:00, 1149.73it/s, Materializing param=vit.encoder.layer.2.output.dense.weight]
Loading weights:  28%|##7       | 55/200 [00:00<00:00, 1171.02it/s, Materializing 
param=vit.encoder.layer.3.attention.attention.key.bias]
Loading weights:  28%|##7       | 55/200 [00:00<00:00, 1146.69it/s, Materializing 
param=vit.encoder.layer.3.attention.attention.key.bias]
Loading weights:  28%|##8       | 56/200 [00:00<00:00, 1167.54it/s, Materializing 
param=vit.encoder.layer.3.attention.attention.key.weight]
Loading weights:  28%|##8       | 56/200 [00:00<00:00, 1167.54it/s, Materializing 
param=vit.encoder.layer.3.attention.attention.key.weight]
Loading weights:  28%|##8       | 57/200 [00:00<00:00, 1164.02it/s, Materializing 
param=vit.encoder.layer.3.attention.attention.query.bias]
Loading weights:  28%|##8       | 57/200 [00:00<00:00, 1164.02it/s, Materializing 
param=vit.encoder.layer.3.attention.attention.query.bias]
Loading weights:  29%|##9       | 58/200 [00:00<00:00, 1184.45it/s, Materializing 
param=vit.encoder.layer.3.attention.attention.query.weight]
Loading weights:  29%|##9       | 58/200 [00:00<00:00, 1184.45it/s, Materializing 
param=vit.encoder.layer.3.attention.attention.query.weight]
Loading weights:  30%|##9       | 59/200 [00:00<00:00, 1204.87it/s, Materializing 
param=vit.encoder.layer.3.attention.attention.value.bias]  
Loading weights:  30%|##9       | 59/200 [00:00<00:00, 1204.87it/s, Materializing 
param=vit.encoder.layer.3.attention.attention.value.bias]
Loading weights:  30%|###       | 60/200 [00:00<00:00, 1200.91it/s, Materializing 
param=vit.encoder.layer.3.attention.attention.value.weight]
Loading weights:  30%|###       | 60/200 [00:00<00:00, 1200.91it/s, Materializing 
param=vit.encoder.layer.3.attention.attention.value.weight]
Loading weights:  30%|###       | 61/200 [00:00<00:00, 1220.92it/s, Materializing 
param=vit.encoder.layer.3.attention.output.dense.bias]     
Loading weights:  30%|###       | 61/200 [00:00<00:00, 1220.92it/s, Materializing param=vit.encoder.layer.3.attention.output.dense.bias]
Loading weights:  31%|###1      | 62/200 [00:00<00:00, 1240.94it/s, Materializing 
param=vit.encoder.layer.3.attention.output.dense.weight]
Loading weights:  31%|###1      | 62/200 [00:00<00:00, 1240.94it/s, Materializing 
param=vit.encoder.layer.3.attention.output.dense.weight]
Loading weights:  32%|###1      | 63/200 [00:00<00:00, 1236.09it/s, Materializing param=vit.encoder.layer.3.intermediate.dense.bias]    
  
Loading weights:  32%|###1      | 63/200 [00:00<00:00, 1236.09it/s, Materializing param=vit.encoder.layer.3.intermediate.dense.bias]
Loading weights:  32%|###2      | 64/200 [00:00<00:00, 1255.72it/s, Materializing param=vit.encoder.layer.3.intermediate.dense.weight]
Loading weights:  32%|###2      | 64/200 [00:00<00:00, 1231.57it/s, Materializing param=vit.encoder.layer.3.intermediate.dense.weight]
Loading weights:  32%|###2      | 65/200 [00:00<00:00, 1227.24it/s, Materializing param=vit.encoder.layer.3.layernorm_after.bias]     
Loading weights:  32%|###2      | 65/200 [00:00<00:00, 1227.24it/s, Materializing param=vit.encoder.layer.3.layernorm_after.bias]
Loading weights:  33%|###3      | 66/200 [00:00<00:00, 1246.12it/s, Materializing param=vit.encoder.layer.3.layernorm_after.weight]
Loading weights:  33%|###3      | 66/200 [00:00<00:00, 1246.12it/s, Materializing param=vit.encoder.layer.3.layernorm_after.weight]
Loading weights:  34%|###3      | 67/200 [00:00<00:00, 1241.57it/s, Materializing param=vit.encoder.layer.3.layernorm_before.bias] 
Loading weights:  34%|###3      | 67/200 [00:00<00:00, 1241.57it/s, Materializing param=vit.encoder.layer.3.layernorm_before.bias]
Loading weights:  34%|###4      | 68/200 [00:00<00:00, 1260.10it/s, Materializing param=vit.encoder.layer.3.layernorm_before.weight]
Loading weights:  34%|###4      | 68/200 [00:00<00:00, 1228.81it/s, Materializing param=vit.encoder.layer.3.layernorm_before.weight]
Loading weights:  34%|###4      | 69/200 [00:00<00:00, 1238.42it/s, Materializing param=vit.encoder.layer.3.output.dense.bias]      
Loading weights:  34%|###4      | 69/200 [00:00<00:00, 1216.27it/s, Materializing param=vit.encoder.layer.3.output.dense.bias]
Loading weights:  35%|###5      | 70/200 [00:00<00:00, 1233.90it/s, Materializing param=vit.encoder.layer.3.output.dense.weight]
Loading weights:  35%|###5      | 70/200 [00:00<00:00, 1233.90it/s, Materializing param=vit.encoder.layer.3.output.dense.weight]
Loading weights:  36%|###5      | 71/200 [00:00<00:00, 1229.87it/s, Materializing 
param=vit.encoder.layer.4.attention.attention.key.bias]
Loading weights:  36%|###5      | 71/200 [00:00<00:00, 1229.87it/s, Materializing 
param=vit.encoder.layer.4.attention.attention.key.bias]
Loading weights:  36%|###6      | 72/200 [00:00<00:00, 1247.20it/s, Materializing 
param=vit.encoder.layer.4.attention.attention.key.weight]
Loading weights:  36%|###6      | 72/200 [00:00<00:00, 1226.03it/s, Materializing 
param=vit.encoder.layer.4.attention.attention.key.weight]
Loading weights:  36%|###6      | 73/200 [00:00<00:00, 1243.06it/s, Materializing 
param=vit.encoder.layer.4.attention.attention.query.bias]
Loading weights:  36%|###6      | 73/200 [00:00<00:00, 1243.06it/s, Materializing 
param=vit.encoder.layer.4.attention.attention.query.bias]
Loading weights:  37%|###7      | 74/200 [00:00<00:00, 1260.09it/s, Materializing 
param=vit.encoder.layer.4.attention.attention.query.weight]
Loading weights:  37%|###7      | 74/200 [00:00<00:00, 1260.09it/s, Materializing 
param=vit.encoder.layer.4.attention.attention.query.weight]
Loading weights:  38%|###7      | 75/200 [00:00<00:00, 1255.73it/s, Materializing 
param=vit.encoder.layer.4.attention.attention.value.bias]  
Loading weights:  38%|###7      | 75/200 [00:00<00:00, 1255.73it/s, Materializing 
param=vit.encoder.layer.4.attention.attention.value.bias]
Loading weights:  38%|###8      | 76/200 [00:00<00:00, 1272.48it/s, Materializing 
param=vit.encoder.layer.4.attention.attention.value.weight]
Loading weights:  38%|###8      | 76/200 [00:00<00:00, 1251.51it/s, Materializing 
param=vit.encoder.layer.4.attention.attention.value.weight]
Loading weights:  38%|###8      | 77/200 [00:00<00:00, 1267.98it/s, Materializing 
param=vit.encoder.layer.4.attention.output.dense.bias]     
Loading weights:  38%|###8      | 77/200 [00:00<00:00, 1267.98it/s, Materializing param=vit.encoder.layer.4.attention.output.dense.bias]
Loading weights:  39%|###9      | 78/200 [00:00<00:00, 1284.44it/s, Materializing 
param=vit.encoder.layer.4.attention.output.dense.weight]
Loading weights:  39%|###9      | 78/200 [00:00<00:00, 1284.44it/s, Materializing 
param=vit.encoder.layer.4.attention.output.dense.weight]
Loading weights:  40%|###9      | 79/200 [00:00<00:00, 1279.85it/s, Materializing param=vit.encoder.layer.4.intermediate.dense.bias]    
  
Loading weights:  40%|###9      | 79/200 [00:00<00:00, 1279.85it/s, Materializing param=vit.encoder.layer.4.intermediate.dense.bias]
Loading weights:  40%|####      | 80/200 [00:00<00:00, 1296.05it/s, Materializing param=vit.encoder.layer.4.intermediate.dense.weight]
Loading weights:  40%|####      | 80/200 [00:00<00:00, 1296.05it/s, Materializing param=vit.encoder.layer.4.intermediate.dense.weight]
Loading weights:  40%|####      | 81/200 [00:00<00:00, 1291.27it/s, Materializing param=vit.encoder.layer.4.layernorm_after.bias]     
Loading weights:  40%|####      | 81/200 [00:00<00:00, 1291.27it/s, Materializing param=vit.encoder.layer.4.layernorm_after.bias]
Loading weights:  41%|####1     | 82/200 [00:00<00:00, 1286.53it/s, Materializing param=vit.encoder.layer.4.layernorm_after.weight]
Loading weights:  41%|####1     | 82/200 [00:00<00:00, 1286.53it/s, Materializing param=vit.encoder.layer.4.layernorm_after.weight]
Loading weights:  42%|####1     | 83/200 [00:00<00:00, 1302.22it/s, Materializing param=vit.encoder.layer.4.layernorm_before.bias] 
Loading weights:  42%|####1     | 83/200 [00:00<00:00, 1302.22it/s, Materializing param=vit.encoder.layer.4.layernorm_before.bias]
Loading weights:  42%|####2     | 84/200 [00:00<00:00, 1317.91it/s, Materializing param=vit.encoder.layer.4.layernorm_before.weight]
Loading weights:  42%|####2     | 84/200 [00:00<00:00, 1297.80it/s, Materializing param=vit.encoder.layer.4.layernorm_before.weight]
Loading weights:  42%|####2     | 85/200 [00:00<00:00, 1293.25it/s, Materializing param=vit.encoder.layer.4.output.dense.bias]      
Loading weights:  42%|####2     | 85/200 [00:00<00:00, 1293.25it/s, Materializing param=vit.encoder.layer.4.output.dense.bias]
Loading weights:  43%|####3     | 86/200 [00:00<00:00, 1308.46it/s, Materializing param=vit.encoder.layer.4.output.dense.weight]
Loading weights:  43%|####3     | 86/200 [00:00<00:00, 1308.46it/s, Materializing param=vit.encoder.layer.4.output.dense.weight]
Loading weights:  44%|####3     | 87/200 [00:00<00:00, 1303.80it/s, Materializing 
param=vit.encoder.layer.5.attention.attention.key.bias]
Loading weights:  44%|####3     | 87/200 [00:00<00:00, 1303.80it/s, Materializing 
param=vit.encoder.layer.5.attention.attention.key.bias]
Loading weights:  44%|####4     | 88/200 [00:00<00:00, 1299.38it/s, Materializing 
param=vit.encoder.layer.5.attention.attention.key.weight]
Loading weights:  44%|####4     | 88/200 [00:00<00:00, 1299.38it/s, Materializing 
param=vit.encoder.layer.5.attention.attention.key.weight]
Loading weights:  44%|####4     | 89/200 [00:00<00:00, 1314.14it/s, Materializing 
param=vit.encoder.layer.5.attention.attention.query.bias]
Loading weights:  44%|####4     | 89/200 [00:00<00:00, 1314.14it/s, Materializing 
param=vit.encoder.layer.5.attention.attention.query.bias]
Loading weights:  45%|####5     | 90/200 [00:00<00:00, 1309.41it/s, Materializing 
param=vit.encoder.layer.5.attention.attention.query.weight]
Loading weights:  45%|####5     | 90/200 [00:00<00:00, 1309.41it/s, Materializing 
param=vit.encoder.layer.5.attention.attention.query.weight]
Loading weights:  46%|####5     | 91/200 [00:00<00:00, 1323.96it/s, Materializing 
param=vit.encoder.layer.5.attention.attention.value.bias]  
Loading weights:  46%|####5     | 91/200 [00:00<00:00, 1323.96it/s, Materializing 
param=vit.encoder.layer.5.attention.attention.value.bias]
Loading weights:  46%|####6     | 92/200 [00:00<00:00, 1338.51it/s, Materializing 
param=vit.encoder.layer.5.attention.attention.value.weight]
Loading weights:  46%|####6     | 92/200 [00:00<00:00, 1297.51it/s, Materializing 
param=vit.encoder.layer.5.attention.attention.value.weight]
Loading weights:  46%|####6     | 93/200 [00:00<00:00, 1311.61it/s, Materializing 
param=vit.encoder.layer.5.attention.output.dense.bias]     
Loading weights:  46%|####6     | 93/200 [00:00<00:00, 1311.61it/s, Materializing param=vit.encoder.layer.5.attention.output.dense.bias]
Loading weights:  47%|####6     | 94/200 [00:00<00:00, 1325.71it/s, Materializing 
param=vit.encoder.layer.5.attention.output.dense.weight]
Loading weights:  47%|####6     | 94/200 [00:00<00:00, 1325.71it/s, Materializing 
param=vit.encoder.layer.5.attention.output.dense.weight]
Loading weights:  48%|####7     | 95/200 [00:00<00:00, 1339.82it/s, Materializing param=vit.encoder.layer.5.intermediate.dense.bias]    
  
Loading weights:  48%|####7     | 95/200 [00:00<00:00, 1339.82it/s, Materializing param=vit.encoder.layer.5.intermediate.dense.bias]
Loading weights:  48%|####8     | 96/200 [00:00<00:00, 1353.92it/s, Materializing param=vit.encoder.layer.5.intermediate.dense.weight]
Loading weights:  48%|####8     | 96/200 [00:00<00:00, 1353.92it/s, Materializing param=vit.encoder.layer.5.intermediate.dense.weight]
Loading weights:  48%|####8     | 97/200 [00:00<00:00, 1368.02it/s, Materializing param=vit.encoder.layer.5.layernorm_after.bias]     
Loading weights:  48%|####8     | 97/200 [00:00<00:00, 1368.02it/s, Materializing param=vit.encoder.layer.5.layernorm_after.bias]
Loading weights:  49%|####9     | 98/200 [00:00<00:00, 1382.13it/s, Materializing param=vit.encoder.layer.5.layernorm_after.weight]
Loading weights:  49%|####9     | 98/200 [00:00<00:00, 1382.13it/s, Materializing param=vit.encoder.layer.5.layernorm_after.weight]
Loading weights:  50%|####9     | 99/200 [00:00<00:00, 1396.23it/s, Materializing param=vit.encoder.layer.5.layernorm_before.bias] 
Loading weights:  50%|####9     | 99/200 [00:00<00:00, 1396.23it/s, Materializing param=vit.encoder.layer.5.layernorm_before.bias]
Loading weights:  50%|#####     | 100/200 [00:00<00:00, 1410.33it/s, Materializing param=vit.encoder.layer.5.layernorm_before.weight]
Loading weights:  50%|#####     | 100/200 [00:00<00:00, 1410.33it/s, Materializing param=vit.encoder.layer.5.layernorm_before.weight]
Loading weights:  50%|#####     | 101/200 [00:00<00:00, 1424.44it/s, Materializing param=vit.encoder.layer.5.output.dense.bias]      
Loading weights:  50%|#####     | 101/200 [00:00<00:00, 1424.44it/s, Materializing param=vit.encoder.layer.5.output.dense.bias]
Loading weights:  51%|#####1    | 102/200 [00:00<00:00, 1438.54it/s, Materializing param=vit.encoder.layer.5.output.dense.weight]
Loading weights:  51%|#####1    | 102/200 [00:00<00:00, 1438.54it/s, Materializing param=vit.encoder.layer.5.output.dense.weight]
Loading weights:  52%|#####1    | 103/200 [00:00<00:00, 1452.64it/s, Materializing 
param=vit.encoder.layer.6.attention.attention.key.bias]
Loading weights:  52%|#####1    | 103/200 [00:00<00:00, 1452.64it/s, Materializing 
param=vit.encoder.layer.6.attention.attention.key.bias]
Loading weights:  52%|#####2    | 104/200 [00:00<00:00, 1466.75it/s, Materializing 
param=vit.encoder.layer.6.attention.attention.key.weight]
Loading weights:  52%|#####2    | 104/200 [00:00<00:00, 1466.75it/s, Materializing 
param=vit.encoder.layer.6.attention.attention.key.weight]
Loading weights:  52%|#####2    | 105/200 [00:00<00:00, 1480.85it/s, Materializing 
param=vit.encoder.layer.6.attention.attention.query.bias]
Loading weights:  52%|#####2    | 105/200 [00:00<00:00, 1480.85it/s, Materializing 
param=vit.encoder.layer.6.attention.attention.query.bias]
Loading weights:  53%|#####3    | 106/200 [00:00<00:00, 1494.95it/s, Materializing 
param=vit.encoder.layer.6.attention.attention.query.weight]
Loading weights:  53%|#####3    | 106/200 [00:00<00:00, 1494.95it/s, Materializing 
param=vit.encoder.layer.6.attention.attention.query.weight]
Loading weights:  54%|#####3    | 107/200 [00:00<00:00, 1509.06it/s, Materializing 
param=vit.encoder.layer.6.attention.attention.value.bias]  
Loading weights:  54%|#####3    | 107/200 [00:00<00:00, 1509.06it/s, Materializing 
param=vit.encoder.layer.6.attention.attention.value.bias]
Loading weights:  54%|#####4    | 108/200 [00:00<00:00, 1523.16it/s, Materializing 
param=vit.encoder.layer.6.attention.attention.value.weight]
Loading weights:  54%|#####4    | 108/200 [00:00<00:00, 1523.16it/s, Materializing 
param=vit.encoder.layer.6.attention.attention.value.weight]
Loading weights:  55%|#####4    | 109/200 [00:00<00:00, 1537.26it/s, Materializing 
param=vit.encoder.layer.6.attention.output.dense.bias]     
Loading weights:  55%|#####4    | 109/200 [00:00<00:00, 1537.26it/s, Materializing 
param=vit.encoder.layer.6.attention.output.dense.bias]
Loading weights:  55%|#####5    | 110/200 [00:00<00:00, 1326.61it/s, Materializing 
param=vit.encoder.layer.6.attention.output.dense.weight]
Loading weights:  55%|#####5    | 110/200 [00:00<00:00, 1326.61it/s, Materializing 
param=vit.encoder.layer.6.attention.output.dense.weight]
Loading weights:  56%|#####5    | 111/200 [00:00<00:00, 1338.67it/s, Materializing param=vit.encoder.layer.6.intermediate.dense.bias]   
   
Loading weights:  56%|#####5    | 111/200 [00:00<00:00, 1338.67it/s, Materializing param=vit.encoder.layer.6.intermediate.dense.bias]
Loading weights:  56%|#####6    | 112/200 [00:00<00:00, 1350.73it/s, Materializing param=vit.encoder.layer.6.intermediate.dense.weight]
Loading weights:  56%|#####6    | 112/200 [00:00<00:00, 1350.73it/s, Materializing param=vit.encoder.layer.6.intermediate.dense.weight]
Loading weights:  56%|#####6    | 113/200 [00:00<00:00, 1362.79it/s, Materializing param=vit.encoder.layer.6.layernorm_after.bias]     
Loading weights:  56%|#####6    | 113/200 [00:00<00:00, 1362.79it/s, Materializing param=vit.encoder.layer.6.layernorm_after.bias]
Loading weights:  57%|#####6    | 114/200 [00:00<00:00, 1374.85it/s, Materializing param=vit.encoder.layer.6.layernorm_after.weight]
Loading weights:  57%|#####6    | 114/200 [00:00<00:00, 1374.85it/s, Materializing param=vit.encoder.layer.6.layernorm_after.weight]
Loading weights:  57%|#####7    | 115/200 [00:00<00:00, 1386.91it/s, Materializing param=vit.encoder.layer.6.layernorm_before.bias] 
Loading weights:  57%|#####7    | 115/200 [00:00<00:00, 1386.91it/s, Materializing param=vit.encoder.layer.6.layernorm_before.bias]
Loading weights:  58%|#####8    | 116/200 [00:00<00:00, 1398.97it/s, Materializing param=vit.encoder.layer.6.layernorm_before.weight]
Loading weights:  58%|#####8    | 116/200 [00:00<00:00, 1398.97it/s, Materializing param=vit.encoder.layer.6.layernorm_before.weight]
Loading weights:  58%|#####8    | 117/200 [00:00<00:00, 1353.71it/s, Materializing param=vit.encoder.layer.6.output.dense.bias]      
Loading weights:  58%|#####8    | 117/200 [00:00<00:00, 1353.71it/s, Materializing param=vit.encoder.layer.6.output.dense.bias]
Loading weights:  59%|#####8    | 118/200 [00:00<00:00, 1365.28it/s, Materializing param=vit.encoder.layer.6.output.dense.weight]
Loading weights:  59%|#####8    | 118/200 [00:00<00:00, 1365.28it/s, Materializing param=vit.encoder.layer.6.output.dense.weight]
Loading weights:  60%|#####9    | 119/200 [00:00<00:00, 1352.55it/s, Materializing 
param=vit.encoder.layer.7.attention.attention.key.bias]
Loading weights:  60%|#####9    | 119/200 [00:00<00:00, 1337.09it/s, Materializing 
param=vit.encoder.layer.7.attention.attention.key.bias]
Loading weights:  60%|######    | 120/200 [00:00<00:00, 1333.54it/s, Materializing 
param=vit.encoder.layer.7.attention.attention.key.weight]
Loading weights:  60%|######    | 120/200 [00:00<00:00, 1333.54it/s, Materializing 
param=vit.encoder.layer.7.attention.attention.key.weight]
Loading weights:  60%|######    | 121/200 [00:00<00:00, 1329.84it/s, Materializing 
param=vit.encoder.layer.7.attention.attention.query.bias]
Loading weights:  60%|######    | 121/200 [00:00<00:00, 1329.84it/s, Materializing 
param=vit.encoder.layer.7.attention.attention.query.bias]
Loading weights:  61%|######1   | 122/200 [00:00<00:00, 1340.83it/s, Materializing 
param=vit.encoder.layer.7.attention.attention.query.weight]
Loading weights:  61%|######1   | 122/200 [00:00<00:00, 1340.83it/s, Materializing 
param=vit.encoder.layer.7.attention.attention.query.weight]
Loading weights:  62%|######1   | 123/200 [00:00<00:00, 1337.17it/s, Materializing 
param=vit.encoder.layer.7.attention.attention.value.bias]  
Loading weights:  62%|######1   | 123/200 [00:00<00:00, 1337.17it/s, Materializing 
param=vit.encoder.layer.7.attention.attention.value.bias]
Loading weights:  62%|######2   | 124/200 [00:00<00:00, 1333.55it/s, Materializing 
param=vit.encoder.layer.7.attention.attention.value.weight]
Loading weights:  62%|######2   | 124/200 [00:00<00:00, 1333.55it/s, Materializing 
param=vit.encoder.layer.7.attention.attention.value.weight]
Loading weights:  62%|######2   | 125/200 [00:00<00:00, 1330.00it/s, Materializing 
param=vit.encoder.layer.7.attention.output.dense.bias]     
Loading weights:  62%|######2   | 125/200 [00:00<00:00, 1330.00it/s, Materializing 
param=vit.encoder.layer.7.attention.output.dense.bias]
Loading weights:  63%|######3   | 126/200 [00:00<00:00, 1340.64it/s, Materializing 
param=vit.encoder.layer.7.attention.output.dense.weight]
Loading weights:  63%|######3   | 126/200 [00:00<00:00, 1326.53it/s, Materializing 
param=vit.encoder.layer.7.attention.output.dense.weight]
Loading weights:  64%|######3   | 127/200 [00:00<00:00, 1337.06it/s, Materializing param=vit.encoder.layer.7.intermediate.dense.bias]   
   
Loading weights:  64%|######3   | 127/200 [00:00<00:00, 1337.06it/s, Materializing param=vit.encoder.layer.7.intermediate.dense.bias]
Loading weights:  64%|######4   | 128/200 [00:00<00:00, 1347.58it/s, Materializing param=vit.encoder.layer.7.intermediate.dense.weight]
Loading weights:  64%|######4   | 128/200 [00:00<00:00, 1347.58it/s, Materializing param=vit.encoder.layer.7.intermediate.dense.weight]
Loading weights:  64%|######4   | 129/200 [00:00<00:00, 1358.11it/s, Materializing param=vit.encoder.layer.7.layernorm_after.bias]     
Loading weights:  64%|######4   | 129/200 [00:00<00:00, 1343.96it/s, Materializing param=vit.encoder.layer.7.layernorm_after.bias]
Loading weights:  65%|######5   | 130/200 [00:00<00:00, 1354.38it/s, Materializing param=vit.encoder.layer.7.layernorm_after.weight]
Loading weights:  65%|######5   | 130/200 [00:00<00:00, 1354.38it/s, Materializing param=vit.encoder.layer.7.layernorm_after.weight]
Loading weights:  66%|######5   | 131/200 [00:00<00:00, 1350.74it/s, Materializing param=vit.encoder.layer.7.layernorm_before.bias] 
Loading weights:  66%|######5   | 131/200 [00:00<00:00, 1350.74it/s, Materializing param=vit.encoder.layer.7.layernorm_before.bias]
Loading weights:  66%|######6   | 132/200 [00:00<00:00, 1347.13it/s, Materializing param=vit.encoder.layer.7.layernorm_before.weight]
Loading weights:  66%|######6   | 132/200 [00:00<00:00, 1347.13it/s, Materializing param=vit.encoder.layer.7.layernorm_before.weight]
Loading weights:  66%|######6   | 133/200 [00:00<00:00, 1357.34it/s, Materializing param=vit.encoder.layer.7.output.dense.bias]      
Loading weights:  66%|######6   | 133/200 [00:00<00:00, 1357.34it/s, Materializing param=vit.encoder.layer.7.output.dense.bias]
Loading weights:  67%|######7   | 134/200 [00:00<00:00, 1367.55it/s, Materializing param=vit.encoder.layer.7.output.dense.weight]
Loading weights:  67%|######7   | 134/200 [00:00<00:00, 1367.55it/s, Materializing param=vit.encoder.layer.7.output.dense.weight]
Loading weights:  68%|######7   | 135/200 [00:00<00:00, 1363.81it/s, Materializing 
param=vit.encoder.layer.8.attention.attention.key.bias]
Loading weights:  68%|######7   | 135/200 [00:00<00:00, 1363.81it/s, Materializing 
param=vit.encoder.layer.8.attention.attention.key.bias]
Loading weights:  68%|######8   | 136/200 [00:00<00:00, 1373.91it/s, Materializing 
param=vit.encoder.layer.8.attention.attention.key.weight]
Loading weights:  68%|######8   | 136/200 [00:00<00:00, 1373.91it/s, Materializing 
param=vit.encoder.layer.8.attention.attention.key.weight]
Loading weights:  68%|######8   | 137/200 [00:00<00:00, 1356.65it/s, Materializing 
param=vit.encoder.layer.8.attention.attention.key.weight]
Loading weights:  68%|######8   | 137/200 [00:00<00:00, 1356.65it/s, Materializing 
param=vit.encoder.layer.8.attention.attention.query.bias]
Loading weights:  68%|######8   | 137/200 [00:00<00:00, 1356.65it/s, Materializing 
param=vit.encoder.layer.8.attention.attention.query.bias]
Loading weights:  69%|######9   | 138/200 [00:00<00:00, 1356.65it/s, Materializing 
param=vit.encoder.layer.8.attention.attention.query.weight]
Loading weights:  69%|######9   | 138/200 [00:00<00:00, 1356.65it/s, Materializing 
param=vit.encoder.layer.8.attention.attention.query.weight]
Loading weights:  70%|######9   | 139/200 [00:00<00:00, 1356.65it/s, Materializing 
param=vit.encoder.layer.8.attention.attention.value.bias]  
Loading weights:  70%|######9   | 139/200 [00:00<00:00, 1356.65it/s, Materializing 
param=vit.encoder.layer.8.attention.attention.value.bias]
Loading weights:  70%|#######   | 140/200 [00:00<00:00, 1356.65it/s, Materializing 
param=vit.encoder.layer.8.attention.attention.value.weight]
Loading weights:  70%|#######   | 140/200 [00:00<00:00, 1356.65it/s, Materializing 
param=vit.encoder.layer.8.attention.attention.value.weight]
Loading weights:  70%|#######   | 141/200 [00:00<00:00, 1356.65it/s, Materializing 
param=vit.encoder.layer.8.attention.output.dense.bias]     
Loading weights:  70%|#######   | 141/200 [00:00<00:00, 1356.65it/s, Materializing 
param=vit.encoder.layer.8.attention.output.dense.bias]
Loading weights:  71%|#######1  | 142/200 [00:00<00:00, 1356.65it/s, Materializing 
param=vit.encoder.layer.8.attention.output.dense.weight]
Loading weights:  71%|#######1  | 142/200 [00:00<00:00, 1356.65it/s, Materializing 
param=vit.encoder.layer.8.attention.output.dense.weight]
Loading weights:  72%|#######1  | 143/200 [00:00<00:00, 1356.65it/s, Materializing param=vit.encoder.layer.8.intermediate.dense.bias]   
   
Loading weights:  72%|#######1  | 143/200 [00:00<00:00, 1356.65it/s, Materializing param=vit.encoder.layer.8.intermediate.dense.bias]
Loading weights:  72%|#######2  | 144/200 [00:00<00:00, 1356.65it/s, Materializing param=vit.encoder.layer.8.intermediate.dense.weight]
Loading weights:  72%|#######2  | 144/200 [00:00<00:00, 1356.65it/s, Materializing param=vit.encoder.layer.8.intermediate.dense.weight]
Loading weights:  72%|#######2  | 145/200 [00:00<00:00, 1356.65it/s, Materializing param=vit.encoder.layer.8.layernorm_after.bias]     
Loading weights:  72%|#######2  | 145/200 [00:00<00:00, 1356.65it/s, Materializing param=vit.encoder.layer.8.layernorm_after.bias]
Loading weights:  73%|#######3  | 146/200 [00:00<00:00, 1356.65it/s, Materializing param=vit.encoder.layer.8.layernorm_after.weight]
Loading weights:  73%|#######3  | 146/200 [00:00<00:00, 1356.65it/s, Materializing param=vit.encoder.layer.8.layernorm_after.weight]
Loading weights:  74%|#######3  | 147/200 [00:00<00:00, 1356.65it/s, Materializing param=vit.encoder.layer.8.layernorm_before.bias] 
Loading weights:  74%|#######3  | 147/200 [00:00<00:00, 1356.65it/s, Materializing param=vit.encoder.layer.8.layernorm_before.bias]
Loading weights:  74%|#######4  | 148/200 [00:00<00:00, 1356.65it/s, Materializing param=vit.encoder.layer.8.layernorm_before.weight]
Loading weights:  74%|#######4  | 148/200 [00:00<00:00, 1356.65it/s, Materializing param=vit.encoder.layer.8.layernorm_before.weight]
Loading weights:  74%|#######4  | 149/200 [00:00<00:00, 1356.65it/s, Materializing param=vit.encoder.layer.8.output.dense.bias]      
Loading weights:  74%|#######4  | 149/200 [00:00<00:00, 1356.65it/s, Materializing param=vit.encoder.layer.8.output.dense.bias]
Loading weights:  75%|#######5  | 150/200 [00:00<00:00, 1356.65it/s, Materializing param=vit.encoder.layer.8.output.dense.weight]
Loading weights:  75%|#######5  | 150/200 [00:00<00:00, 1356.65it/s, Materializing param=vit.encoder.layer.8.output.dense.weight]
Loading weights:  76%|#######5  | 151/200 [00:00<00:00, 1356.65it/s, Materializing 
param=vit.encoder.layer.9.attention.attention.key.bias]
Loading weights:  76%|#######5  | 151/200 [00:00<00:00, 1356.65it/s, Materializing 
param=vit.encoder.layer.9.attention.attention.key.bias]
Loading weights:  76%|#######6  | 152/200 [00:00<00:00, 1356.65it/s, Materializing 
param=vit.encoder.layer.9.attention.attention.key.weight]
Loading weights:  76%|#######6  | 152/200 [00:00<00:00, 1356.65it/s, Materializing 
param=vit.encoder.layer.9.attention.attention.key.weight]
Loading weights:  76%|#######6  | 153/200 [00:00<00:00, 1356.65it/s, Materializing 
param=vit.encoder.layer.9.attention.attention.query.bias]
Loading weights:  76%|#######6  | 153/200 [00:00<00:00, 1356.65it/s, Materializing 
param=vit.encoder.layer.9.attention.attention.query.bias]
Loading weights:  77%|#######7  | 154/200 [00:00<00:00, 1356.65it/s, Materializing 
param=vit.encoder.layer.9.attention.attention.query.weight]
Loading weights:  77%|#######7  | 154/200 [00:00<00:00, 1356.65it/s, Materializing 
param=vit.encoder.layer.9.attention.attention.query.weight]
Loading weights:  78%|#######7  | 155/200 [00:00<00:00, 1356.65it/s, Materializing 
param=vit.encoder.layer.9.attention.attention.value.bias]  
Loading weights:  78%|#######7  | 155/200 [00:00<00:00, 1356.65it/s, Materializing 
param=vit.encoder.layer.9.attention.attention.value.bias]
Loading weights:  78%|#######8  | 156/200 [00:00<00:00, 1356.65it/s, Materializing 
param=vit.encoder.layer.9.attention.attention.value.weight]
Loading weights:  78%|#######8  | 156/200 [00:00<00:00, 1356.65it/s, Materializing 
param=vit.encoder.layer.9.attention.attention.value.weight]
Loading weights:  78%|#######8  | 157/200 [00:00<00:00, 1356.65it/s, Materializing 
param=vit.encoder.layer.9.attention.output.dense.bias]     
Loading weights:  78%|#######8  | 157/200 [00:00<00:00, 1356.65it/s, Materializing 
param=vit.encoder.layer.9.attention.output.dense.bias]
Loading weights:  79%|#######9  | 158/200 [00:00<00:00, 1356.65it/s, Materializing 
param=vit.encoder.layer.9.attention.output.dense.weight]
Loading weights:  79%|#######9  | 158/200 [00:00<00:00, 1356.65it/s, Materializing 
param=vit.encoder.layer.9.attention.output.dense.weight]
Loading weights:  80%|#######9  | 159/200 [00:00<00:00, 1356.65it/s, Materializing param=vit.encoder.layer.9.intermediate.dense.bias]   
   
Loading weights:  80%|#######9  | 159/200 [00:00<00:00, 1356.65it/s, Materializing param=vit.encoder.layer.9.intermediate.dense.bias]
Loading weights:  80%|########  | 160/200 [00:00<00:00, 1356.65it/s, Materializing param=vit.encoder.layer.9.intermediate.dense.weight]
Loading weights:  80%|########  | 160/200 [00:00<00:00, 1356.65it/s, Materializing param=vit.encoder.layer.9.intermediate.dense.weight]
Loading weights:  80%|########  | 161/200 [00:00<00:00, 1356.65it/s, Materializing param=vit.encoder.layer.9.layernorm_after.bias]     
Loading weights:  80%|########  | 161/200 [00:00<00:00, 1356.65it/s, Materializing param=vit.encoder.layer.9.layernorm_after.bias]
Loading weights:  81%|########1 | 162/200 [00:00<00:00, 1356.65it/s, Materializing param=vit.encoder.layer.9.layernorm_after.weight]
Loading weights:  81%|########1 | 162/200 [00:00<00:00, 1356.65it/s, Materializing param=vit.encoder.layer.9.layernorm_after.weight]
Loading weights:  82%|########1 | 163/200 [00:00<00:00, 1356.65it/s, Materializing param=vit.encoder.layer.9.layernorm_before.bias] 
Loading weights:  82%|########1 | 163/200 [00:00<00:00, 1356.65it/s, Materializing param=vit.encoder.layer.9.layernorm_before.bias]
Loading weights:  82%|########2 | 164/200 [00:00<00:00, 1356.65it/s, Materializing param=vit.encoder.layer.9.layernorm_before.weight]
Loading weights:  82%|########2 | 164/200 [00:00<00:00, 1356.65it/s, Materializing param=vit.encoder.layer.9.layernorm_before.weight]
Loading weights:  82%|########2 | 165/200 [00:00<00:00, 1356.65it/s, Materializing param=vit.encoder.layer.9.output.dense.bias]      
Loading weights:  82%|########2 | 165/200 [00:00<00:00, 1356.65it/s, Materializing param=vit.encoder.layer.9.output.dense.bias]
Loading weights:  83%|########2 | 166/200 [00:00<00:00, 1356.65it/s, Materializing param=vit.encoder.layer.9.output.dense.weight]
Loading weights:  83%|########2 | 166/200 [00:00<00:00, 1356.65it/s, Materializing param=vit.encoder.layer.9.output.dense.weight]
Loading weights:  84%|########3 | 167/200 [00:00<00:00, 1356.65it/s, Materializing 
param=vit.encoder.layer.10.attention.attention.key.bias]
Loading weights:  84%|########3 | 167/200 [00:00<00:00, 1356.65it/s, Materializing 
param=vit.encoder.layer.10.attention.attention.key.bias]
Loading weights:  84%|########4 | 168/200 [00:00<00:00, 1356.65it/s, Materializing 
param=vit.encoder.layer.10.attention.attention.key.weight]
Loading weights:  84%|########4 | 168/200 [00:00<00:00, 1356.65it/s, Materializing 
param=vit.encoder.layer.10.attention.attention.key.weight]
Loading weights:  84%|########4 | 169/200 [00:00<00:00, 1356.65it/s, Materializing 
param=vit.encoder.layer.10.attention.attention.query.bias]
Loading weights:  84%|########4 | 169/200 [00:00<00:00, 1356.65it/s, Materializing 
param=vit.encoder.layer.10.attention.attention.query.bias]
Loading weights:  85%|########5 | 170/200 [00:00<00:00, 1356.65it/s, Materializing 
param=vit.encoder.layer.10.attention.attention.query.weight]
Loading weights:  85%|########5 | 170/200 [00:00<00:00, 1356.65it/s, Materializing 
param=vit.encoder.layer.10.attention.attention.query.weight]
Loading weights:  86%|########5 | 171/200 [00:00<00:00, 1356.65it/s, Materializing 
param=vit.encoder.layer.10.attention.attention.value.bias]  
Loading weights:  86%|########5 | 171/200 [00:00<00:00, 1356.65it/s, Materializing 
param=vit.encoder.layer.10.attention.attention.value.bias]
Loading weights:  86%|########6 | 172/200 [00:00<00:00, 1356.65it/s, Materializing 
param=vit.encoder.layer.10.attention.attention.value.weight]
Loading weights:  86%|########6 | 172/200 [00:00<00:00, 1356.65it/s, Materializing 
param=vit.encoder.layer.10.attention.attention.value.weight]
Loading weights:  86%|########6 | 173/200 [00:00<00:00, 1356.65it/s, Materializing 
param=vit.encoder.layer.10.attention.output.dense.bias]     
Loading weights:  86%|########6 | 173/200 [00:00<00:00, 1356.65it/s, Materializing 
param=vit.encoder.layer.10.attention.output.dense.bias]
Loading weights:  87%|########7 | 174/200 [00:00<00:00, 1356.65it/s, Materializing 
param=vit.encoder.layer.10.attention.output.dense.weight]
Loading weights:  87%|########7 | 174/200 [00:00<00:00, 1356.65it/s, Materializing 
param=vit.encoder.layer.10.attention.output.dense.weight]
Loading weights:  88%|########7 | 175/200 [00:00<00:00, 1356.65it/s, Materializing param=vit.encoder.layer.10.intermediate.dense.bias]  
    
Loading weights:  88%|########7 | 175/200 [00:00<00:00, 1356.65it/s, Materializing param=vit.encoder.layer.10.intermediate.dense.bias]
Loading weights:  88%|########8 | 176/200 [00:00<00:00, 1356.65it/s, Materializing param=vit.encoder.layer.10.intermediate.dense.weight]
Loading weights:  88%|########8 | 176/200 [00:00<00:00, 1356.65it/s, Materializing param=vit.encoder.layer.10.intermediate.dense.weight]
Loading weights:  88%|########8 | 177/200 [00:00<00:00, 1356.65it/s, Materializing param=vit.encoder.layer.10.layernorm_after.bias]     
Loading weights:  88%|########8 | 177/200 [00:00<00:00, 1356.65it/s, Materializing param=vit.encoder.layer.10.layernorm_after.bias]
Loading weights:  89%|########9 | 178/200 [00:00<00:00, 1356.65it/s, Materializing param=vit.encoder.layer.10.layernorm_after.weight]
Loading weights:  89%|########9 | 178/200 [00:00<00:00, 1356.65it/s, Materializing param=vit.encoder.layer.10.layernorm_after.weight]
Loading weights:  90%|########9 | 179/200 [00:00<00:00, 1356.65it/s, Materializing param=vit.encoder.layer.10.layernorm_before.bias] 
Loading weights:  90%|########9 | 179/200 [00:00<00:00, 1356.65it/s, Materializing param=vit.encoder.layer.10.layernorm_before.bias]
Loading weights:  90%|######### | 180/200 [00:00<00:00, 1356.65it/s, Materializing param=vit.encoder.layer.10.layernorm_before.weight]
Loading weights:  90%|######### | 180/200 [00:00<00:00, 1356.65it/s, Materializing param=vit.encoder.layer.10.layernorm_before.weight]
Loading weights:  90%|######### | 181/200 [00:00<00:00, 1356.65it/s, Materializing param=vit.encoder.layer.10.output.dense.bias]      
Loading weights:  90%|######### | 181/200 [00:00<00:00, 1356.65it/s, Materializing param=vit.encoder.layer.10.output.dense.bias]
Loading weights:  91%|#########1| 182/200 [00:00<00:00, 1356.65it/s, Materializing param=vit.encoder.layer.10.output.dense.weight]
Loading weights:  91%|#########1| 182/200 [00:00<00:00, 1356.65it/s, Materializing param=vit.encoder.layer.10.output.dense.weight]
Loading weights:  92%|#########1| 183/200 [00:00<00:00, 1356.65it/s, Materializing 
param=vit.encoder.layer.11.attention.attention.key.bias]
Loading weights:  92%|#########1| 183/200 [00:00<00:00, 1356.65it/s, Materializing 
param=vit.encoder.layer.11.attention.attention.key.bias]
Loading weights:  92%|#########2| 184/200 [00:00<00:00, 1356.65it/s, Materializing 
param=vit.encoder.layer.11.attention.attention.key.weight]
Loading weights:  92%|#########2| 184/200 [00:00<00:00, 1356.65it/s, Materializing 
param=vit.encoder.layer.11.attention.attention.key.weight]
Loading weights:  92%|#########2| 185/200 [00:00<00:00, 1356.65it/s, Materializing 
param=vit.encoder.layer.11.attention.attention.query.bias]
Loading weights:  92%|#########2| 185/200 [00:00<00:00, 1356.65it/s, Materializing 
param=vit.encoder.layer.11.attention.attention.query.bias]
Loading weights:  93%|#########3| 186/200 [00:00<00:00, 1356.65it/s, Materializing 
param=vit.encoder.layer.11.attention.attention.query.weight]
Loading weights:  93%|#########3| 186/200 [00:00<00:00, 1356.65it/s, Materializing 
param=vit.encoder.layer.11.attention.attention.query.weight]
Loading weights:  94%|#########3| 187/200 [00:00<00:00, 1356.65it/s, Materializing 
param=vit.encoder.layer.11.attention.attention.value.bias]  
Loading weights:  94%|#########3| 187/200 [00:00<00:00, 1356.65it/s, Materializing 
param=vit.encoder.layer.11.attention.attention.value.bias]
Loading weights:  94%|#########3| 188/200 [00:00<00:00, 1356.65it/s, Materializing 
param=vit.encoder.layer.11.attention.attention.value.weight]
Loading weights:  94%|#########3| 188/200 [00:00<00:00, 1356.65it/s, Materializing 
param=vit.encoder.layer.11.attention.attention.value.weight]
Loading weights:  94%|#########4| 189/200 [00:00<00:00, 1356.65it/s, Materializing 
param=vit.encoder.layer.11.attention.output.dense.bias]     
Loading weights:  94%|#########4| 189/200 [00:00<00:00, 1356.65it/s, Materializing 
param=vit.encoder.layer.11.attention.output.dense.bias]
Loading weights:  95%|#########5| 190/200 [00:00<00:00, 1356.65it/s, Materializing 
param=vit.encoder.layer.11.attention.output.dense.weight]
Loading weights:  95%|#########5| 190/200 [00:00<00:00, 1356.65it/s, Materializing 
param=vit.encoder.layer.11.attention.output.dense.weight]
Loading weights:  96%|#########5| 191/200 [00:00<00:00, 1356.65it/s, Materializing param=vit.encoder.layer.11.intermediate.dense.bias]  
    
Loading weights:  96%|#########5| 191/200 [00:00<00:00, 1356.65it/s, Materializing param=vit.encoder.layer.11.intermediate.dense.bias]
Loading weights:  96%|#########6| 192/200 [00:00<00:00, 1356.65it/s, Materializing param=vit.encoder.layer.11.intermediate.dense.weight]
Loading weights:  96%|#########6| 192/200 [00:00<00:00, 1356.65it/s, Materializing param=vit.encoder.layer.11.intermediate.dense.weight]
Loading weights:  96%|#########6| 193/200 [00:00<00:00, 1356.65it/s, Materializing param=vit.encoder.layer.11.layernorm_after.bias]     
Loading weights:  96%|#########6| 193/200 [00:00<00:00, 1356.65it/s, Materializing param=vit.encoder.layer.11.layernorm_after.bias]
Loading weights:  97%|#########7| 194/200 [00:00<00:00, 1356.65it/s, Materializing param=vit.encoder.layer.11.layernorm_after.weight]
Loading weights:  97%|#########7| 194/200 [00:00<00:00, 1356.65it/s, Materializing param=vit.encoder.layer.11.layernorm_after.weight]
Loading weights:  98%|#########7| 195/200 [00:00<00:00, 1356.65it/s, Materializing param=vit.encoder.layer.11.layernorm_before.bias] 
Loading weights:  98%|#########7| 195/200 [00:00<00:00, 1356.65it/s, Materializing param=vit.encoder.layer.11.layernorm_before.bias]
Loading weights:  98%|#########8| 196/200 [00:00<00:00, 1356.65it/s, Materializing param=vit.encoder.layer.11.layernorm_before.weight]
Loading weights:  98%|#########8| 196/200 [00:00<00:00, 1356.65it/s, Materializing param=vit.encoder.layer.11.layernorm_before.weight]
Loading weights:  98%|#########8| 197/200 [00:00<00:00, 1356.65it/s, Materializing param=vit.encoder.layer.11.output.dense.bias]      
Loading weights:  98%|#########8| 197/200 [00:00<00:00, 1356.65it/s, Materializing param=vit.encoder.layer.11.output.dense.bias]
Loading weights:  99%|#########9| 198/200 [00:00<00:00, 1356.65it/s, Materializing param=vit.encoder.layer.11.output.dense.weight]
Loading weights:  99%|#########9| 198/200 [00:00<00:00, 1356.65it/s, Materializing param=vit.encoder.layer.11.output.dense.weight]
Loading weights: 100%|#########9| 199/200 [00:00<00:00, 1356.65it/s, Materializing param=vit.layernorm.bias]                      
Loading weights: 100%|#########9| 199/200 [00:00<00:00, 1356.65it/s, Materializing param=vit.layernorm.bias]
Loading weights: 100%|##########| 200/200 [00:00<00:00, 1356.65it/s, Materializing param=vit.layernorm.weight]
Loading weights: 100%|##########| 200/200 [00:00<00:00, 1356.65it/s, Materializing param=vit.layernorm.weight]
Loading weights: 100%|##########| 200/200 [00:00<00:00, 1653.80it/s, Materializing param=vit.layernorm.weight]
\u26a0\ufe0f  video_classifier is a gated model. Request access at https://huggingface.co/Naman712/Deep-fake-detection
Traceback (most recent call last):
  File "D:\hackethon\backend\test_complete_system.py", line 34, in <module>
    print(f"\u2705 Service initialized")
  File "C:\Users\Abc\AppData\Local\Programs\Python\Python311\Lib\encodings\cp1252.py", line 19, in encode
    return codecs.charmap_encode(input,self.errors,encoding_table)[0]
           ^^^^^^^^^^^^^^^^^^^^^^^^^^^^^^^^^^^^^^^^^^^^^^^^^^^^^^^
UnicodeEncodeError: 'charmap' codec can't encode character '\u2705' in position 0: character maps to <undefined>

During handling of the above exception, another exception occurred:

Traceback (most recent call last):
  File "D:\hackethon\backend\test_complete_system.py", line 38, in <module>
    print(f"\u274c Failed to initialize service: {e}")
  File "C:\Users\Abc\AppData\Local\Programs\Python\Python311\Lib\encodings\cp1252.py", line 19, in encode
    return codecs.charmap_encode(input,self.errors,encoding_table)[0]
           ^^^^^^^^^^^^^^^^^^^^^^^^^^^^^^^^^^^^^^^^^^^^^^^^^^^^^^^
UnicodeEncodeError: 'charmap' codec can't encode character '\u274c' in position 0: character maps to <undefined>
